[Licensing::Module] Trying to connect to existing licensing client channel...
Built from '6000.4/staging' branch; Version is '6000.4.6f1 (0b051c2e5d54) revision 722204'; Using compiler version '194234433'; Build Type 'Release'
[Licensing::IpcConnector] Successfully connected to: "LicenseClient-15490" at "2026-08-02T23:45:56.3911879Z"
OS: 'Windows 11  (10.0.26200) CoreCountrySpecific' Language: 'zh' Physical Memory: 32212 MB
BatchMode: 1, IsHumanControllingUs: 0, StartBugReporterOnCrash: 0, Is64bit: 1
System  architecture: x64
Process architecture: x64
Date: 2026-08-02T23:45:56Z

COMMAND LINE ARGUMENTS:
D:\unity\Editor\Unity.exe
-adb2
-batchMode
-noUpm
-name
AssetImportWorker20
-projectPath
D:/Yin
-logFile
Logs/AssetImportWorker20.log
-srvPort
2613
-licensingIpc
LicenseClient-15490
-force-d3d12
-job-worker-count
11
-background-job-worker-count
8
-gc-helper-count
1
-name
AssetImport
Successfully changed project path to: D:/Yin
D:/Yin
[UnityMemory] Configuration Parameters - Can be set up in boot.config
    "memorysetup-temp-allocator-size-gi-baking-worker=262144"
    "memorysetup-temp-allocator-size-gi-baking-worker=262144"
    "memorysetup-temp-allocator-size-gi-baking-worker=262144"
    "memorysetup-temp-allocator-size-gi-baking-worker=262144"
    "memorysetup-temp-allocator-size-gi-baking-worker=262144"
    "memorysetup-temp-allocator-size-nav-mesh-worker=65536"
    "memorysetup-temp-allocator-size-audio-worker=65536"
    "memorysetup-temp-allocator-size-cloud-worker=32768"
    "memorysetup-temp-allocator-size-gfx=262144"
    "memorysetup-temp-allocator-size-preload-manager=33554432"
    "memorysetup-temp-allocator-size-job-worker=262144"
    "memorysetup-temp-allocator-size-background-worker=32768"
    "memorysetup-allocator-temp-initial-block-size-main=262144"
    "memorysetup-allocator-temp-initial-block-size-worker=262144"
    "memorysetup-bucket-allocator-granularity=16"
    "memorysetup-bucket-allocator-bucket-count=8"
    "memorysetup-bucket-allocator-block-size=33554432"
    "memorysetup-bucket-allocator-block-count=8"
    "memorysetup-main-allocator-block-size=16777216"
    "memorysetup-thread-allocator-block-size=16777216"
    "memorysetup-gfx-main-allocator-block-size=16777216"
    "memorysetup-gfx-thread-allocator-block-size=16777216"
    "memorysetup-cache-allocator-block-size=4194304"
    "memorysetup-typetree-allocator-block-size=2097152"
    "memorysetup-profiler-bucket-allocator-granularity=16"
    "memorysetup-profiler-bucket-allocator-bucket-count=8"
    "memorysetup-profiler-bucket-allocator-block-size=33554432"
    "memorysetup-profiler-bucket-allocator-block-count=8"
    "memorysetup-profiler-allocator-block-size=16777216"
    "memorysetup-profiler-editor-allocator-block-size=1048576"
    "memorysetup-temp-allocator-size-main=16777216"
    "memorysetup-job-temp-allocator-block-size=2097152"
    "memorysetup-job-temp-allocator-block-size-background=1048576"
    "memorysetup-job-temp-allocator-reduction-small-platforms=262144"
Player connection [45184]  Target information:

Player connection [45184]  * "[IP] 192.168.1.112 [Port] 0 [Flags] 2 [Guid] 3614307474 [EditorId] 3614307474 [Version] 1048832 [Id] WindowsEditor(7,9daY) [Debug] 1 [PackageName] WindowsEditor [ProjectName] Editor" 

Player connection [45184] Host joined multi-casting on [225.0.0.222:54997]...
Player connection [45184] Host joined alternative multi-casting on [225.0.0.222:34997]...
JobSystem: Creating JobQueue using job-worker-count value 11
Input System module state changed to: Initialized.
[Physics::Module] Initialized fallback backend.
[Physics::Module] Id: 0xdecafbad
Library Redirect Path: Library/
[Physics::Module] Selected backend.
[Physics::Module] Name: PhysX
[Physics::Module] Id: 0xf2b8ea05
[Physics::Module] SDK Version: 4.1.2
[Physics::Module] Integration Version: 1.0.0
[Physics::Module] Threading Mode: Multi-Threaded
Refreshing native plugins compatible for Editor in 19.18 ms, found 10 plugins.
Initialize engine version: 6000.4.6f1 (0b051c2e5d54)
[Subsystems] Discovering subsystems at path D:/unity/Editor/Data/Resources/UnitySubsystems
[Subsystems] Discovering subsystems at path D:/Yin/Assets
Forcing GfxDevice: Direct3D 12
GfxDevice: creating device client; kGfxThreadingModeNonThreaded
d3d12: failed to query info queue interface (0x80004002).
Direct3D:
    Version:         Direct3D 12 [level 12.2]
    Renderer:        NVIDIA GeForce RTX 5070 Laptop GPU (ID=0x2d58)
    Vendor:          NVIDIA
    VRAM:            7891 MB
    App VRAM Budget: 7123 MB
    Driver:          32.0.15.9608
Initialize mono
Mono path[0] = 'D:/unity/Editor/Data/Managed'
Mono path[1] = 'D:/unity/Editor/Data/MonoBleedingEdge/lib/mono/unityjit-win32'
Mono config path = 'D:/unity/Editor/Data/MonoBleedingEdge/etc'
Using monoOptions --debugger-agent=transport=dt_socket,embedding=1,server=y,suspend=n,address=127.0.0.1:56744
CodeReloadManager initialized
Begin MonoManager ReloadAssembly
Registering precompiled unity dll's ...
Register platform support module: D:/unity/Editor/Data/PlaybackEngines/WindowsStandaloneSupport/UnityEditor.WindowsStandalone.Extensions.dll
Registered in 0.001554 seconds.
Native extension for WindowsStandalone target not found
Package Manager log level set to [2]
[Package Manager] Failed to launch server process. Reason: Unity was launched with the -noUpm command-line argument
[Package Manager] Unable to send message (not connected to server process).
[Package Manager] Cannot connect to Unity Package Manager local server
ScheduleIndexationOnStartup MainProcess:False IndexOnStartup:True
Mono: successfully reloaded assembly
- Finished resetting the current domain, in  0.448 seconds
Domain Reload Profiling: 1007ms
	BeginReloadAssembly (179ms)
	RebuildCommonClasses (41ms)
	RebuildNativeTypeToScriptingClass (12ms)
	initialDomainReloadingComplete (78ms)
	LoadAllAssembliesAndSetupDomain (246ms)
		LoadAssemblies (179ms)
		AnalyzeDomain (237ms)
			TypeCache.Refresh (236ms)
				TypeCache.ScanAssembly (219ms)
	FinalizeReload (450ms)
		SetupLoadedEditorAssemblies (0ms)
			InitializePlatformSupportModulesInManaged (45ms)
			BeforeProcessingInitializeOnLoad (92ms)
			ProcessInitializeOnLoadAttributes (122ms)
			ProcessInitializeOnLoadMethodAttributes (95ms)
[Licensing::Client] Error: HandshakeResponse reported an error:
	ResponseCode: 505
	ResponseStatus: Unsupported protocol version '1.18.1'.
[Licensing::Module] Error: Failed to handshake to channel: "LicenseClient-15490"
[Licensing::IpcConnector] LicenseClient-15490 channel disconnected successfully.
[Licensing::IpcConnector] Successfully connected to: "LicenseClient-15490-6000.4.6" at "2026-08-02T23:45:58.472575Z"
[Licensing::Client] Code 10 while verifying Licensing Client signature (process Id: 36380, path: "D:/unity/Editor/Data/Resources/Licensing/Client/Unity.Licensing.Client.exe")
[Licensing::Module] LicensingClient has failed validation; ignoring
[Licensing::Client] Handshaking with LicensingClient:
  Version:                 1.18.1+9fbee8e
  Session Id:              7336f8f8b30f4a10b74f6df53cd23857
  Correlation Id:          8f132c48ba833a145d04de9bbedf03ed
  External correlation Id: 7418932815941393690
  Machine Id:              DJWBFtPZt+einrVuex0hynKXsRc=
[Licensing::Module] Successfully connected to LicensingClient on channel: "LicenseClient-15490-6000.4.6" (connect: 0.00s, validation: 0.00s, handshake: 0.01s)
[Licensing::IpcConnector] Successfully connected to: "LicenseClient-15490-6000.4.6-notifications" at "2026-08-02T23:45:58.4832865Z"
[Licensing::Module] Licensing Background thread has ended after 2.09s
========================================================================
Worker process is ready to serve import requests
Import Worker Mode flag is 0x00
Begin MonoManager ReloadAssembly
[Licensing::Client] Successfully resolved entitlement details
[Licensing::Module] License group:
  Id: 5773964460127-UnityPersXXXX
  Product: Unity Personal
  Type: Assigned
  Expiration: Unlimited
Assembly Assembly-CSharp-Editor-firstpass.dll at Library/ScriptAssemblies/Assembly-CSharp-Editor-firstpass.dll not valid. Loading of assembly skipped.
Assembly Assembly-CSharp-firstpass.dll at Library/ScriptAssemblies/Assembly-CSharp-firstpass.dll not valid. Loading of assembly skipped.
Assembly DocCodeExamples.dll at Library/ScriptAssemblies/DocCodeExamples.dll not valid. Loading of assembly skipped.
Assembly TestNewCustomAssembly.dll at Library/ScriptAssemblies/TestNewCustomAssembly.dll not valid. Loading of assembly skipped.
Assembly Unity.Collections.BurstCompatibilityGen.dll at Library/ScriptAssemblies/Unity.Collections.BurstCompatibilityGen.dll not valid. Loading of assembly skipped.
Assembly Unity.Collections.DocCodeSamples.dll at Library/ScriptAssemblies/Unity.Collections.DocCodeSamples.dll not valid. Loading of assembly skipped.
Assembly Unity.Collections.PerformanceTests.dll at Library/ScriptAssemblies/Unity.Collections.PerformanceTests.dll not valid. Loading of assembly skipped.
Assembly Unity.Collections.Tests.dll at Library/ScriptAssemblies/Unity.Collections.Tests.dll not valid. Loading of assembly skipped.
Assembly Unity.Collections.Tests.Playmode.dll at Library/ScriptAssemblies/Unity.Collections.Tests.Playmode.dll not valid. Loading of assembly skipped.
Assembly Unity.InputSystem.IntegrationTests.dll at Library/ScriptAssemblies/Unity.InputSystem.IntegrationTests.dll not valid. Loading of assembly skipped.
Assembly Unity.Mathematics.Tests.dll at Library/ScriptAssemblies/Unity.Mathematics.Tests.dll not valid. Loading of assembly skipped.
Assembly Unity.Multiplayer.Center.Editor.Tests.dll at Library/ScriptAssemblies/Unity.Multiplayer.Center.Editor.Tests.dll not valid. Loading of assembly skipped.
Assembly Unity.Multiplayer.Center.Tests.dll at Library/ScriptAssemblies/Unity.Multiplayer.Center.Tests.dll not valid. Loading of assembly skipped.
Assembly Unity.Nuget.Mono-Cecil.dll at Library/ScriptAssemblies/Unity.Nuget.Mono-Cecil.dll not valid. Loading of assembly skipped.
Assembly Unity.PathTracing.Editor.Tests.dll at Library/ScriptAssemblies/Unity.PathTracing.Editor.Tests.dll not valid. Loading of assembly skipped.
Assembly Unity.PathTracing.Runtime.Tests.dll at Library/ScriptAssemblies/Unity.PathTracing.Runtime.Tests.dll not valid. Loading of assembly skipped.
Assembly Unity.RenderPipelines.Core.Editor.Tests.dll at Library/ScriptAssemblies/Unity.RenderPipelines.Core.Editor.Tests.dll not valid. Loading of assembly skipped.
Assembly Unity.RenderPipelines.Core.Runtime.Tests.dll at Library/ScriptAssemblies/Unity.RenderPipelines.Core.Runtime.Tests.dll not valid. Loading of assembly skipped.
Assembly Unity.RenderPipelines.Universal.Config.Editor.Tests.dll at Library/ScriptAssemblies/Unity.RenderPipelines.Universal.Config.Editor.Tests.dll not valid. Loading of assembly skipped.
Assembly Unity.RenderPipelines.Universal.Editor.Tests.dll at Library/ScriptAssemblies/Unity.RenderPipelines.Universal.Editor.Tests.dll not valid. Loading of assembly skipped.
Assembly Unity.RenderPipelines.Universal.Runtime.Tests.dll at Library/ScriptAssemblies/Unity.RenderPipelines.Universal.Runtime.Tests.dll not valid. Loading of assembly skipped.
Assembly Unity.Searcher.EditorTests.dll at Library/ScriptAssemblies/Unity.Searcher.EditorTests.dll not valid. Loading of assembly skipped.
Assembly Unity.ShaderGraph.Editor.Tests.dll at Library/ScriptAssemblies/Unity.ShaderGraph.Editor.Tests.dll not valid. Loading of assembly skipped.
Assembly Unity.TextMeshPro.Editor.Tests.dll at Library/ScriptAssemblies/Unity.TextMeshPro.Editor.Tests.dll not valid. Loading of assembly skipped.
Assembly Unity.TextMeshPro.Tests.dll at Library/ScriptAssemblies/Unity.TextMeshPro.Tests.dll not valid. Loading of assembly skipped.
Assembly Unity.UnifiedRayTracing.Editor.Tests.dll at Library/ScriptAssemblies/Unity.UnifiedRayTracing.Editor.Tests.dll not valid. Loading of assembly skipped.
Assembly Unity.XR.CoreUtils.CodeSamples.Tests.dll at Library/ScriptAssemblies/Unity.XR.CoreUtils.CodeSamples.Tests.dll not valid. Loading of assembly skipped.
Assembly Unity.XR.CoreUtils.Editor.Tests.dll at Library/ScriptAssemblies/Unity.XR.CoreUtils.Editor.Tests.dll not valid. Loading of assembly skipped.
Assembly Unity.XR.CoreUtils.Tests.dll at Library/ScriptAssemblies/Unity.XR.CoreUtils.Tests.dll not valid. Loading of assembly skipped.
Assembly Unity.XR.Interaction.Toolkit.Editor.Tests.dll at Library/ScriptAssemblies/Unity.XR.Interaction.Toolkit.Editor.Tests.dll not valid. Loading of assembly skipped.
Assembly Unity.XR.Interaction.Toolkit.Tests.dll at Library/ScriptAssemblies/Unity.XR.Interaction.Toolkit.Tests.dll not valid. Loading of assembly skipped.
Assembly Unity.XR.Management.EditorTests.dll at Library/ScriptAssemblies/Unity.XR.Management.EditorTests.dll not valid. Loading of assembly skipped.
Assembly Unity.XR.Management.TestPackage.dll at Library/ScriptAssemblies/Unity.XR.Management.TestPackage.dll not valid. Loading of assembly skipped.
Assembly Unity.XR.Management.TestPackage.Editor.dll at Library/ScriptAssemblies/Unity.XR.Management.TestPackage.Editor.dll not valid. Loading of assembly skipped.
Assembly Unity.XR.Management.Tests.dll at Library/ScriptAssemblies/Unity.XR.Management.Tests.dll not valid. Loading of assembly skipped.
Assembly Unity.XR.Management.Tests.Standalone.dll at Library/ScriptAssemblies/Unity.XR.Management.Tests.Standalone.dll not valid. Loading of assembly skipped.
Assembly Unity.XR.OpenXR.Editor.Tests.dll at Library/ScriptAssemblies/Unity.XR.OpenXR.Editor.Tests.dll not valid. Loading of assembly skipped.
Assembly Unity.XR.OpenXR.Tests.dll at Library/ScriptAssemblies/Unity.XR.OpenXR.Tests.dll not valid. Loading of assembly skipped.
Assembly Unity.XR.OpenXR.Ubuntu.Tests.dll at Library/ScriptAssemblies/Unity.XR.OpenXR.Ubuntu.Tests.dll not valid. Loading of assembly skipped.
Assembly Unity.XR.TestSupport.dll at Library/ScriptAssemblies/Unity.XR.TestSupport.dll not valid. Loading of assembly skipped.
Assembly UnityEditor.UI.Common.Tests.dll at Library/ScriptAssemblies/UnityEditor.UI.Common.Tests.dll not valid. Loading of assembly skipped.
Assembly UnityEditor.UI.EditorTests.dll at Library/ScriptAssemblies/UnityEditor.UI.EditorTests.dll not valid. Loading of assembly skipped.
Assembly UnityEditor.XR.LegacyInputHelpers.Tests.dll at Library/ScriptAssemblies/UnityEditor.XR.LegacyInputHelpers.Tests.dll not valid. Loading of assembly skipped.
Assembly UnityEngine.SpatialTracking.Tests.dll at Library/ScriptAssemblies/UnityEngine.SpatialTracking.Tests.dll not valid. Loading of assembly skipped.
Assembly UnityEngine.UI.Tests.dll at Library/ScriptAssemblies/UnityEngine.UI.Tests.dll not valid. Loading of assembly skipped.
Assembly UnityEngine.XR.OpenXR.CodeSamples.Editor.Tests.dll at Library/ScriptAssemblies/UnityEngine.XR.OpenXR.CodeSamples.Editor.Tests.dll not valid. Loading of assembly skipped.
Refreshing native plugins compatible for Editor in 9.57 ms, found 10 plugins.
Native extension for WindowsStandalone target not found
[Package Manager] Failed to launch server process. Reason: Unity was launched with the -noUpm command-line argument
[Package Manager] Unable to send message (not connected to server process).
[Package Manager] Cannot connect to Unity Package Manager local server
Refreshing native plugins compatible for Editor in 9.89 ms, found 10 plugins.
[Package Manager] Failed to launch server process. Reason: Unity was launched with the -noUpm command-line argument
[Package Manager] Unable to send message (not connected to server process).
[Package Manager] Cannot connect to Unity Package Manager local server
ScheduleIndexationOnStartup MainProcess:False IndexOnStartup:True
Mono: successfully reloaded assembly
[Package Manager] Failed to launch server process. Reason: Unity was launched with the -noUpm command-line argument
[Package Manager] Unable to send message (not connected to server process).
[Package Manager] Cannot connect to Unity Package Manager local server
[Package Manager] Failed to launch server process. Reason: Unity was launched with the -noUpm command-line argument
[Package Manager] Unable to send message (not connected to server process).
[Package Manager] Cannot connect to Unity Package Manager local server
- Finished resetting the current domain, in  1.150 seconds
Domain Reload Profiling: 2143ms
	BeginReloadAssembly (227ms)
		DisableScriptedObjects (6ms)
		CreateAndSetChildDomain (38ms)
	RebuildCommonClasses (38ms)
	RebuildNativeTypeToScriptingClass (15ms)
	initialDomainReloadingComplete (82ms)
	LoadAllAssembliesAndSetupDomain (630ms)
		LoadAssemblies (443ms)
		AnalyzeDomain (316ms)
			TypeCache.Refresh (234ms)
				TypeCache.ScanAssembly (210ms)
			BuildScriptInfoCaches (62ms)
			ResolveRequiredComponents (17ms)
	FinalizeReload (1151ms)
		SetupLoadedEditorAssemblies (0ms)
			BeforeProcessingInitializeOnLoad (154ms)
			ProcessInitializeOnLoadAttributes (556ms)
			ProcessInitializeOnLoadMethodAttributes (157ms)
			AfterProcessingInitializeOnLoad (3ms)
		AwakeInstancesAfterBackupRestoration (8ms)
Launched and connected shader compiler UnityShaderCompiler.exe after 0.02 seconds
Refreshing native plugins compatible for Editor in 9.25 ms, found 10 plugins.
Unloading 24 Unused Serialized files (Serialized files now loaded: 0)
Unloading 7694 unused Assets / (6.0 MB). Loaded Objects now: 8541.
Memory consumption went from 179.4 MB to 173.4 MB.
Total: 12.071900 ms (FindLiveObjects: 1.363300 ms CreateObjectMapping: 1.350300 ms MarkObjects: 5.875300 ms  DeleteObjects: 3.478000 ms)

========================================================================
Received Import Request.
  Time since last request: 34109.342752 seconds.
  path: Assets/XR/Animated Hands/Animations/l_hand_pinch_anim.fbx
  importAddress: Guid(a91ff20f7450bf446a6bf0bfb5e932ae) Importer(815301076,1909f56bfc062723c751e8b465ee728b)
Start importing Assets/XR/Animated Hands/Animations/l_hand_pinch_anim.fbx using Guid(a91ff20f7450bf446a6bf0bfb5e932ae) Importer(815301076,1909f56bfc062723c751e8b465ee728b) (PreviewImporter) -> (Import Result ID: '5889dcec1b2d78ecbbfe9f09ab976164') in 0.0451223 seconds [static and dynamic dependencies]. Details - ImportResultOutputID=8bbdf1e15a49a0b10fd1533ec4c4792a DependenciesID=42b2380b77a48b336889bf3eb7b75316 StaticDependenciesID=3c1ace355b98ccfd5d94e1c9fca5bc4e 
Number of updated asset objects reloaded before import = 0Number of asset objects unloaded after import = 57

========================================================================
Received Import Request.
  Time since last request: 0.000023 seconds.
  path: Assets/Samples/XR Interaction Toolkit/3.2.1/Starter Assets/Models/BlinkVisual.fbx
  importAddress: Guid(27b7629e54b332449bfa3a4065ffe17a) Importer(815301076,1909f56bfc062723c751e8b465ee728b)
Start importing Assets/Samples/XR Interaction Toolkit/3.2.1/Starter Assets/Models/BlinkVisual.fbx using Guid(27b7629e54b332449bfa3a4065ffe17a) Importer(815301076,1909f56bfc062723c751e8b465ee728b) (PreviewImporter) -> (Import Result ID: 'fc5782751809f3ce0fe7b0274cf745e3') in 1.1300163 seconds [static and dynamic dependencies]. Details - ImportResultOutputID=7eaf11c58f142e3a6f0872ac4f2e1bd3 DependenciesID=0455cc438fd1368c6c9b575aca28d8f0 StaticDependenciesID=2e2ff7535eb03ac0d567605744e3e859 
Number of updated asset objects reloaded before import = 0Number of asset objects unloaded after import = 9

========================================================================
Received Import Request.
  Time since last request: 0.000043 seconds.
  path: Assets/Samples/XR Interaction Toolkit/3.2.1/Starter Assets/DemoSceneAssets/Models/Primitive_Torus.fbx
  importAddress: Guid(f077c919501a44778a0c2edb6eb1a54a) Importer(815301076,1909f56bfc062723c751e8b465ee728b)
Start importing Assets/Samples/XR Interaction Toolkit/3.2.1/Starter Assets/DemoSceneAssets/Models/Primitive_Torus.fbx using Guid(f077c919501a44778a0c2edb6eb1a54a) Importer(815301076,1909f56bfc062723c751e8b465ee728b) (PreviewImporter) -> (Import Result ID: '81be365830dfbf02e352d2028134f8c1') in 1.0355155 seconds [static and dynamic dependencies]. Details - ImportResultOutputID=169e8bc39f3c822ee69a59a65cfa0386 DependenciesID=4c8dac79d201eebbeac218851cefa613 StaticDependenciesID=158d6b884674910d377d761a23a81313 
Number of updated asset objects reloaded before import = 0Number of asset objects unloaded after import = 15

========================================================================
Received Import Request.
  Time since last request: 0.000052 seconds.
  path: Assets/HIVEMIND/CaveOfHiddenTomb/HDRP (Default)/Art/Assets/stalactite/E/SM_Stalacite_E.fbx
  importAddress: Guid(abc00000000001265914338175328655) Importer(815301076,1909f56bfc062723c751e8b465ee728b)
Start importing Assets/HIVEMIND/CaveOfHiddenTomb/HDRP (Default)/Art/Assets/stalactite/E/SM_Stalacite_E.fbx using Guid(abc00000000001265914338175328655) Importer(815301076,1909f56bfc062723c751e8b465ee728b) (PreviewImporter)MaterialLocation.External is obsolete. External Material Location is no longer supported. (Assets/HIVEMIND/CaveOfHiddenTomb/HDRP (Default)/Art/Assets/stalactite/E/SM_Stalacite_E.fbx)
 -> (Import Result ID: '7e0e95369b183c05a62c731dda16a0bc') in 0.0929867 seconds [static and dynamic dependencies]. Details - ImportResultOutputID=b2dcf84d5ca761e0497d6dd63878c71f DependenciesID=58964c9ee81b9425b376d502fb45d8cb StaticDependenciesID=a29c0405fdf201578df34fa4c8c51adc 
Number of updated asset objects reloaded before import = 0Number of asset objects unloaded after import = 41

========================================================================
Received Import Request.
  Time since last request: 0.000087 seconds.
  path: Assets/HIVEMIND/CaveOfHiddenTomb/HDRP (Default)/Art/Assets/Scanned_Foliage/Foliage/EuropeanBeech/Meshes/SM_EuropeanBeech_XL_02.fbx
  importAddress: Guid(abc00000000015631754348132308635) Importer(815301076,1909f56bfc062723c751e8b465ee728b)
Start importing Assets/HIVEMIND/CaveOfHiddenTomb/HDRP (Default)/Art/Assets/Scanned_Foliage/Foliage/EuropeanBeech/Meshes/SM_EuropeanBeech_XL_02.fbx using Guid(abc00000000015631754348132308635) Importer(815301076,1909f56bfc062723c751e8b465ee728b) (PreviewImporter)MaterialLocation.External is obsolete. External Material Location is no longer supported. (Assets/HIVEMIND/CaveOfHiddenTomb/HDRP (Default)/Art/Assets/Scanned_Foliage/Foliage/EuropeanBeech/Meshes/SM_EuropeanBeech_XL_02.fbx)
 -> (Import Result ID: 'e6e465e540f225bcc20c49a7017fcadd') in 0.0854573 seconds [static and dynamic dependencies]. Details - ImportResultOutputID=7e5391f5b270cbcf594c345ee97e05d6 DependenciesID=0243a3542fff60cad7c0e8bdd89f8e32 StaticDependenciesID=58a3b38d642fb57d3c7383c0d573fa0f 
Number of updated asset objects reloaded before import = 0Number of asset objects unloaded after import = 37

========================================================================
Received Import Request.
  Time since last request: 0.000039 seconds.
  path: Assets/HIVEMIND/CaveOfHiddenTomb/HDRP (Default)/Art/Assets/BasicShapes/Plane.fbx
  importAddress: Guid(abc00000000017822585110962714169) Importer(815301076,1909f56bfc062723c751e8b465ee728b)
Start importing Assets/HIVEMIND/CaveOfHiddenTomb/HDRP (Default)/Art/Assets/BasicShapes/Plane.fbx using Guid(abc00000000017822585110962714169) Importer(815301076,1909f56bfc062723c751e8b465ee728b) (PreviewImporter)MaterialLocation.External is obsolete. External Material Location is no longer supported. (Assets/HIVEMIND/CaveOfHiddenTomb/HDRP (Default)/Art/Assets/BasicShapes/Plane.fbx)
 -> (Import Result ID: '461539661c13f8d73e8d7e560fe4071a') in 0.025771 seconds [static and dynamic dependencies]. Details - ImportResultOutputID=6a057786d579cad90cf2b14a62596864 DependenciesID=a025bff54285b7a17ba3b983add6b557 StaticDependenciesID=e046552d653c414d1ee6e768136f19e0 
Number of updated asset objects reloaded before import = 0Number of asset objects unloaded after import = 14

========================================================================
Received Import Request.
  Time since last request: 0.000045 seconds.
  path: Assets/HIVEMIND/CaveOfHiddenTomb/HDRP (Default)/Art/Assets/Scanned_Foliage/Foliage/EagleFern/Meshes/SM_EagleFern_S_02.fbx
  importAddress: Guid(abc00000000010968874312411316132) Importer(815301076,1909f56bfc062723c751e8b465ee728b)
Start importing Assets/HIVEMIND/CaveOfHiddenTomb/HDRP (Default)/Art/Assets/Scanned_Foliage/Foliage/EagleFern/Meshes/SM_EagleFern_S_02.fbx using Guid(abc00000000010968874312411316132) Importer(815301076,1909f56bfc062723c751e8b465ee728b) (PreviewImporter)MaterialLocation.External is obsolete. External Material Location is no longer supported. (Assets/HIVEMIND/CaveOfHiddenTomb/HDRP (Default)/Art/Assets/Scanned_Foliage/Foliage/EagleFern/Meshes/SM_EagleFern_S_02.fbx)
 -> (Import Result ID: '200641a2cf60fb6c70148e0d4366836d') in 0.0755173 seconds [static and dynamic dependencies]. Details - ImportResultOutputID=69f58ab7efe7ba301cbddd92a61d6033 DependenciesID=23e089b1185660c49560a48c4bf2a5df StaticDependenciesID=a27d414fddf4c02e4de9b751b5b3345a 
Number of updated asset objects reloaded before import = 0Number of asset objects unloaded after import = 33

========================================================================
Received Import Request.
  Time since last request: 0.000043 seconds.
  path: Assets/HIVEMIND/CaveOfHiddenTomb/HDRP (Default)/Art/Assets/Scanned_Foliage/Foliage/EuropeanBeech/Meshes/SM_EuropeanBeech_Log_01.fbx
  importAddress: Guid(abc00000000001373527991131255092) Importer(815301076,1909f56bfc062723c751e8b465ee728b)
Start importing Assets/HIVEMIND/CaveOfHiddenTomb/HDRP (Default)/Art/Assets/Scanned_Foliage/Foliage/EuropeanBeech/Meshes/SM_EuropeanBeech_Log_01.fbx using Guid(abc00000000001373527991131255092) Importer(815301076,1909f56bfc062723c751e8b465ee728b) (PreviewImporter)MaterialLocation.External is obsolete. External Material Location is no longer supported. (Assets/HIVEMIND/CaveOfHiddenTomb/HDRP (Default)/Art/Assets/Scanned_Foliage/Foliage/EuropeanBeech/Meshes/SM_EuropeanBeech_Log_01.fbx)
 -> (Import Result ID: 'fe63235871f9f7bb8cc2a4bbc0af4924') in 0.0798523 seconds [static and dynamic dependencies]. Details - ImportResultOutputID=9f634dd867e180a07793a01d0a951faf DependenciesID=b1d69bde7ebf9d97ec7f0c12caf81e9f StaticDependenciesID=7b6fc7898a83dacdc721f113b0d4205b 
Number of updated asset objects reloaded before import = 0Number of asset objects unloaded after import = 37

========================================================================
Received Import Request.
  Time since last request: 0.000037 seconds.
  path: Assets/animations/妇好站着.fbx
  importAddress: Guid(3701281dae25df440a577cca3652c894) Importer(815301076,1909f56bfc062723c751e8b465ee728b)
Start importing Assets/animations/妇好站着.fbx using Guid(3701281dae25df440a577cca3652c894) Importer(815301076,1909f56bfc062723c751e8b465ee728b) (PreviewImporter) -> (Import Result ID: '01392da4fe17080009390bd79bb746e0') in 0.0042421 seconds [static and dynamic dependencies]. Details - ImportResultOutputID=bb22563428453f8e8f28935b3a94038b DependenciesID=b0b63f5450914bbcd17c1fbb1feb139e StaticDependenciesID=5364da4aead33dea297a5f19ee0a9593 
Number of updated asset objects reloaded before import = 0Number of asset objects unloaded after import = 71

========================================================================
Received Import Request.
  Time since last request: 0.000041 seconds.
  path: Assets/animation/5_/Neutral Idle.fbx
  importAddress: Guid(00c1e95d6154aae429c19a57f3316b11) Importer(815301076,1909f56bfc062723c751e8b465ee728b)
Start importing Assets/animation/5_/Neutral Idle.fbx using Guid(00c1e95d6154aae429c19a57f3316b11) Importer(815301076,1909f56bfc062723c751e8b465ee728b) (PreviewImporter) -> (Import Result ID: 'bdb5f4189e91ebc2b0dd2e5439e73032') in 0.7816787 seconds [static and dynamic dependencies]. Details - ImportResultOutputID=181119d2403314c7b0443682d112aece DependenciesID=0dc297bea2bbf23a4ead1831caee14f9 StaticDependenciesID=c763401dfef1a1099306895a5637e41b 
Number of updated asset objects reloaded before import = 0Number of asset objects unloaded after import = 168

========================================================================
Received Import Request.
  Time since last request: 0.000046 seconds.
  path: Assets/HIVEMIND/CaveOfHiddenTomb/HDRP (Default)/Art/Assets/Stone/D/SM_Stone_D.fbx
  importAddress: Guid(abc00000000012561417246883345593) Importer(815301076,1909f56bfc062723c751e8b465ee728b)
Start importing Assets/HIVEMIND/CaveOfHiddenTomb/HDRP (Default)/Art/Assets/Stone/D/SM_Stone_D.fbx using Guid(abc00000000012561417246883345593) Importer(815301076,1909f56bfc062723c751e8b465ee728b) (PreviewImporter)MaterialLocation.External is obsolete. External Material Location is no longer supported. (Assets/HIVEMIND/CaveOfHiddenTomb/HDRP (Default)/Art/Assets/Stone/D/SM_Stone_D.fbx)
 -> (Import Result ID: '917c8fc039251733011f40f0297942de') in 0.0824567 seconds [static and dynamic dependencies]. Details - ImportResultOutputID=cf66bf1e4aa44d91c63955d861515144 DependenciesID=b1aa9b91b42c7847d49a67ee0535ec4b StaticDependenciesID=b44b489bb867fba523d8a3c623c3ade5 
Number of updated asset objects reloaded before import = 0Number of asset objects unloaded after import = 41

========================================================================
Received Import Request.
  Time since last request: 0.000047 seconds.
  path: Assets/Resources/玄鸟火盆.fbx
  importAddress: Guid(acd15c0be49238a4a99a9b311c65aa27) Importer(815301076,1909f56bfc062723c751e8b465ee728b)
Start importing Assets/Resources/玄鸟火盆.fbx using Guid(acd15c0be49238a4a99a9b311c65aa27) Importer(815301076,1909f56bfc062723c751e8b465ee728b) (PreviewImporter) -> (Import Result ID: '51ef418d0c05acb129ab3d87af9ba779') in 0.0254511 seconds [static and dynamic dependencies]. Details - ImportResultOutputID=35e91fb3976ca829fa833a5cb0ca93c4 DependenciesID=efb1fd1e60ca461da5986cfc368e8be4 StaticDependenciesID=b40ce8b1f49c1e025ddd1d07902bb190 
Number of updated asset objects reloaded before import = 0Number of asset objects unloaded after import = 8

========================================================================
Received Import Request.
  Time since last request: 0.000028 seconds.
  path: Assets/Samples/XR Interaction Toolkit/3.2.1/Starter Assets/Models/UniversalController.fbx
  importAddress: Guid(147ae308eec018b40a7b312ae58f44c7) Importer(815301076,1909f56bfc062723c751e8b465ee728b)
Start importing Assets/Samples/XR Interaction Toolkit/3.2.1/Starter Assets/Models/UniversalController.fbx using Guid(147ae308eec018b40a7b312ae58f44c7) Importer(815301076,1909f56bfc062723c751e8b465ee728b) (PreviewImporter) -> (Import Result ID: '9d6f6ff6c6256567d90c5369b0ceb8b0') in 0.6018884 seconds [static and dynamic dependencies]. Details - ImportResultOutputID=dcf7d40b9c3dd27a6b4c0fa1a1ca44bc DependenciesID=09bee819b1a4f4218d4659459651444d StaticDependenciesID=e9e568aab7e03823dbdbfca61fc7abe6 
Number of updated asset objects reloaded before import = 0Number of asset objects unloaded after import = 54

========================================================================
Received Import Request.
  Time since last request: 0.000069 seconds.
  path: Assets/HIVEMIND/CaveOfHiddenTomb/HDRP (Default)/Art/Assets/Stone/B/SM_Stone_B.fbx
  importAddress: Guid(abc00000000015219837688740450565) Importer(815301076,1909f56bfc062723c751e8b465ee728b)
Start importing Assets/HIVEMIND/CaveOfHiddenTomb/HDRP (Default)/Art/Assets/Stone/B/SM_Stone_B.fbx using Guid(abc00000000015219837688740450565) Importer(815301076,1909f56bfc062723c751e8b465ee728b) (PreviewImporter)MaterialLocation.External is obsolete. External Material Location is no longer supported. (Assets/HIVEMIND/CaveOfHiddenTomb/HDRP (Default)/Art/Assets/Stone/B/SM_Stone_B.fbx)
 -> (Import Result ID: 'ffa9f46650cde8ddcf0a46bbdcc9367b') in 0.0719993 seconds [static and dynamic dependencies]. Details - ImportResultOutputID=f35e5e65ede4a43f88448416f8724e20 DependenciesID=000f31501a0e6b4d052830d725b0dd22 StaticDependenciesID=54a7261ec15a87e34fb8738c9afe190b 
Number of updated asset objects reloaded before import = 0Number of asset objects unloaded after import = 41

========================================================================
Received Import Request.
  Time since last request: 0.000041 seconds.
  path: Assets/Samples/XR Interaction Toolkit/3.2.1/Starter Assets/Models/Pinch_Pointer_LOD0.fbx
  importAddress: Guid(e053b8fbc416ba349b4a58a26410bba2) Importer(815301076,1909f56bfc062723c751e8b465ee728b)
Start importing Assets/Samples/XR Interaction Toolkit/3.2.1/Starter Assets/Models/Pinch_Pointer_LOD0.fbx using Guid(e053b8fbc416ba349b4a58a26410bba2) Importer(815301076,1909f56bfc062723c751e8b465ee728b) (PreviewImporter) -> (Import Result ID: 'b00d201acb0faedf3303ba428d2aca24') in 0.0149478 seconds [static and dynamic dependencies]. Details - ImportResultOutputID=190f4b58095a5944522b9da9dfddc1e9 DependenciesID=c5c530101f9d0cfdf5630d12eb405a45 StaticDependenciesID=58bb9fe2cfd05800a848742c08325a97 
Number of updated asset objects reloaded before import = 0Number of asset objects unloaded after import = 6

========================================================================
Received Import Request.
  Time since last request: 0.000029 seconds.
  path: Assets/animations/npc (2)@Standard Idle.fbx
  importAddress: Guid(a277e8a50e2a12948b4fc09aa59fa6b5) Importer(815301076,1909f56bfc062723c751e8b465ee728b)
Start importing Assets/animations/npc (2)@Standard Idle.fbx using Guid(a277e8a50e2a12948b4fc09aa59fa6b5) Importer(815301076,1909f56bfc062723c751e8b465ee728b) (PreviewImporter) -> (Import Result ID: '584267e2d06a6b070d5b0d2b3c3d2b3b') in 0.003952 seconds [static and dynamic dependencies]. Details - ImportResultOutputID=4e449f6e69f0a304e52898308111b6e4 DependenciesID=fec367a9e55847ea85abd40bae259c27 StaticDependenciesID=75c9b6aee717217e431f7faa162cb940 
Number of updated asset objects reloaded before import = 0Number of asset objects unloaded after import = 71

========================================================================
Received Import Request.
  Time since last request: 0.000027 seconds.
  path: Assets/HIVEMIND/CaveOfHiddenTomb/HDRP (Default)/Art/Assets/StonePattern/G/SM_StonePattern_G.fbx
  importAddress: Guid(abc00000000000212559290010529977) Importer(815301076,1909f56bfc062723c751e8b465ee728b)
Start importing Assets/HIVEMIND/CaveOfHiddenTomb/HDRP (Default)/Art/Assets/StonePattern/G/SM_StonePattern_G.fbx using Guid(abc00000000000212559290010529977) Importer(815301076,1909f56bfc062723c751e8b465ee728b) (PreviewImporter)MaterialLocation.External is obsolete. External Material Location is no longer supported. (Assets/HIVEMIND/CaveOfHiddenTomb/HDRP (Default)/Art/Assets/StonePattern/G/SM_StonePattern_G.fbx)
 -> (Import Result ID: 'c40f567da9d237c5c4c9abfa51478b92') in 0.0512393 seconds [static and dynamic dependencies]. Details - ImportResultOutputID=3c5c9d82189a20c1c59e24eeada7c011 DependenciesID=04ccd51f08dff0f7c92c7e0631809f72 StaticDependenciesID=c743c04ddab6281ffeb262cc35326ccc 
Number of updated asset objects reloaded before import = 0Number of asset objects unloaded after import = 41

========================================================================
Received Import Request.
  Time since last request: 0.000029 seconds.
  path: Assets/HIVEMIND/CaveOfHiddenTomb/HDRP (Default)/Art/Assets/Vines/SM_Vine_Arch_Long.fbx
  importAddress: Guid(abc00000000015243779825736371290) Importer(815301076,1909f56bfc062723c751e8b465ee728b)
Start importing Assets/HIVEMIND/CaveOfHiddenTomb/HDRP (Default)/Art/Assets/Vines/SM_Vine_Arch_Long.fbx using Guid(abc00000000015243779825736371290) Importer(815301076,1909f56bfc062723c751e8b465ee728b) (PreviewImporter)MaterialLocation.External is obsolete. External Material Location is no longer supported. (Assets/HIVEMIND/CaveOfHiddenTomb/HDRP (Default)/Art/Assets/Vines/SM_Vine_Arch_Long.fbx)
 -> (Import Result ID: 'd581edb92daf301ab3db192a7bcc1f40') in 0.0885098 seconds [static and dynamic dependencies]. Details - ImportResultOutputID=5012e285769188e6de57d7e15a2f28fc DependenciesID=994ac11a46ca4ed8e484072850bbec78 StaticDependenciesID=178f969ee41f7a38ea468760e7737a19 
Number of updated asset objects reloaded before import = 0Number of asset objects unloaded after import = 49

========================================================================
Received Import Request.
  Time since last request: 0.000036 seconds.
  path: Assets/HIVEMIND/CaveOfHiddenTomb/HDRP (Default)/Art/Assets/Ground/SM_Ground_A.fbx
  importAddress: Guid(abc00000000008186717104218905497) Importer(815301076,1909f56bfc062723c751e8b465ee728b)
Start importing Assets/HIVEMIND/CaveOfHiddenTomb/HDRP (Default)/Art/Assets/Ground/SM_Ground_A.fbx using Guid(abc00000000008186717104218905497) Importer(815301076,1909f56bfc062723c751e8b465ee728b) (PreviewImporter)MaterialLocation.External is obsolete. External Material Location is no longer supported. (Assets/HIVEMIND/CaveOfHiddenTomb/HDRP (Default)/Art/Assets/Ground/SM_Ground_A.fbx)
 -> (Import Result ID: '156b88408e8a916b4740aea296540914') in 0.0626351 seconds [static and dynamic dependencies]. Details - ImportResultOutputID=dc71fd6747fb2bdc98a9d0a14e36bc9c DependenciesID=7a2614465a82e56f123e7caaadc0cc8d StaticDependenciesID=fab49db34f62d46fe6384b7459ea4027 
Number of updated asset objects reloaded before import = 0Number of asset objects unloaded after import = 33

========================================================================
Received Import Request.
  Time since last request: 0.000061 seconds.
  path: Assets/HIVEMIND/CaveOfHiddenTomb/HDRP (Default)/Art/Assets/Vines/SM_Vine_F.fbx
  importAddress: Guid(abc00000000001200021861398317803) Importer(815301076,1909f56bfc062723c751e8b465ee728b)
Start importing Assets/HIVEMIND/CaveOfHiddenTomb/HDRP (Default)/Art/Assets/Vines/SM_Vine_F.fbx using Guid(abc00000000001200021861398317803) Importer(815301076,1909f56bfc062723c751e8b465ee728b) (PreviewImporter)MaterialLocation.External is obsolete. External Material Location is no longer supported. (Assets/HIVEMIND/CaveOfHiddenTomb/HDRP (Default)/Art/Assets/Vines/SM_Vine_F.fbx)
 -> (Import Result ID: '78890b6fe82bde9abb1f84be6c94d90b') in 0.0766782 seconds [static and dynamic dependencies]. Details - ImportResultOutputID=47a132263eaf4abe4f16e0c05affba66 DependenciesID=8fd3ff900b411ff994d0d38f92ca47f8 StaticDependenciesID=5f75909a5c3d896364e7b95b62871dc7 
Number of updated asset objects reloaded before import = 0Number of asset objects unloaded after import = 44

========================================================================
Received Import Request.
  Time since last request: 0.000031 seconds.
  path: Assets/HIVEMIND/CaveOfHiddenTomb/HDRP (Default)/Art/Assets/AztecMuralWall/AztecMural/SM_Wall_Aztec_B.fbx
  importAddress: Guid(abc00000000011948413482093175901) Importer(815301076,1909f56bfc062723c751e8b465ee728b)
Start importing Assets/HIVEMIND/CaveOfHiddenTomb/HDRP (Default)/Art/Assets/AztecMuralWall/AztecMural/SM_Wall_Aztec_B.fbx using Guid(abc00000000011948413482093175901) Importer(815301076,1909f56bfc062723c751e8b465ee728b) (PreviewImporter)MaterialLocation.External is obsolete. External Material Location is no longer supported. (Assets/HIVEMIND/CaveOfHiddenTomb/HDRP (Default)/Art/Assets/AztecMuralWall/AztecMural/SM_Wall_Aztec_B.fbx)
 -> (Import Result ID: '87b0219c8bed483284f82cfb16818d57') in 0.0757941 seconds [static and dynamic dependencies]. Details - ImportResultOutputID=469251beb0e25ab70ec469e08a10e46b DependenciesID=ceab2556c64d2a5ebcf0a4d990560f80 StaticDependenciesID=cb10f729dd00cf1cae448d3841986262 
Number of updated asset objects reloaded before import = 0Number of asset objects unloaded after import = 44

========================================================================
Received Import Request.
  Time since last request: 0.000035 seconds.
  path: Assets/HIVEMIND/CaveOfHiddenTomb/HDRP (Default)/Art/Assets/Rock/C/SM_Rock_C.fbx
  importAddress: Guid(abc00000000008954115825773829429) Importer(815301076,1909f56bfc062723c751e8b465ee728b)
Start importing Assets/HIVEMIND/CaveOfHiddenTomb/HDRP (Default)/Art/Assets/Rock/C/SM_Rock_C.fbx using Guid(abc00000000008954115825773829429) Importer(815301076,1909f56bfc062723c751e8b465ee728b) (PreviewImporter)MaterialLocation.External is obsolete. External Material Location is no longer supported. (Assets/HIVEMIND/CaveOfHiddenTomb/HDRP (Default)/Art/Assets/Rock/C/SM_Rock_C.fbx)
 -> (Import Result ID: 'e64294944190d191520723783587c2df') in 0.0650338 seconds [static and dynamic dependencies]. Details - ImportResultOutputID=19e44ec87dea3f4298f79130198f8b0b DependenciesID=f3703bbf9f367457f6f0dec9eaa89211 StaticDependenciesID=db93788b62cea887b72ce37e68dce34a 
Number of updated asset objects reloaded before import = 0Number of asset objects unloaded after import = 35

========================================================================
Received Import Request.
  Time since last request: 0.000044 seconds.
  path: Assets/HIVEMIND/CaveOfHiddenTomb/HDRP (Default)/Art/Assets/Boulder/C/SM_Boulder_C.fbx
  importAddress: Guid(abc00000000017328185262280041839) Importer(815301076,1909f56bfc062723c751e8b465ee728b)
Start importing Assets/HIVEMIND/CaveOfHiddenTomb/HDRP (Default)/Art/Assets/Boulder/C/SM_Boulder_C.fbx using Guid(abc00000000017328185262280041839) Importer(815301076,1909f56bfc062723c751e8b465ee728b) (PreviewImporter)MaterialLocation.External is obsolete. External Material Location is no longer supported. (Assets/HIVEMIND/CaveOfHiddenTomb/HDRP (Default)/Art/Assets/Boulder/C/SM_Boulder_C.fbx)
 -> (Import Result ID: '173a7e7cef465e01894e7c74f4e564c7') in 0.0502214 seconds [static and dynamic dependencies]. Details - ImportResultOutputID=8c5c2e80bdf40a36726d2c34d0630764 DependenciesID=ad00c0bf6d37ef3ff135c39c79cbdb08 StaticDependenciesID=2fe18b88efa7fd7a4c8e977e377adb31 
Number of updated asset objects reloaded before import = 0Number of asset objects unloaded after import = 40

========================================================================
Received Import Request.
  Time since last request: 0.000041 seconds.
  path: Assets/HIVEMIND/CaveOfHiddenTomb/HDRP (Default)/Art/Assets/Vines/SM_Vine_Arch_Mid.fbx
  importAddress: Guid(abc00000000015074440248155129990) Importer(815301076,1909f56bfc062723c751e8b465ee728b)
Start importing Assets/HIVEMIND/CaveOfHiddenTomb/HDRP (Default)/Art/Assets/Vines/SM_Vine_Arch_Mid.fbx using Guid(abc00000000015074440248155129990) Importer(815301076,1909f56bfc062723c751e8b465ee728b) (PreviewImporter)MaterialLocation.External is obsolete. External Material Location is no longer supported. (Assets/HIVEMIND/CaveOfHiddenTomb/HDRP (Default)/Art/Assets/Vines/SM_Vine_Arch_Mid.fbx)
 -> (Import Result ID: 'd43db96a20cddf976a4a1f024cadb1bd') in 0.0966241 seconds [static and dynamic dependencies]. Details - ImportResultOutputID=cb6555e9b1b1ba7f7485ff3e90af0581 DependenciesID=57b82ccae2823908a8c020abde397481 StaticDependenciesID=87ff8210a90592dfb72b85e500d1c924 
Number of updated asset objects reloaded before import = 0Number of asset objects unloaded after import = 44

========================================================================
Received Import Request.
  Time since last request: 0.000053 seconds.
  path: Assets/HIVEMIND/CaveOfHiddenTomb/HDRP (Default)/Art/Assets/Vines/SM_Vine_E.fbx
  importAddress: Guid(abc00000000007098122226974451966) Importer(815301076,1909f56bfc062723c751e8b465ee728b)
Start importing Assets/HIVEMIND/CaveOfHiddenTomb/HDRP (Default)/Art/Assets/Vines/SM_Vine_E.fbx using Guid(abc00000000007098122226974451966) Importer(815301076,1909f56bfc062723c751e8b465ee728b) (PreviewImporter)MaterialLocation.External is obsolete. External Material Location is no longer supported. (Assets/HIVEMIND/CaveOfHiddenTomb/HDRP (Default)/Art/Assets/Vines/SM_Vine_E.fbx)
 -> (Import Result ID: 'c8e89253108cff7849b4a2a95348cd06') in 0.092504 seconds [static and dynamic dependencies]. Details - ImportResultOutputID=fe68f6eaf5c96de69954e17aa4407a78 DependenciesID=a47a48ddd762e9aa3a9482364bfce293 StaticDependenciesID=6a528ffc220cf5f4c3f1645f81e07c66 
Number of updated asset objects reloaded before import = 0Number of asset objects unloaded after import = 44

========================================================================
Received Import Request.
  Time since last request: 0.000070 seconds.
  path: Assets/animation/3_Idle/Standing W_Briefcase Idle.fbx
  importAddress: Guid(5221a21dbc5cb2c439ce7e83d9c33be4) Importer(815301076,1909f56bfc062723c751e8b465ee728b)
Start importing Assets/animation/3_Idle/Standing W_Briefcase Idle.fbx using Guid(5221a21dbc5cb2c439ce7e83d9c33be4) Importer(815301076,1909f56bfc062723c751e8b465ee728b) (PreviewImporter) -> (Import Result ID: '16d31b3adbdd22fe3e369a48775f39b5') in 0.0407029 seconds [static and dynamic dependencies]. Details - ImportResultOutputID=60525d4bfa4fd26ee574fe2a6fad44ac DependenciesID=5d68576f84e3f7383ccc359b7dda4413 StaticDependenciesID=e77496689395e07d569ad26d58608266 
Number of updated asset objects reloaded before import = 0Number of asset objects unloaded after import = 142

========================================================================
Received Import Request.
  Time since last request: 0.000029 seconds.
  path: Assets/HIVEMIND/CaveOfHiddenTomb/HDRP (Default)/Art/Assets/Scanned_Foliage/Foliage/Ivy/Meshes/SM_Ivy_A.fbx
  importAddress: Guid(abc00000000009881140626145375363) Importer(815301076,1909f56bfc062723c751e8b465ee728b)
Start importing Assets/HIVEMIND/CaveOfHiddenTomb/HDRP (Default)/Art/Assets/Scanned_Foliage/Foliage/Ivy/Meshes/SM_Ivy_A.fbx using Guid(abc00000000009881140626145375363) Importer(815301076,1909f56bfc062723c751e8b465ee728b) (PreviewImporter)MaterialLocation.External is obsolete. External Material Location is no longer supported. (Assets/HIVEMIND/CaveOfHiddenTomb/HDRP (Default)/Art/Assets/Scanned_Foliage/Foliage/Ivy/Meshes/SM_Ivy_A.fbx)
 -> (Import Result ID: 'bd4a38a6eb0f4b188e18c5b96eea491c') in 0.0894686 seconds [static and dynamic dependencies]. Details - ImportResultOutputID=04e7551868af2d5b38586d23815fae70 DependenciesID=82b561400b1bf716ec9c86bd1d77737b StaticDependenciesID=ff58e55305b2d43ad83a1123598dd43d 
Number of updated asset objects reloaded before import = 0Number of asset objects unloaded after import = 39

Editor requested this worker to shutdown with reason: Scaling down because of idle timeout
AssetImportWorker is now disconnected from the server
Process exiting
Exiting without the bug reporter. Application will terminate with return code 0