[Licensing::Module] Trying to connect to existing licensing client channel...
[Licensing::IpcConnector] Successfully connected to: "LicenseClient-15490" at "2026-08-02T23:41:01.7156388Z"
Built from '6000.4/staging' branch; Version is '6000.4.6f1 (0b051c2e5d54) revision 722204'; Using compiler version '194234433'; Build Type 'Release'
OS: 'Windows 11  (10.0.26200) CoreCountrySpecific' Language: 'zh' Physical Memory: 32212 MB
BatchMode: 1, IsHumanControllingUs: 0, StartBugReporterOnCrash: 0, Is64bit: 1
System  architecture: x64
Process architecture: x64
Date: 2026-08-02T23:41:01Z

COMMAND LINE ARGUMENTS:
D:\unity\Editor\Unity.exe
-adb2
-batchMode
-noUpm
-name
AssetImportWorker13
-projectPath
D:/Yin
-logFile
Logs/AssetImportWorker13.log
-srvPort
2613
-licensingIpc
LicenseClient-15490
-force-d3d12
-job-worker-count
11
-background-job-worker-count
8
-gc-helper-count
1
-name
AssetImport
Successfully changed project path to: D:/Yin
D:/Yin
[UnityMemory] Configuration Parameters - Can be set up in boot.config
    "memorysetup-temp-allocator-size-gi-baking-worker=262144"
    "memorysetup-temp-allocator-size-gi-baking-worker=262144"
    "memorysetup-temp-allocator-size-gi-baking-worker=262144"
    "memorysetup-temp-allocator-size-gi-baking-worker=262144"
    "memorysetup-temp-allocator-size-gi-baking-worker=262144"
    "memorysetup-temp-allocator-size-nav-mesh-worker=65536"
    "memorysetup-temp-allocator-size-audio-worker=65536"
    "memorysetup-temp-allocator-size-cloud-worker=32768"
    "memorysetup-temp-allocator-size-gfx=262144"
    "memorysetup-temp-allocator-size-preload-manager=33554432"
    "memorysetup-temp-allocator-size-job-worker=262144"
    "memorysetup-temp-allocator-size-background-worker=32768"
    "memorysetup-allocator-temp-initial-block-size-main=262144"
    "memorysetup-allocator-temp-initial-block-size-worker=262144"
    "memorysetup-bucket-allocator-granularity=16"
    "memorysetup-bucket-allocator-bucket-count=8"
    "memorysetup-bucket-allocator-block-size=33554432"
    "memorysetup-bucket-allocator-block-count=8"
    "memorysetup-main-allocator-block-size=16777216"
    "memorysetup-thread-allocator-block-size=16777216"
    "memorysetup-gfx-main-allocator-block-size=16777216"
    "memorysetup-gfx-thread-allocator-block-size=16777216"
    "memorysetup-cache-allocator-block-size=4194304"
    "memorysetup-typetree-allocator-block-size=2097152"
    "memorysetup-profiler-bucket-allocator-granularity=16"
    "memorysetup-profiler-bucket-allocator-bucket-count=8"
    "memorysetup-profiler-bucket-allocator-block-size=33554432"
    "memorysetup-profiler-bucket-allocator-block-count=8"
    "memorysetup-profiler-allocator-block-size=16777216"
    "memorysetup-profiler-editor-allocator-block-size=1048576"
    "memorysetup-temp-allocator-size-main=16777216"
    "memorysetup-job-temp-allocator-block-size=2097152"
    "memorysetup-job-temp-allocator-block-size-background=1048576"
    "memorysetup-job-temp-allocator-reduction-small-platforms=262144"
Player connection [9036]  Target information:

Player connection [9036]  * "[IP] 192.168.1.112 [Port] 0 [Flags] 2 [Guid] 4198600785 [EditorId] 4198600785 [Version] 1048832 [Id] WindowsEditor(7,9daY) [Debug] 1 [PackageName] WindowsEditor [ProjectName] Editor" 

Player connection [9036] Host joined multi-casting on [225.0.0.222:54997]...
Player connection [9036] Host joined alternative multi-casting on [225.0.0.222:34997]...
JobSystem: Creating JobQueue using job-worker-count value 11
Input System module state changed to: Initialized.
[Physics::Module] Initialized fallback backend.
[Physics::Module] Id: 0xdecafbad
Library Redirect Path: Library/
[Physics::Module] Selected backend.
[Physics::Module] Name: PhysX
[Physics::Module] Id: 0xf2b8ea05
[Physics::Module] SDK Version: 4.1.2
[Physics::Module] Integration Version: 1.0.0
[Physics::Module] Threading Mode: Multi-Threaded
Refreshing native plugins compatible for Editor in 22.90 ms, found 10 plugins.
Initialize engine version: 6000.4.6f1 (0b051c2e5d54)
[Subsystems] Discovering subsystems at path D:/unity/Editor/Data/Resources/UnitySubsystems
[Subsystems] Discovering subsystems at path D:/Yin/Assets
Forcing GfxDevice: Direct3D 12
GfxDevice: creating device client; kGfxThreadingModeNonThreaded
d3d12: failed to query info queue interface (0x80004002).
Direct3D:
    Version:         Direct3D 12 [level 12.2]
    Renderer:        NVIDIA GeForce RTX 5070 Laptop GPU (ID=0x2d58)
    Vendor:          NVIDIA
    VRAM:            7891 MB
    App VRAM Budget: 7123 MB
    Driver:          32.0.15.9608
Initialize mono
Mono path[0] = 'D:/unity/Editor/Data/Managed'
Mono path[1] = 'D:/unity/Editor/Data/MonoBleedingEdge/lib/mono/unityjit-win32'
Mono config path = 'D:/unity/Editor/Data/MonoBleedingEdge/etc'
Using monoOptions --debugger-agent=transport=dt_socket,embedding=1,server=y,suspend=n,address=127.0.0.1:56452
CodeReloadManager initialized
Begin MonoManager ReloadAssembly
Registering precompiled unity dll's ...
Register platform support module: D:/unity/Editor/Data/PlaybackEngines/WindowsStandaloneSupport/UnityEditor.WindowsStandalone.Extensions.dll
Registered in 0.001388 seconds.
Native extension for WindowsStandalone target not found
Package Manager log level set to [2]
[Package Manager] Failed to launch server process. Reason: Unity was launched with the -noUpm command-line argument
[Package Manager] Unable to send message (not connected to server process).
[Package Manager] Cannot connect to Unity Package Manager local server
ScheduleIndexationOnStartup MainProcess:False IndexOnStartup:True
[Licensing::Client] Error: HandshakeResponse reported an error:
	ResponseCode: 505
	ResponseStatus: Unsupported protocol version '1.18.1'.
[Licensing::Module] Error: Failed to handshake to channel: "LicenseClient-15490"
[Licensing::IpcConnector] LicenseClient-15490 channel disconnected successfully.
[Licensing::IpcConnector] Successfully connected to: "LicenseClient-15490-6000.4.6" at "2026-08-02T23:41:03.7018998Z"
[Licensing::Client] Code 10 while verifying Licensing Client signature (process Id: 36380, path: "D:/unity/Editor/Data/Resources/Licensing/Client/Unity.Licensing.Client.exe")
[Licensing::Module] LicensingClient has failed validation; ignoring
[Licensing::Client] Handshaking with LicensingClient:
  Version:                 1.18.1+9fbee8e
  Session Id:              51061a1b527448599c8556887efb0296
  Correlation Id:          8f132c48ba833a145d04de9bbedf03ed
  External correlation Id: 3927355967932934483
  Machine Id:              DJWBFtPZt+einrVuex0hynKXsRc=
[Licensing::Module] Successfully connected to LicensingClient on channel: "LicenseClient-15490-6000.4.6" (connect: 0.00s, validation: 0.00s, handshake: 0.01s)
[Licensing::IpcConnector] Successfully connected to: "LicenseClient-15490-6000.4.6-notifications" at "2026-08-02T23:41:03.7131272Z"
[Licensing::Module] Licensing Background thread has ended after 2.00s
Mono: successfully reloaded assembly
- Finished resetting the current domain, in  0.383 seconds
Domain Reload Profiling: 913ms
	BeginReloadAssembly (184ms)
	RebuildCommonClasses (44ms)
	RebuildNativeTypeToScriptingClass (13ms)
	initialDomainReloadingComplete (72ms)
	LoadAllAssembliesAndSetupDomain (216ms)
		LoadAssemblies (183ms)
		AnalyzeDomain (207ms)
			TypeCache.Refresh (206ms)
				TypeCache.ScanAssembly (190ms)
	FinalizeReload (385ms)
		SetupLoadedEditorAssemblies (0ms)
			InitializePlatformSupportModulesInManaged (46ms)
			BeforeProcessingInitializeOnLoad (80ms)
			ProcessInitializeOnLoadAttributes (99ms)
			ProcessInitializeOnLoadMethodAttributes (81ms)
========================================================================
Worker process is ready to serve import requests
Import Worker Mode flag is 0x00
Begin MonoManager ReloadAssembly
[Licensing::Client] Successfully resolved entitlement details
[Licensing::Module] License group:
  Id: 5773964460127-UnityPersXXXX
  Product: Unity Personal
  Type: Assigned
  Expiration: Unlimited
Assembly Assembly-CSharp-Editor-firstpass.dll at Library/ScriptAssemblies/Assembly-CSharp-Editor-firstpass.dll not valid. Loading of assembly skipped.
Assembly Assembly-CSharp-firstpass.dll at Library/ScriptAssemblies/Assembly-CSharp-firstpass.dll not valid. Loading of assembly skipped.
Assembly DocCodeExamples.dll at Library/ScriptAssemblies/DocCodeExamples.dll not valid. Loading of assembly skipped.
Assembly TestNewCustomAssembly.dll at Library/ScriptAssemblies/TestNewCustomAssembly.dll not valid. Loading of assembly skipped.
Assembly Unity.Collections.BurstCompatibilityGen.dll at Library/ScriptAssemblies/Unity.Collections.BurstCompatibilityGen.dll not valid. Loading of assembly skipped.
Assembly Unity.Collections.DocCodeSamples.dll at Library/ScriptAssemblies/Unity.Collections.DocCodeSamples.dll not valid. Loading of assembly skipped.
Assembly Unity.Collections.PerformanceTests.dll at Library/ScriptAssemblies/Unity.Collections.PerformanceTests.dll not valid. Loading of assembly skipped.
Assembly Unity.Collections.Tests.dll at Library/ScriptAssemblies/Unity.Collections.Tests.dll not valid. Loading of assembly skipped.
Assembly Unity.Collections.Tests.Playmode.dll at Library/ScriptAssemblies/Unity.Collections.Tests.Playmode.dll not valid. Loading of assembly skipped.
Assembly Unity.InputSystem.IntegrationTests.dll at Library/ScriptAssemblies/Unity.InputSystem.IntegrationTests.dll not valid. Loading of assembly skipped.
Assembly Unity.Mathematics.Tests.dll at Library/ScriptAssemblies/Unity.Mathematics.Tests.dll not valid. Loading of assembly skipped.
Assembly Unity.Multiplayer.Center.Editor.Tests.dll at Library/ScriptAssemblies/Unity.Multiplayer.Center.Editor.Tests.dll not valid. Loading of assembly skipped.
Assembly Unity.Multiplayer.Center.Tests.dll at Library/ScriptAssemblies/Unity.Multiplayer.Center.Tests.dll not valid. Loading of assembly skipped.
Assembly Unity.Nuget.Mono-Cecil.dll at Library/ScriptAssemblies/Unity.Nuget.Mono-Cecil.dll not valid. Loading of assembly skipped.
Assembly Unity.PathTracing.Editor.Tests.dll at Library/ScriptAssemblies/Unity.PathTracing.Editor.Tests.dll not valid. Loading of assembly skipped.
Assembly Unity.PathTracing.Runtime.Tests.dll at Library/ScriptAssemblies/Unity.PathTracing.Runtime.Tests.dll not valid. Loading of assembly skipped.
Assembly Unity.RenderPipelines.Core.Editor.Tests.dll at Library/ScriptAssemblies/Unity.RenderPipelines.Core.Editor.Tests.dll not valid. Loading of assembly skipped.
Assembly Unity.RenderPipelines.Core.Runtime.Tests.dll at Library/ScriptAssemblies/Unity.RenderPipelines.Core.Runtime.Tests.dll not valid. Loading of assembly skipped.
Assembly Unity.RenderPipelines.Universal.Config.Editor.Tests.dll at Library/ScriptAssemblies/Unity.RenderPipelines.Universal.Config.Editor.Tests.dll not valid. Loading of assembly skipped.
Assembly Unity.RenderPipelines.Universal.Editor.Tests.dll at Library/ScriptAssemblies/Unity.RenderPipelines.Universal.Editor.Tests.dll not valid. Loading of assembly skipped.
Assembly Unity.RenderPipelines.Universal.Runtime.Tests.dll at Library/ScriptAssemblies/Unity.RenderPipelines.Universal.Runtime.Tests.dll not valid. Loading of assembly skipped.
Assembly Unity.Searcher.EditorTests.dll at Library/ScriptAssemblies/Unity.Searcher.EditorTests.dll not valid. Loading of assembly skipped.
Assembly Unity.ShaderGraph.Editor.Tests.dll at Library/ScriptAssemblies/Unity.ShaderGraph.Editor.Tests.dll not valid. Loading of assembly skipped.
Assembly Unity.TextMeshPro.Editor.Tests.dll at Library/ScriptAssemblies/Unity.TextMeshPro.Editor.Tests.dll not valid. Loading of assembly skipped.
Assembly Unity.TextMeshPro.Tests.dll at Library/ScriptAssemblies/Unity.TextMeshPro.Tests.dll not valid. Loading of assembly skipped.
Assembly Unity.UnifiedRayTracing.Editor.Tests.dll at Library/ScriptAssemblies/Unity.UnifiedRayTracing.Editor.Tests.dll not valid. Loading of assembly skipped.
Assembly Unity.XR.CoreUtils.CodeSamples.Tests.dll at Library/ScriptAssemblies/Unity.XR.CoreUtils.CodeSamples.Tests.dll not valid. Loading of assembly skipped.
Assembly Unity.XR.CoreUtils.Editor.Tests.dll at Library/ScriptAssemblies/Unity.XR.CoreUtils.Editor.Tests.dll not valid. Loading of assembly skipped.
Assembly Unity.XR.CoreUtils.Tests.dll at Library/ScriptAssemblies/Unity.XR.CoreUtils.Tests.dll not valid. Loading of assembly skipped.
Assembly Unity.XR.Interaction.Toolkit.Editor.Tests.dll at Library/ScriptAssemblies/Unity.XR.Interaction.Toolkit.Editor.Tests.dll not valid. Loading of assembly skipped.
Assembly Unity.XR.Interaction.Toolkit.Tests.dll at Library/ScriptAssemblies/Unity.XR.Interaction.Toolkit.Tests.dll not valid. Loading of assembly skipped.
Assembly Unity.XR.Management.EditorTests.dll at Library/ScriptAssemblies/Unity.XR.Management.EditorTests.dll not valid. Loading of assembly skipped.
Assembly Unity.XR.Management.TestPackage.dll at Library/ScriptAssemblies/Unity.XR.Management.TestPackage.dll not valid. Loading of assembly skipped.
Assembly Unity.XR.Management.TestPackage.Editor.dll at Library/ScriptAssemblies/Unity.XR.Management.TestPackage.Editor.dll not valid. Loading of assembly skipped.
Assembly Unity.XR.Management.Tests.dll at Library/ScriptAssemblies/Unity.XR.Management.Tests.dll not valid. Loading of assembly skipped.
Assembly Unity.XR.Management.Tests.Standalone.dll at Library/ScriptAssemblies/Unity.XR.Management.Tests.Standalone.dll not valid. Loading of assembly skipped.
Assembly Unity.XR.OpenXR.Editor.Tests.dll at Library/ScriptAssemblies/Unity.XR.OpenXR.Editor.Tests.dll not valid. Loading of assembly skipped.
Assembly Unity.XR.OpenXR.Tests.dll at Library/ScriptAssemblies/Unity.XR.OpenXR.Tests.dll not valid. Loading of assembly skipped.
Assembly Unity.XR.OpenXR.Ubuntu.Tests.dll at Library/ScriptAssemblies/Unity.XR.OpenXR.Ubuntu.Tests.dll not valid. Loading of assembly skipped.
Assembly Unity.XR.TestSupport.dll at Library/ScriptAssemblies/Unity.XR.TestSupport.dll not valid. Loading of assembly skipped.
Assembly UnityEditor.UI.Common.Tests.dll at Library/ScriptAssemblies/UnityEditor.UI.Common.Tests.dll not valid. Loading of assembly skipped.
Assembly UnityEditor.UI.EditorTests.dll at Library/ScriptAssemblies/UnityEditor.UI.EditorTests.dll not valid. Loading of assembly skipped.
Assembly UnityEditor.XR.LegacyInputHelpers.Tests.dll at Library/ScriptAssemblies/UnityEditor.XR.LegacyInputHelpers.Tests.dll not valid. Loading of assembly skipped.
Assembly UnityEngine.SpatialTracking.Tests.dll at Library/ScriptAssemblies/UnityEngine.SpatialTracking.Tests.dll not valid. Loading of assembly skipped.
Assembly UnityEngine.UI.Tests.dll at Library/ScriptAssemblies/UnityEngine.UI.Tests.dll not valid. Loading of assembly skipped.
Assembly UnityEngine.XR.OpenXR.CodeSamples.Editor.Tests.dll at Library/ScriptAssemblies/UnityEngine.XR.OpenXR.CodeSamples.Editor.Tests.dll not valid. Loading of assembly skipped.
Refreshing native plugins compatible for Editor in 6.55 ms, found 10 plugins.
Native extension for WindowsStandalone target not found
[Package Manager] Failed to launch server process. Reason: Unity was launched with the -noUpm command-line argument
[Package Manager] Unable to send message (not connected to server process).
[Package Manager] Cannot connect to Unity Package Manager local server
Refreshing native plugins compatible for Editor in 6.81 ms, found 10 plugins.
[Package Manager] Failed to launch server process. Reason: Unity was launched with the -noUpm command-line argument
[Package Manager] Unable to send message (not connected to server process).
[Package Manager] Cannot connect to Unity Package Manager local server
ScheduleIndexationOnStartup MainProcess:False IndexOnStartup:True
Mono: successfully reloaded assembly
[Package Manager] Failed to launch server process. Reason: Unity was launched with the -noUpm command-line argument
[Package Manager] Unable to send message (not connected to server process).
[Package Manager] Cannot connect to Unity Package Manager local server
[Package Manager] Failed to launch server process. Reason: Unity was launched with the -noUpm command-line argument
[Package Manager] Unable to send message (not connected to server process).
[Package Manager] Cannot connect to Unity Package Manager local server
- Finished resetting the current domain, in  1.021 seconds
Domain Reload Profiling: 1845ms
	BeginReloadAssembly (191ms)
		DisableScriptedObjects (4ms)
		CreateAndSetChildDomain (31ms)
	RebuildCommonClasses (33ms)
	RebuildNativeTypeToScriptingClass (11ms)
	initialDomainReloadingComplete (66ms)
	LoadAllAssembliesAndSetupDomain (524ms)
		LoadAssemblies (386ms)
		AnalyzeDomain (248ms)
			TypeCache.Refresh (176ms)
				TypeCache.ScanAssembly (156ms)
			BuildScriptInfoCaches (58ms)
			ResolveRequiredComponents (11ms)
	FinalizeReload (1021ms)
		SetupLoadedEditorAssemblies (0ms)
			BeforeProcessingInitializeOnLoad (143ms)
			ProcessInitializeOnLoadAttributes (507ms)
			ProcessInitializeOnLoadMethodAttributes (127ms)
		AwakeInstancesAfterBackupRestoration (8ms)
Launched and connected shader compiler UnityShaderCompiler.exe after 0.02 seconds
Refreshing native plugins compatible for Editor in 8.78 ms, found 10 plugins.
Unloading 24 Unused Serialized files (Serialized files now loaded: 0)
Unloading 7694 unused Assets / (5.8 MB). Loaded Objects now: 8541.
Memory consumption went from 181.3 MB to 175.5 MB.
Total: 11.360600 ms (FindLiveObjects: 0.959800 ms CreateObjectMapping: 1.007800 ms MarkObjects: 5.932000 ms  DeleteObjects: 3.458000 ms)

========================================================================
Received Import Request.
  Time since last request: 34104.060879 seconds.
  path: Assets/TripoModels/ancient_ceremonial_statue_3d_model/ancient_ceremonial_statue_3d_model.fbx
  importAddress: Guid(d2112433cc6548d4a8ed6f9ff97dfc0e) Importer(815301076,1909f56bfc062723c751e8b465ee728b)
Start importing Assets/TripoModels/ancient_ceremonial_statue_3d_model/ancient_ceremonial_statue_3d_model.fbx using Guid(d2112433cc6548d4a8ed6f9ff97dfc0e) Importer(815301076,1909f56bfc062723c751e8b465ee728b) (PreviewImporter)MaterialLocation.External is obsolete. External Material Location is no longer supported. (Assets/TripoModels/ancient_ceremonial_statue_3d_model/ancient_ceremonial_statue_3d_model.fbx)
 -> (Import Result ID: 'b7b6b14e408232cf81827ce53a50c432') in 1.1064597 seconds [static and dynamic dependencies]. Details - ImportResultOutputID=1d78737d023ec82c9eedcf4c62e30d1e DependenciesID=b7458720bf32ded2313d41ff8a1a52be StaticDependenciesID=dcabb29415fa0d2129b6d4beb231d9ca 
Number of updated asset objects reloaded before import = 0Number of asset objects unloaded after import = 11

========================================================================
Received Import Request.
  Time since last request: 0.000061 seconds.
  path: Assets/Ian's Fire Pack Universal/Objects/Candle.fbx
  importAddress: Guid(8f328578f08684b1fb1f8fd873c348ad) Importer(815301076,1909f56bfc062723c751e8b465ee728b)
Start importing Assets/Ian's Fire Pack Universal/Objects/Candle.fbx using Guid(8f328578f08684b1fb1f8fd873c348ad) Importer(815301076,1909f56bfc062723c751e8b465ee728b) (PreviewImporter) -> (Import Result ID: 'ba7f57a5be1492e3315b24e41d609ba8') in 0.056116 seconds [static and dynamic dependencies]. Details - ImportResultOutputID=3b54f49b2778c52fff9482766239268a DependenciesID=498c7052e304c4e372df58d89a909e2d StaticDependenciesID=ef43a7896925d77b1154316151d66415 
Number of updated asset objects reloaded before import = 0Number of asset objects unloaded after import = 9

========================================================================
Received Import Request.
  Time since last request: 0.000089 seconds.
  path: Assets/SunboxGames/ModularDungeonCaves/Models/LogStairs_01.fbx
  importAddress: Guid(0daf149d7c854454d9b4c4ceb1728fb2) Importer(815301076,1909f56bfc062723c751e8b465ee728b)
Start importing Assets/SunboxGames/ModularDungeonCaves/Models/LogStairs_01.fbx using Guid(0daf149d7c854454d9b4c4ceb1728fb2) Importer(815301076,1909f56bfc062723c751e8b465ee728b) (PreviewImporter) -> (Import Result ID: '507bae521647d251755ff229a3565c88') in 0.7320239 seconds [static and dynamic dependencies]. Details - ImportResultOutputID=12e0f169cdd15b7bf8002af1ead00932 DependenciesID=b71313ea4ba2034c08ef8fd709ce59c6 StaticDependenciesID=1f58ccc9a0ad91fd808114a2afc7ec5d 
Number of updated asset objects reloaded before import = 0Number of asset objects unloaded after import = 39

========================================================================
Received Import Request.
  Time since last request: 0.000044 seconds.
  path: Assets/SunboxGames/ModularDungeonCaves/Models/MediumChamber_02.fbx
  importAddress: Guid(f980568462e28b243b30c9066622dfd1) Importer(815301076,1909f56bfc062723c751e8b465ee728b)
Start importing Assets/SunboxGames/ModularDungeonCaves/Models/MediumChamber_02.fbx using Guid(f980568462e28b243b30c9066622dfd1) Importer(815301076,1909f56bfc062723c751e8b465ee728b) (PreviewImporter) -> (Import Result ID: '14c7c6614732230bd6441830a158a5bb') in 0.6450925 seconds [static and dynamic dependencies]. Details - ImportResultOutputID=169e7dcaeff13757d6ce30a92c2f66c7 DependenciesID=75f9982ef28dad0659a22249476e4786 StaticDependenciesID=0bf940099d13e386165271a185254945 
Number of updated asset objects reloaded before import = 0Number of asset objects unloaded after import = 34

========================================================================
Received Import Request.
  Time since last request: 0.000087 seconds.
  path: Assets/XR/Animated Hands/Models/l_hand_skeletal_lowres.fbx
  importAddress: Guid(ca20b3907ff1c794cb89c1ad2cce8282) Importer(815301076,1909f56bfc062723c751e8b465ee728b)
Start importing Assets/XR/Animated Hands/Models/l_hand_skeletal_lowres.fbx using Guid(ca20b3907ff1c794cb89c1ad2cce8282) Importer(815301076,1909f56bfc062723c751e8b465ee728b) (PreviewImporter) -> (Import Result ID: '7017c30104aea5830d5280ed320595ec') in 0.0376259 seconds [static and dynamic dependencies]. Details - ImportResultOutputID=e10125e7e668f81e0d5071e004bb02d7 DependenciesID=d00b9b8e7a9020fad8e5f856c53c93a7 StaticDependenciesID=13e2fcfa36918ccb23df130fdff3bcfa 
Number of updated asset objects reloaded before import = 0Number of asset objects unloaded after import = 65

========================================================================
Received Import Request.
  Time since last request: 0.000027 seconds.
  path: Assets/XR/Animated Hands/Animations/l_hand_fist_anim.fbx
  importAddress: Guid(7cb2e1480bb51ce4282f540ea3f41d4f) Importer(815301076,1909f56bfc062723c751e8b465ee728b)
Start importing Assets/XR/Animated Hands/Animations/l_hand_fist_anim.fbx using Guid(7cb2e1480bb51ce4282f540ea3f41d4f) Importer(815301076,1909f56bfc062723c751e8b465ee728b) (PreviewImporter) -> (Import Result ID: '9fc8070dbb27fa3201e5aed8e4004a54') in 0.0029144 seconds [static and dynamic dependencies]. Details - ImportResultOutputID=ec665d006642f8b3ad3ef4673140baf5 DependenciesID=a9ea841170855b0dcb106ed970e459e4 StaticDependenciesID=63b8df6cf1d35f8d7e6e025af5369ebd 
Number of updated asset objects reloaded before import = 0Number of asset objects unloaded after import = 55

========================================================================
Received Import Request.
  Time since last request: 0.000036 seconds.
  path: Assets/TripoModels/ancient_chinese_statue_3d_model/ancient_chinese_statue_3d_model.fbx
  importAddress: Guid(182f809cf45a03a419621e108d482d4e) Importer(815301076,1909f56bfc062723c751e8b465ee728b)
Start importing Assets/TripoModels/ancient_chinese_statue_3d_model/ancient_chinese_statue_3d_model.fbx using Guid(182f809cf45a03a419621e108d482d4e) Importer(815301076,1909f56bfc062723c751e8b465ee728b) (PreviewImporter)MaterialLocation.External is obsolete. External Material Location is no longer supported. (Assets/TripoModels/ancient_chinese_statue_3d_model/ancient_chinese_statue_3d_model.fbx)
 -> (Import Result ID: 'd83cca8075865928a50643d393cd707a') in 0.0375849 seconds [static and dynamic dependencies]. Details - ImportResultOutputID=b895d7c820ad380f4ff1398eab51e18c DependenciesID=1f368a9c3fc144404ef1cad463cccdda StaticDependenciesID=0949374b733663f24bf0422ea8d68f1a 
Number of updated asset objects reloaded before import = 0Number of asset objects unloaded after import = 11

========================================================================
Received Import Request.
  Time since last request: 0.000041 seconds.
  path: Assets/SunboxGames/ModularDungeonCaves/Models/MediumChamber_01.fbx
  importAddress: Guid(669ea818145d0424cb128d93f1ee7981) Importer(815301076,1909f56bfc062723c751e8b465ee728b)
Start importing Assets/SunboxGames/ModularDungeonCaves/Models/MediumChamber_01.fbx using Guid(669ea818145d0424cb128d93f1ee7981) Importer(815301076,1909f56bfc062723c751e8b465ee728b) (PreviewImporter) -> (Import Result ID: '8231ca1b8016c4272e198321c947f791') in 0.1686975 seconds [static and dynamic dependencies]. Details - ImportResultOutputID=6027f19282b681a9e2fe380962fa1e01 DependenciesID=a85964de2873dbfcf33a8144fb02ae85 StaticDependenciesID=58ee1330f69bf975f16a5f09fcc6d46d 
Number of updated asset objects reloaded before import = 0Number of asset objects unloaded after import = 40

========================================================================
Received Import Request.
  Time since last request: 0.000075 seconds.
  path: Assets/TripoModels/chinese_scholar_statue_3d_model/chinese_scholar_statue_3d_model.fbx
  importAddress: Guid(af997906648985447894d166325d9456) Importer(815301076,1909f56bfc062723c751e8b465ee728b)
Start importing Assets/TripoModels/chinese_scholar_statue_3d_model/chinese_scholar_statue_3d_model.fbx using Guid(af997906648985447894d166325d9456) Importer(815301076,1909f56bfc062723c751e8b465ee728b) (PreviewImporter)MaterialLocation.External is obsolete. External Material Location is no longer supported. (Assets/TripoModels/chinese_scholar_statue_3d_model/chinese_scholar_statue_3d_model.fbx)
 -> (Import Result ID: '861cf7c4b9eb77cc4a0a9d0cdd6abad4') in 0.037872 seconds [static and dynamic dependencies]. Details - ImportResultOutputID=7b8c57a1466764d77864c47667da847f DependenciesID=bd276bd536f408c6b462453cae01fa24 StaticDependenciesID=f020ba1a92a9977de84ec8fef02065d8 
Number of updated asset objects reloaded before import = 0Number of asset objects unloaded after import = 11

========================================================================
Received Import Request.
  Time since last request: 0.000032 seconds.
  path: Assets/TripoModels/ancient_statue_3d_model_1/ancient_statue_3d_model_1.fbx
  importAddress: Guid(6e19049ed22666343b1edd7039b69496) Importer(815301076,1909f56bfc062723c751e8b465ee728b)
Start importing Assets/TripoModels/ancient_statue_3d_model_1/ancient_statue_3d_model_1.fbx using Guid(6e19049ed22666343b1edd7039b69496) Importer(815301076,1909f56bfc062723c751e8b465ee728b) (PreviewImporter)MaterialLocation.External is obsolete. External Material Location is no longer supported. (Assets/TripoModels/ancient_statue_3d_model_1/ancient_statue_3d_model_1.fbx)
 -> (Import Result ID: 'bd182f4e7c7fbb709429cd62ebf78190') in 0.042281 seconds [static and dynamic dependencies]. Details - ImportResultOutputID=5ad38251b6bd3ec62034fb983fb3be41 DependenciesID=c910fac34989c871c28874eaedda5c72 StaticDependenciesID=b7c7540d42e9c81c77173ad9cd344cba 
Number of updated asset objects reloaded before import = 0Number of asset objects unloaded after import = 11

========================================================================
Received Import Request.
  Time since last request: 0.000036 seconds.
  path: Assets/TripoModels/ancient_statue_3d_model_2/ancient_statue_3d_model_2.fbx
  importAddress: Guid(3c4d9592a7b98f441a26c81aba67c2d0) Importer(815301076,1909f56bfc062723c751e8b465ee728b)
Start importing Assets/TripoModels/ancient_statue_3d_model_2/ancient_statue_3d_model_2.fbx using Guid(3c4d9592a7b98f441a26c81aba67c2d0) Importer(815301076,1909f56bfc062723c751e8b465ee728b) (PreviewImporter)MaterialLocation.External is obsolete. External Material Location is no longer supported. (Assets/TripoModels/ancient_statue_3d_model_2/ancient_statue_3d_model_2.fbx)
 -> (Import Result ID: '8e2eec7b4e67575155e7a046abe30995') in 0.0392403 seconds [static and dynamic dependencies]. Details - ImportResultOutputID=e76ac2360d6a4e23ab5411488f385ccf DependenciesID=88548618e08ad19e42bbf16b094bd0a3 StaticDependenciesID=642bcbb117b999027862e2b4aa0dffcd 
Number of updated asset objects reloaded before import = 0Number of asset objects unloaded after import = 11

========================================================================
Received Import Request.
  Time since last request: 0.000051 seconds.
  path: Assets/TripoModels/ancient_chinese_queen_3d_model/ancient_chinese_queen_3d_model.fbx
  importAddress: Guid(b3b869eba57fdb849bdd82bb5119c28b) Importer(815301076,1909f56bfc062723c751e8b465ee728b)
Start importing Assets/TripoModels/ancient_chinese_queen_3d_model/ancient_chinese_queen_3d_model.fbx using Guid(b3b869eba57fdb849bdd82bb5119c28b) Importer(815301076,1909f56bfc062723c751e8b465ee728b) (PreviewImporter)MaterialLocation.External is obsolete. External Material Location is no longer supported. (Assets/TripoModels/ancient_chinese_queen_3d_model/ancient_chinese_queen_3d_model.fbx)
 -> (Import Result ID: 'c2b1e3f39e479fdbb951a5bcb29e1985') in 0.0361006 seconds [static and dynamic dependencies]. Details - ImportResultOutputID=2ec172f199aa8df338c4dc85bb695a8b DependenciesID=8883890e0652fcec24a34955e72e2008 StaticDependenciesID=289ca56f6da4b8316f09d6dd011e5e17 
Number of updated asset objects reloaded before import = 0Number of asset objects unloaded after import = 11

========================================================================
Received Import Request.
  Time since last request: 0.000085 seconds.
  path: Assets/TripoModels/ancient_chinese_statue_3d_model_4/ancient_chinese_statue_3d_model_4.fbx
  importAddress: Guid(2a0dfd199e0028441bbdfa43cfba1e55) Importer(815301076,1909f56bfc062723c751e8b465ee728b)
Start importing Assets/TripoModels/ancient_chinese_statue_3d_model_4/ancient_chinese_statue_3d_model_4.fbx using Guid(2a0dfd199e0028441bbdfa43cfba1e55) Importer(815301076,1909f56bfc062723c751e8b465ee728b) (PreviewImporter)MaterialLocation.External is obsolete. External Material Location is no longer supported. (Assets/TripoModels/ancient_chinese_statue_3d_model_4/ancient_chinese_statue_3d_model_4.fbx)
 -> (Import Result ID: 'bdeead463d3b39dd6da65d2c1c0f978d') in 0.0333564 seconds [static and dynamic dependencies]. Details - ImportResultOutputID=09636fd30e8fc6e984c8609cc09466a5 DependenciesID=c2eee61280e7617659859b76a5a6e6f2 StaticDependenciesID=f3a9452d2ea1310e620ddddb8f05cd2a 
Number of updated asset objects reloaded before import = 0Number of asset objects unloaded after import = 11

========================================================================
Received Import Request.
  Time since last request: 0.000030 seconds.
  path: Assets/SunboxGames/ModularDungeonCaves/Models/DungeonProps01.fbx
  importAddress: Guid(ac5102e34f4169142a6671f63ddc59d9) Importer(815301076,1909f56bfc062723c751e8b465ee728b)
Start importing Assets/SunboxGames/ModularDungeonCaves/Models/DungeonProps01.fbx using Guid(ac5102e34f4169142a6671f63ddc59d9) Importer(815301076,1909f56bfc062723c751e8b465ee728b) (PreviewImporter) -> (Import Result ID: 'e2653cedfc7a0ef914c3520d16d22265') in 0.2040258 seconds [static and dynamic dependencies]. Details - ImportResultOutputID=b0982c26c4f917b2aa8639358772f138 DependenciesID=cd0957a78955a323010d3e6d289c9a36 StaticDependenciesID=0ffcf3038ee691dabb3f3a3f09034520 
Number of updated asset objects reloaded before import = 0Number of asset objects unloaded after import = 49

========================================================================
Received Import Request.
  Time since last request: 0.000047 seconds.
  path: Packages/com.unity.render-pipelines.core/Editor/Resources/DebugProbe.fbx
  importAddress: Guid(9e1c97fc44f9a8744b61b58f72c56de4) Importer(815301076,1909f56bfc062723c751e8b465ee728b)
Start importing Packages/com.unity.render-pipelines.core/Editor/Resources/DebugProbe.fbx using Guid(9e1c97fc44f9a8744b61b58f72c56de4) Importer(815301076,1909f56bfc062723c751e8b465ee728b) (PreviewImporter) -> (Import Result ID: '47b19b30f7d2de7e412ebff817a9bfdb') in 0.0154014 seconds [static and dynamic dependencies]. Details - ImportResultOutputID=121560f0cdd3ca0587239b974f4ab661 DependenciesID=08277ae99adf3165c383d0e204a6e871 StaticDependenciesID=fc95985c38e23dd2c8648a9af928328d 
Number of updated asset objects reloaded before import = 0Number of asset objects unloaded after import = 7

========================================================================
Received Import Request.
  Time since last request: 0.000045 seconds.
  path: Assets/SunboxGames/ModularDungeonCaves/Models/FluffyFerns.fbx
  importAddress: Guid(435df9a548b558348a5ec011a1b60368) Importer(815301076,1909f56bfc062723c751e8b465ee728b)
Start importing Assets/SunboxGames/ModularDungeonCaves/Models/FluffyFerns.fbx using Guid(435df9a548b558348a5ec011a1b60368) Importer(815301076,1909f56bfc062723c751e8b465ee728b) (PreviewImporter) -> (Import Result ID: '38cb346f097e44f95ce1fbc6168f2495') in 0.860011 seconds [static and dynamic dependencies]. Details - ImportResultOutputID=1de2714470403974111451fcd5765d8b DependenciesID=ae6ec82403af7ab4f342b7dc0e567108 StaticDependenciesID=63daacbb1466346ffc320bca4904b846 
Number of updated asset objects reloaded before import = 0Number of asset objects unloaded after import = 22

========================================================================
Received Import Request.
  Time since last request: 0.000035 seconds.
  path: Assets/materials/Meshy_AI_Fragmented_Cuneiform__0801054947_texture_fbx/Meshy_AI_Fragmented_Cuneiform__0801054947_texture.fbx
  importAddress: Guid(3f9451ea984067f4a82f64c302162008) Importer(815301076,1909f56bfc062723c751e8b465ee728b)
Start importing Assets/materials/Meshy_AI_Fragmented_Cuneiform__0801054947_texture_fbx/Meshy_AI_Fragmented_Cuneiform__0801054947_texture.fbx using Guid(3f9451ea984067f4a82f64c302162008) Importer(815301076,1909f56bfc062723c751e8b465ee728b) (PreviewImporter)d3d12: upload buffer was too small for the requested resource! Size: 16777216. Requested: 17014704.
 -> (Import Result ID: '0864eab68fe4ee6e570dcc186e4f0b97') in 0.054622 seconds [static and dynamic dependencies]. Details - ImportResultOutputID=c4dfb0b64802e76f94681a1bfef95861 DependenciesID=6dd697f43ea269e381486f8098dbe5f3 StaticDependenciesID=3f2d1fcf94a8949438c3993081d0701e 
Number of updated asset objects reloaded before import = 0Number of asset objects unloaded after import = 8

========================================================================
Received Import Request.
  Time since last request: 0.000045 seconds.
  path: Packages/com.unity.render-pipelines.core/Runtime/RenderPipelineResources/Mesh/BackgroundMesh.fbx
  importAddress: Guid(b9ae429aca254fa41966db24b9e53232) Importer(815301076,1909f56bfc062723c751e8b465ee728b)
Start importing Packages/com.unity.render-pipelines.core/Runtime/RenderPipelineResources/Mesh/BackgroundMesh.fbx using Guid(b9ae429aca254fa41966db24b9e53232) Importer(815301076,1909f56bfc062723c751e8b465ee728b) (PreviewImporter) -> (Import Result ID: '691368c0d79d9210ec68926c7835afc6') in 0.0187228 seconds [static and dynamic dependencies]. Details - ImportResultOutputID=3090ad58b31c37ddf211f6c847cc76b9 DependenciesID=aa1e6ca2326a1039f61dd010a87a39df StaticDependenciesID=367dbeac09348a8dfb5d3efe0d8844b6 
Number of updated asset objects reloaded before import = 0Number of asset objects unloaded after import = 7

========================================================================
Received Import Request.
  Time since last request: 0.000053 seconds.
  path: Assets/TripoModels/ancient_chinese_statue_3d_model_5/ancient_chinese_statue_3d_model_5.fbx
  importAddress: Guid(50e5b80e633df3f4e855617d518251b8) Importer(815301076,1909f56bfc062723c751e8b465ee728b)
Start importing Assets/TripoModels/ancient_chinese_statue_3d_model_5/ancient_chinese_statue_3d_model_5.fbx using Guid(50e5b80e633df3f4e855617d518251b8) Importer(815301076,1909f56bfc062723c751e8b465ee728b) (PreviewImporter)MaterialLocation.External is obsolete. External Material Location is no longer supported. (Assets/TripoModels/ancient_chinese_statue_3d_model_5/ancient_chinese_statue_3d_model_5.fbx)
 -> (Import Result ID: 'b96c9216658a1953887c347059b17a55') in 0.0376042 seconds [static and dynamic dependencies]. Details - ImportResultOutputID=fa3d49ed276506fd66478288f5ba52f1 DependenciesID=7ceb19f582d9026566d7ad6fc7915cda StaticDependenciesID=f4bd6c850cdcc778a1f2d65b9c24a715 
Number of updated asset objects reloaded before import = 0Number of asset objects unloaded after import = 11

========================================================================
Received Import Request.
  Time since last request: 0.000046 seconds.
  path: Assets/TripoModels/ancient_chinese_statue_3d_model_1/ancient_chinese_statue_3d_model_1.fbx
  importAddress: Guid(59e18f568826f1249bdef886018fe19b) Importer(815301076,1909f56bfc062723c751e8b465ee728b)
Start importing Assets/TripoModels/ancient_chinese_statue_3d_model_1/ancient_chinese_statue_3d_model_1.fbx using Guid(59e18f568826f1249bdef886018fe19b) Importer(815301076,1909f56bfc062723c751e8b465ee728b) (PreviewImporter)MaterialLocation.External is obsolete. External Material Location is no longer supported. (Assets/TripoModels/ancient_chinese_statue_3d_model_1/ancient_chinese_statue_3d_model_1.fbx)
 -> (Import Result ID: 'b6de606475b71cf53689b1f22140964f') in 0.0384174 seconds [static and dynamic dependencies]. Details - ImportResultOutputID=97e5017ed150666be446d5f3585bfb2e DependenciesID=c15d4a0e820b614e3f8f8443006f0a27 StaticDependenciesID=2acb4144de9b11894066ba3e6914a8d5 
Number of updated asset objects reloaded before import = 0Number of asset objects unloaded after import = 11

========================================================================
Received Import Request.
  Time since last request: 0.000036 seconds.
  path: Assets/TripoModels/bodhisattva_statue_3d_model_2/bodhisattva_statue_3d_model_2.fbx
  importAddress: Guid(6945bee846bf3f84fb5f82c202d03729) Importer(815301076,1909f56bfc062723c751e8b465ee728b)
Start importing Assets/TripoModels/bodhisattva_statue_3d_model_2/bodhisattva_statue_3d_model_2.fbx using Guid(6945bee846bf3f84fb5f82c202d03729) Importer(815301076,1909f56bfc062723c751e8b465ee728b) (PreviewImporter) -> (Import Result ID: '6201b82976bb814123c6c9d650165500') in 0.0367465 seconds [static and dynamic dependencies]. Details - ImportResultOutputID=3bb539a546a60cac788b3220fee7ba28 DependenciesID=13b18fe8af5a710ac8620c87dd1015b8 StaticDependenciesID=6c542da49d92fe5d2d75ab2fb3aa863a 
Number of updated asset objects reloaded before import = 0Number of asset objects unloaded after import = 10

========================================================================
Received Import Request.
  Time since last request: 0.000048 seconds.
  path: Assets/materials/Meshy_AI_Fragmented_Runic_Tabl_0801055010_texture_fbx/Meshy_AI_Fragmented_Runic_Tabl_0801055010_texture.fbx
  importAddress: Guid(b6b6f96c47cf53d40bb7ff36164066a9) Importer(815301076,1909f56bfc062723c751e8b465ee728b)
Start importing Assets/materials/Meshy_AI_Fragmented_Runic_Tabl_0801055010_texture_fbx/Meshy_AI_Fragmented_Runic_Tabl_0801055010_texture.fbx using Guid(b6b6f96c47cf53d40bb7ff36164066a9) Importer(815301076,1909f56bfc062723c751e8b465ee728b) (PreviewImporter) -> (Import Result ID: '13bbc9921faf4379bd48692a1aebb2e1') in 0.0310734 seconds [static and dynamic dependencies]. Details - ImportResultOutputID=a5c6611dcfb854040de1c3c655d68669 DependenciesID=73c407350a079b611f4440b2ed9cf3b2 StaticDependenciesID=604eafbaf43220991f3ebd11c379b2ee 
Number of updated asset objects reloaded before import = 0Number of asset objects unloaded after import = 8

========================================================================
Received Import Request.
  Time since last request: 0.000051 seconds.
  path: Assets/materials/Meshy_AI_Bronze_Ritual_Vessel__0731180908_texture_fbx/Meshy_AI_Bronze_Ritual_Vessel__0731180908_texture.fbx
  importAddress: Guid(a6d9128fdd823cd4d906b843b1441ab2) Importer(815301076,1909f56bfc062723c751e8b465ee728b)
Start importing Assets/materials/Meshy_AI_Bronze_Ritual_Vessel__0731180908_texture_fbx/Meshy_AI_Bronze_Ritual_Vessel__0731180908_texture.fbx using Guid(a6d9128fdd823cd4d906b843b1441ab2) Importer(815301076,1909f56bfc062723c751e8b465ee728b) (PreviewImporter)d3d12: upload buffer was too small for the requested resource! Size: 17825792. Requested: 34584096.
 -> (Import Result ID: '58c863b254689922218c0bb17d6b6aa3') in 0.0843334 seconds [static and dynamic dependencies]. Details - ImportResultOutputID=2ef96de29e68ca7e58db5f2b87126c03 DependenciesID=ce6cada28e7dd14406640fef1aab9706 StaticDependenciesID=75d1602d4c4a99c1967b484f8b6f39b0 
Number of updated asset objects reloaded before import = 0Number of asset objects unloaded after import = 8

========================================================================
Received Import Request.
  Time since last request: 0.000045 seconds.
  path: Assets/TripoModels/ancient_chinese_statue_3d_model_2/ancient_chinese_statue_3d_model_2.fbx
  importAddress: Guid(9f0e4cc24307cd74297149e4cadaa092) Importer(815301076,1909f56bfc062723c751e8b465ee728b)
Start importing Assets/TripoModels/ancient_chinese_statue_3d_model_2/ancient_chinese_statue_3d_model_2.fbx using Guid(9f0e4cc24307cd74297149e4cadaa092) Importer(815301076,1909f56bfc062723c751e8b465ee728b) (PreviewImporter)MaterialLocation.External is obsolete. External Material Location is no longer supported. (Assets/TripoModels/ancient_chinese_statue_3d_model_2/ancient_chinese_statue_3d_model_2.fbx)
 -> (Import Result ID: '48cb6ca41f30471f96501e7fbcf505f0') in 0.0367425 seconds [static and dynamic dependencies]. Details - ImportResultOutputID=adb8d4657db3bf15b5cd1e36e75d9fd2 DependenciesID=43f21d0b5e27f0d931dbd0cfb1ae084a StaticDependenciesID=ad27a14d089720af94c3b0e99e0754dd 
Number of updated asset objects reloaded before import = 0Number of asset objects unloaded after import = 11

========================================================================
Received Import Request.
  Time since last request: 0.000054 seconds.
  path: Assets/TripoModels/ancient_chinese_statue_3d_model_3/ancient_chinese_statue_3d_model_3.fbx
  importAddress: Guid(5922ad4703330d84c929e36350b10f1e) Importer(815301076,1909f56bfc062723c751e8b465ee728b)
Start importing Assets/TripoModels/ancient_chinese_statue_3d_model_3/ancient_chinese_statue_3d_model_3.fbx using Guid(5922ad4703330d84c929e36350b10f1e) Importer(815301076,1909f56bfc062723c751e8b465ee728b) (PreviewImporter)MaterialLocation.External is obsolete. External Material Location is no longer supported. (Assets/TripoModels/ancient_chinese_statue_3d_model_3/ancient_chinese_statue_3d_model_3.fbx)
 -> (Import Result ID: '6477d498eeb6e1711b5bcd38ff65189e') in 0.0362305 seconds [static and dynamic dependencies]. Details - ImportResultOutputID=5cfd0b5b230d941ce94175a316b1861b DependenciesID=7a3b36e6f28b079bf23d2e7a49a9f38a StaticDependenciesID=c184390c38ea76a5dca09c390cc97d54 
Number of updated asset objects reloaded before import = 0Number of asset objects unloaded after import = 11

========================================================================
Received Import Request.
  Time since last request: 0.000037 seconds.
  path: Assets/SunboxGames/ModularDungeonCaves/Models/DungeonProps05.fbx
  importAddress: Guid(4c8b890f6ec599d49a1894138a56ddde) Importer(815301076,1909f56bfc062723c751e8b465ee728b)
Start importing Assets/SunboxGames/ModularDungeonCaves/Models/DungeonProps05.fbx using Guid(4c8b890f6ec599d49a1894138a56ddde) Importer(815301076,1909f56bfc062723c751e8b465ee728b) (PreviewImporter) -> (Import Result ID: 'fc238324cbee57f69127540d1d5e89a5') in 0.2259392 seconds [static and dynamic dependencies]. Details - ImportResultOutputID=efef1ddf182018e5b18e00cf5146d137 DependenciesID=dde20ca550e0d61ee8a41ef99f55b396 StaticDependenciesID=0cb735e136ecf55c83fe2b5f9a36f044 
Number of updated asset objects reloaded before import = 0Number of asset objects unloaded after import = 64

========================================================================
Received Import Request.
  Time since last request: 0.000043 seconds.
  path: Assets/materials/Meshy_AI_Cracked_ancient_bottl_0801055100_texture_fbx/Meshy_AI_Cracked_ancient_bottl_0801055100_texture.fbx
  importAddress: Guid(56b5adf4f93b14c45b75a7b30ea540a5) Importer(815301076,1909f56bfc062723c751e8b465ee728b)
Start importing Assets/materials/Meshy_AI_Cracked_ancient_bottl_0801055100_texture_fbx/Meshy_AI_Cracked_ancient_bottl_0801055100_texture.fbx using Guid(56b5adf4f93b14c45b75a7b30ea540a5) Importer(815301076,1909f56bfc062723c751e8b465ee728b) (PreviewImporter) -> (Import Result ID: 'f033b8183487f85769c066c2aab7bacb') in 0.0293225 seconds [static and dynamic dependencies]. Details - ImportResultOutputID=ffe88a6b6b59a1c685d43421d0b20198 DependenciesID=dd2b8708d4aac680a495db54c8feb4c6 StaticDependenciesID=edf3df5ebc93bcbf04cf5f08497cc92b 
Number of updated asset objects reloaded before import = 0Number of asset objects unloaded after import = 8

========================================================================
Received Import Request.
  Time since last request: 0.000046 seconds.
  path: Assets/SunboxGames/ModularDungeonCaves/Models/Mushrooms.fbx
  importAddress: Guid(35e29f74a688a6e4c902bfa79d6f7cca) Importer(815301076,1909f56bfc062723c751e8b465ee728b)
Start importing Assets/SunboxGames/ModularDungeonCaves/Models/Mushrooms.fbx using Guid(35e29f74a688a6e4c902bfa79d6f7cca) Importer(815301076,1909f56bfc062723c751e8b465ee728b) (PreviewImporter) -> (Import Result ID: '1fe2829cc5369ec2f66a6efe551baac6') in 0.8272175 seconds [static and dynamic dependencies]. Details - ImportResultOutputID=3c612f5eddf396822791cd7a8e36886b DependenciesID=8257bc341cb319a645eec05aa372127a StaticDependenciesID=245f35d5ecfdaaa3f49ae7c5ec0ef721 
Number of updated asset objects reloaded before import = 0Number of asset objects unloaded after import = 45

========================================================================
Received Import Request.
  Time since last request: 0.000048 seconds.
  path: Assets/HIVEMIND/CaveOfHiddenTomb/HDRP (Default)/Art/Assets/Pillar/C/SM_Pillar_C.fbx
  importAddress: Guid(abc00000000003771029102605887189) Importer(815301076,1909f56bfc062723c751e8b465ee728b)
Start importing Assets/HIVEMIND/CaveOfHiddenTomb/HDRP (Default)/Art/Assets/Pillar/C/SM_Pillar_C.fbx using Guid(abc00000000003771029102605887189) Importer(815301076,1909f56bfc062723c751e8b465ee728b) (PreviewImporter)MaterialLocation.External is obsolete. External Material Location is no longer supported. (Assets/HIVEMIND/CaveOfHiddenTomb/HDRP (Default)/Art/Assets/Pillar/C/SM_Pillar_C.fbx)
 -> (Import Result ID: 'e40cb58d3fa1220cb098c1f43ea4dc2c') in 0.097667 seconds [static and dynamic dependencies]. Details - ImportResultOutputID=d9053b56cd39d6267bca5f5dc97454d7 DependenciesID=0d0b634d80aecf7c4d3c0f948cdffd34 StaticDependenciesID=91ad5808d899ef09fe683da015d3f947 
Number of updated asset objects reloaded before import = 0Number of asset objects unloaded after import = 41

========================================================================
Received Import Request.
  Time since last request: 0.000061 seconds.
  path: Assets/HIVEMIND/CaveOfHiddenTomb/HDRP (Default)/Art/Assets/Rock/G/SM_Rock_G.fbx
  importAddress: Guid(abc00000000008050642724442413101) Importer(815301076,1909f56bfc062723c751e8b465ee728b)
Start importing Assets/HIVEMIND/CaveOfHiddenTomb/HDRP (Default)/Art/Assets/Rock/G/SM_Rock_G.fbx using Guid(abc00000000008050642724442413101) Importer(815301076,1909f56bfc062723c751e8b465ee728b) (PreviewImporter)MaterialLocation.External is obsolete. External Material Location is no longer supported. (Assets/HIVEMIND/CaveOfHiddenTomb/HDRP (Default)/Art/Assets/Rock/G/SM_Rock_G.fbx)
 -> (Import Result ID: 'b0b188b5a2127d6c7c5144ea0a4d2afd') in 0.0764406 seconds [static and dynamic dependencies]. Details - ImportResultOutputID=c5d0a373b2cfe457fae4576625f15f2b DependenciesID=05daf1da2f465c81e1b7046f8d4bf8c0 StaticDependenciesID=795b17023bdbb02d7dcb8ce91e8acba5 
Number of updated asset objects reloaded before import = 0Number of asset objects unloaded after import = 35

========================================================================
Received Import Request.
  Time since last request: 0.000033 seconds.
  path: Assets/Resources/宗庙布.fbx
  importAddress: Guid(212e0a83380c6a24abe68b3d2ad2884e) Importer(815301076,1909f56bfc062723c751e8b465ee728b)
Start importing Assets/Resources/宗庙布.fbx using Guid(212e0a83380c6a24abe68b3d2ad2884e) Importer(815301076,1909f56bfc062723c751e8b465ee728b) (PreviewImporter)d3d12: upload buffer was too small for the requested resource! Size: 34603008. Requested: 37332480.
 -> (Import Result ID: '84ff892b8bccc990a475112984cee480') in 0.0801918 seconds [static and dynamic dependencies]. Details - ImportResultOutputID=bcbd6c5795acf2b22341302ea634957b DependenciesID=49272c8166a438e1a8114964a18cdcad StaticDependenciesID=72c4adfedb5a281b23196d62515e601f 
Number of updated asset objects reloaded before import = 0Number of asset objects unloaded after import = 8

========================================================================
Received Import Request.
  Time since last request: 0.000050 seconds.
  path: Assets/HIVEMIND/CaveOfHiddenTomb/HDRP (Default)/Art/Assets/Scanned_Foliage/Foliage/EuropeanBeech/Meshes/SM_EuropeanBeech_S_01.fbx
  importAddress: Guid(abc00000000009759247195530729125) Importer(815301076,1909f56bfc062723c751e8b465ee728b)
Start importing Assets/HIVEMIND/CaveOfHiddenTomb/HDRP (Default)/Art/Assets/Scanned_Foliage/Foliage/EuropeanBeech/Meshes/SM_EuropeanBeech_S_01.fbx using Guid(abc00000000009759247195530729125) Importer(815301076,1909f56bfc062723c751e8b465ee728b) (PreviewImporter)MaterialLocation.External is obsolete. External Material Location is no longer supported. (Assets/HIVEMIND/CaveOfHiddenTomb/HDRP (Default)/Art/Assets/Scanned_Foliage/Foliage/EuropeanBeech/Meshes/SM_EuropeanBeech_S_01.fbx)
 -> (Import Result ID: 'd310d764b9deee0741781ea57524947d') in 0.0884652 seconds [static and dynamic dependencies]. Details - ImportResultOutputID=57cbfde87e2a48ef83fbf0079d123107 DependenciesID=3438647c2a5fa376f7d0304f67fd25a4 StaticDependenciesID=a039a6d3895320f7eac67dec2c562608 
Number of updated asset objects reloaded before import = 0Number of asset objects unloaded after import = 34

========================================================================
Received Import Request.
  Time since last request: 0.000054 seconds.
  path: Assets/HIVEMIND/CaveOfHiddenTomb/HDRP (Default)/Art/Assets/Rock/A/SM_Rock_A.fbx
  importAddress: Guid(abc00000000000690070618943580829) Importer(815301076,1909f56bfc062723c751e8b465ee728b)
Start importing Assets/HIVEMIND/CaveOfHiddenTomb/HDRP (Default)/Art/Assets/Rock/A/SM_Rock_A.fbx using Guid(abc00000000000690070618943580829) Importer(815301076,1909f56bfc062723c751e8b465ee728b) (PreviewImporter)MaterialLocation.External is obsolete. External Material Location is no longer supported. (Assets/HIVEMIND/CaveOfHiddenTomb/HDRP (Default)/Art/Assets/Rock/A/SM_Rock_A.fbx)
 -> (Import Result ID: 'd57da022954c17b4f3727ae272aaa3aa') in 0.0835849 seconds [static and dynamic dependencies]. Details - ImportResultOutputID=55a048b5e02ec317c29d1dab1b7afd7d DependenciesID=58b24bea598d80ddb65dcbbd2e4ab053 StaticDependenciesID=be18fb5e300d6afcb2c68b376d3556ee 
Number of updated asset objects reloaded before import = 0Number of asset objects unloaded after import = 35

========================================================================
Received Import Request.
  Time since last request: 0.000029 seconds.
  path: Assets/animations/妇好循环走路.fbx
  importAddress: Guid(4c344f67dbcbb9d46a236cfce14df8cd) Importer(815301076,1909f56bfc062723c751e8b465ee728b)
Start importing Assets/animations/妇好循环走路.fbx using Guid(4c344f67dbcbb9d46a236cfce14df8cd) Importer(815301076,1909f56bfc062723c751e8b465ee728b) (PreviewImporter) -> (Import Result ID: 'f7f26eadc176c16e4aa4092b0eb82da5') in 0.0038558 seconds [static and dynamic dependencies]. Details - ImportResultOutputID=d2ae47f748944273c77485945be4b7ff DependenciesID=a3f8a91cacb6e6263785b358b97a7ea3 StaticDependenciesID=0415f7d1c0b8b94adec3200176778bd0 
Number of updated asset objects reloaded before import = 0Number of asset objects unloaded after import = 71

========================================================================
Received Import Request.
  Time since last request: 0.000028 seconds.
  path: Assets/HIVEMIND/CaveOfHiddenTomb/HDRP (Default)/Art/Assets/RockWall/C/SM_RockWall_C.fbx
  importAddress: Guid(abc00000000008484306470759024097) Importer(815301076,1909f56bfc062723c751e8b465ee728b)
Start importing Assets/HIVEMIND/CaveOfHiddenTomb/HDRP (Default)/Art/Assets/RockWall/C/SM_RockWall_C.fbx using Guid(abc00000000008484306470759024097) Importer(815301076,1909f56bfc062723c751e8b465ee728b) (PreviewImporter)MaterialLocation.External is obsolete. External Material Location is no longer supported. (Assets/HIVEMIND/CaveOfHiddenTomb/HDRP (Default)/Art/Assets/RockWall/C/SM_RockWall_C.fbx)
 -> (Import Result ID: 'b0c1a99a433f8d9f84aace6b9eb456a6') in 0.0976988 seconds [static and dynamic dependencies]. Details - ImportResultOutputID=b29d771061f266926d6157b118015b2f DependenciesID=8e13b3d7d7db24aaad420901d536c193 StaticDependenciesID=11bde604a34093f8e504090270a0e57a 
Number of updated asset objects reloaded before import = 0Number of asset objects unloaded after import = 41

========================================================================
Received Import Request.
  Time since last request: 0.000044 seconds.
  path: Assets/Resources/rock_moss_set_02_4k.fbx
  importAddress: Guid(d583627e5e61baf4480ba74b2a8647b1) Importer(815301076,1909f56bfc062723c751e8b465ee728b)
Start importing Assets/Resources/rock_moss_set_02_4k.fbx using Guid(d583627e5e61baf4480ba74b2a8647b1) Importer(815301076,1909f56bfc062723c751e8b465ee728b) (PreviewImporter) -> (Import Result ID: 'cc4269528beb9c6e0e2a0b5d7e1b16e7') in 0.1172981 seconds [static and dynamic dependencies]. Details - ImportResultOutputID=6a7e0a3de14afbccc21172246330aa93 DependenciesID=14b3ccadd703c53ad6dff2a2a49379e2 StaticDependenciesID=f12b63134fb81a47ed71df36f539c32b 
Number of updated asset objects reloaded before import = 0Number of asset objects unloaded after import = 42

========================================================================
Received Import Request.
  Time since last request: 0.000045 seconds.
  path: Assets/Resources/布条.fbx
  importAddress: Guid(09c8deba2e975c14691d1e54acb9bb30) Importer(815301076,1909f56bfc062723c751e8b465ee728b)
Start importing Assets/Resources/布条.fbx using Guid(09c8deba2e975c14691d1e54acb9bb30) Importer(815301076,1909f56bfc062723c751e8b465ee728b) (PreviewImporter) -> (Import Result ID: 'b6dc2154b915e33fc7ae03fb92158a07') in 0.1225297 seconds [static and dynamic dependencies]. Details - ImportResultOutputID=30d47731f4ce6e9eeb3c3dd0202ad2c3 DependenciesID=6e176c5cd2ff7fe34e2a380f4c21d0bf StaticDependenciesID=0763a474cbfde564447a9d1a4c18f153 
Number of updated asset objects reloaded before import = 0Number of asset objects unloaded after import = 45

========================================================================
Received Import Request.
  Time since last request: 0.000037 seconds.
  path: Assets/BefourStudios/AsianDynastyEnvironment/Art/Meshes/SM_Tree_02.fbx
  importAddress: Guid(abc00000000017552065482795166369) Importer(815301076,1909f56bfc062723c751e8b465ee728b)
Start importing Assets/BefourStudios/AsianDynastyEnvironment/Art/Meshes/SM_Tree_02.fbx using Guid(abc00000000017552065482795166369) Importer(815301076,1909f56bfc062723c751e8b465ee728b) (PreviewImporter)MaterialLocation.External is obsolete. External Material Location is no longer supported. (Assets/BefourStudios/AsianDynastyEnvironment/Art/Meshes/SM_Tree_02.fbx)
 -> (Import Result ID: 'ff16ddd31d29b0f52df33d430fa4e8b0') in 0.154259 seconds [static and dynamic dependencies]. Details - ImportResultOutputID=59915381610845790fd89b652148c181 DependenciesID=2118d72317dddf475bfce6f7f52fb307 StaticDependenciesID=8f73afc482782de79354a636cc097edb 
Number of updated asset objects reloaded before import = 0Number of asset objects unloaded after import = 44

========================================================================
Received Import Request.
  Time since last request: 0.000075 seconds.
  path: Packages/com.unity.render-pipelines.core/Runtime/RenderPipelineResources/Mesh/UnityMaterialBall.fbx
  importAddress: Guid(39857cfad1651644682ff5b772e6e697) Importer(815301076,1909f56bfc062723c751e8b465ee728b)
Start importing Packages/com.unity.render-pipelines.core/Runtime/RenderPipelineResources/Mesh/UnityMaterialBall.fbx using Guid(39857cfad1651644682ff5b772e6e697) Importer(815301076,1909f56bfc062723c751e8b465ee728b) (PreviewImporter) -> (Import Result ID: 'e48f832927569c906c47edaea7d75b65') in 0.1048574 seconds [static and dynamic dependencies]. Details - ImportResultOutputID=1fc85a75af7a436a43494b15eb0e4cf4 DependenciesID=b4baa93d7a9857a02b468f06d940e093 StaticDependenciesID=fbf2bcc4db0b96d9257b8348dafb6c56 
Number of updated asset objects reloaded before import = 0Number of asset objects unloaded after import = 63

========================================================================
Received Import Request.
  Time since last request: 0.000059 seconds.
  path: Assets/HIVEMIND/CaveOfHiddenTomb/HDRP (Default)/Art/Assets/StonePattern/TempleStoneGround/SM_StonePattern_F.fbx
  importAddress: Guid(abc00000000013469348577612311898) Importer(815301076,1909f56bfc062723c751e8b465ee728b)
Start importing Assets/HIVEMIND/CaveOfHiddenTomb/HDRP (Default)/Art/Assets/StonePattern/TempleStoneGround/SM_StonePattern_F.fbx using Guid(abc00000000013469348577612311898) Importer(815301076,1909f56bfc062723c751e8b465ee728b) (PreviewImporter)MaterialLocation.External is obsolete. External Material Location is no longer supported. (Assets/HIVEMIND/CaveOfHiddenTomb/HDRP (Default)/Art/Assets/StonePattern/TempleStoneGround/SM_StonePattern_F.fbx)
 -> (Import Result ID: 'b69e4d2eaa48eb336164eb3d5fbe0ee5') in 0.0664465 seconds [static and dynamic dependencies]. Details - ImportResultOutputID=79f6bef3e81d4d693920f5b83a459b6e DependenciesID=8afc6c694a844d257eccc8ac20f229f0 StaticDependenciesID=aa12a778fbae87f1ea5bb3a41867816c 
Number of updated asset objects reloaded before import = 0Number of asset objects unloaded after import = 44

========================================================================
Received Import Request.
  Time since last request: 0.000029 seconds.
  path: Assets/Samples/XR Interaction Toolkit/3.2.1/Starter Assets/DemoSceneAssets/Models/Primitive_Cylinder.fbx
  importAddress: Guid(73b694bb0f61cd14e9e1ed7b578ac09a) Importer(815301076,1909f56bfc062723c751e8b465ee728b)
Start importing Assets/Samples/XR Interaction Toolkit/3.2.1/Starter Assets/DemoSceneAssets/Models/Primitive_Cylinder.fbx using Guid(73b694bb0f61cd14e9e1ed7b578ac09a) Importer(815301076,1909f56bfc062723c751e8b465ee728b) (PreviewImporter) -> (Import Result ID: '8372303209f6639dafb7b747135ed575') in 0.875676 seconds [static and dynamic dependencies]. Details - ImportResultOutputID=f6730bccdaaec0c6362c92b959dddcae DependenciesID=cc49795c7ababc4df95ee1407ea00820 StaticDependenciesID=419ad07379a882e8fbca8fca02684f3b 
Number of updated asset objects reloaded before import = 0Number of asset objects unloaded after import = 15

========================================================================
Received Import Request.
  Time since last request: 0.000034 seconds.
  path: Assets/HIVEMIND/CaveOfHiddenTomb/HDRP (Default)/Art/Assets/Vines/SM_Vine_A.fbx
  importAddress: Guid(abc00000000008849727688132438586) Importer(815301076,1909f56bfc062723c751e8b465ee728b)
Start importing Assets/HIVEMIND/CaveOfHiddenTomb/HDRP (Default)/Art/Assets/Vines/SM_Vine_A.fbx using Guid(abc00000000008849727688132438586) Importer(815301076,1909f56bfc062723c751e8b465ee728b) (PreviewImporter)MaterialLocation.External is obsolete. External Material Location is no longer supported. (Assets/HIVEMIND/CaveOfHiddenTomb/HDRP (Default)/Art/Assets/Vines/SM_Vine_A.fbx)
 -> (Import Result ID: '7c0a00b6b031f4b04dee9e3bbc2acefe') in 0.0734003 seconds [static and dynamic dependencies]. Details - ImportResultOutputID=d1e5dabe807c8b62b5c8b0582960f1ca DependenciesID=bc2fd6ca3f7efb9584625501e6d0c3ea StaticDependenciesID=18923c81f562b836170ba7bf95bfe878 
Number of updated asset objects reloaded before import = 0Number of asset objects unloaded after import = 44

========================================================================
Received Import Request.
  Time since last request: 0.000058 seconds.
  path: Assets/Samples/XR Interaction Toolkit/3.2.1/Starter Assets/Models/Primitive_Wedge.fbx
  importAddress: Guid(ab3a79eba4de4be0ad5fead9fb858190) Importer(815301076,1909f56bfc062723c751e8b465ee728b)
Start importing Assets/Samples/XR Interaction Toolkit/3.2.1/Starter Assets/Models/Primitive_Wedge.fbx using Guid(ab3a79eba4de4be0ad5fead9fb858190) Importer(815301076,1909f56bfc062723c751e8b465ee728b) (PreviewImporter) -> (Import Result ID: 'ce53f87e274459f349f9cb21801153ed') in 0.0179582 seconds [static and dynamic dependencies]. Details - ImportResultOutputID=c7f015a8dae6c148b6cc8308e2f57f13 DependenciesID=49d8d48c4b616729e498b2f89ade402b StaticDependenciesID=8d67b18af9f01ded9e21239301f82795 
Number of updated asset objects reloaded before import = 0Number of asset objects unloaded after import = 15

========================================================================
Received Import Request.
  Time since last request: 0.000029 seconds.
  path: Assets/HIVEMIND/CaveOfHiddenTomb/HDRP (Default)/Art/Assets/Vines/SM_Vine_Long.fbx
  importAddress: Guid(abc00000000010436270799304245313) Importer(815301076,1909f56bfc062723c751e8b465ee728b)
Start importing Assets/HIVEMIND/CaveOfHiddenTomb/HDRP (Default)/Art/Assets/Vines/SM_Vine_Long.fbx using Guid(abc00000000010436270799304245313) Importer(815301076,1909f56bfc062723c751e8b465ee728b) (PreviewImporter)MaterialLocation.External is obsolete. External Material Location is no longer supported. (Assets/HIVEMIND/CaveOfHiddenTomb/HDRP (Default)/Art/Assets/Vines/SM_Vine_Long.fbx)
 -> (Import Result ID: '98c578aeb899d75e507acba3b3df53d3') in 0.0720279 seconds [static and dynamic dependencies]. Details - ImportResultOutputID=82ddba08ab223d4f7247409450ba856f DependenciesID=d5e748cc291ce60d15ac0925b33c16ff StaticDependenciesID=e1cee603ad909336d9d425c2cfa72886 
Number of updated asset objects reloaded before import = 0Number of asset objects unloaded after import = 44

========================================================================
Received Import Request.
  Time since last request: 0.000024 seconds.
  path: Assets/XR/Animated Hands/Animations/r_hand_default_anim.fbx
  importAddress: Guid(b6c38558987444240b3b3950e4450b77) Importer(815301076,1909f56bfc062723c751e8b465ee728b)
Start importing Assets/XR/Animated Hands/Animations/r_hand_default_anim.fbx using Guid(b6c38558987444240b3b3950e4450b77) Importer(815301076,1909f56bfc062723c751e8b465ee728b) (PreviewImporter) -> (Import Result ID: '7927cbf51e955d3f235d5db7de5bc9a2') in 0.0032054 seconds [static and dynamic dependencies]. Details - ImportResultOutputID=82425617f7e8504af778edee0bdf4621 DependenciesID=800015301adecee3987f35720b35f048 StaticDependenciesID=6b1ed966c6102f8f9b62dd61d88c3d96 
Number of updated asset objects reloaded before import = 0Number of asset objects unloaded after import = 57

========================================================================
Received Import Request.
  Time since last request: 0.000027 seconds.
  path: Assets/HIVEMIND/CaveOfHiddenTomb/HDRP (Default)/Art/Assets/Ground/SM_TempleFloor.fbx
  importAddress: Guid(abc00000000012991211219685271959) Importer(815301076,1909f56bfc062723c751e8b465ee728b)
Start importing Assets/HIVEMIND/CaveOfHiddenTomb/HDRP (Default)/Art/Assets/Ground/SM_TempleFloor.fbx using Guid(abc00000000012991211219685271959) Importer(815301076,1909f56bfc062723c751e8b465ee728b) (PreviewImporter)MaterialLocation.External is obsolete. External Material Location is no longer supported. (Assets/HIVEMIND/CaveOfHiddenTomb/HDRP (Default)/Art/Assets/Ground/SM_TempleFloor.fbx)
 -> (Import Result ID: '8433282c3b0bfcdeba846f062a7fbe17') in 0.0633918 seconds [static and dynamic dependencies]. Details - ImportResultOutputID=6f6d7525549c474c330787f7a60c103c DependenciesID=f6e1914dd69b98f0c8f45f31426b60ce StaticDependenciesID=0eaeb53f40e564e6a5b1a7b6beb154b7 
Number of updated asset objects reloaded before import = 0Number of asset objects unloaded after import = 39

========================================================================
Received Import Request.
  Time since last request: 0.000030 seconds.
  path: Assets/HIVEMIND/CaveOfHiddenTomb/HDRP (Default)/Art/Assets/Rock/E/SM_Rock_E.fbx
  importAddress: Guid(abc00000000011271821972346715813) Importer(815301076,1909f56bfc062723c751e8b465ee728b)
Start importing Assets/HIVEMIND/CaveOfHiddenTomb/HDRP (Default)/Art/Assets/Rock/E/SM_Rock_E.fbx using Guid(abc00000000011271821972346715813) Importer(815301076,1909f56bfc062723c751e8b465ee728b) (PreviewImporter)MaterialLocation.External is obsolete. External Material Location is no longer supported. (Assets/HIVEMIND/CaveOfHiddenTomb/HDRP (Default)/Art/Assets/Rock/E/SM_Rock_E.fbx)
 -> (Import Result ID: '8a1799e505fc2ca0d871742c41927ace') in 0.0646718 seconds [static and dynamic dependencies]. Details - ImportResultOutputID=4ea789870df55da3bf7ced33ecff568d DependenciesID=84a33c189560751956f545f1f83d272a StaticDependenciesID=d3ab199c7b607da1ef0136c9dacd544f 
Number of updated asset objects reloaded before import = 0Number of asset objects unloaded after import = 35

========================================================================
Received Import Request.
  Time since last request: 0.000044 seconds.
  path: Assets/HIVEMIND/CaveOfHiddenTomb/HDRP (Default)/Art/Assets/Boulder/A/SM_Boulder_A.fbx
  importAddress: Guid(abc00000000001902826037169237167) Importer(815301076,1909f56bfc062723c751e8b465ee728b)
Start importing Assets/HIVEMIND/CaveOfHiddenTomb/HDRP (Default)/Art/Assets/Boulder/A/SM_Boulder_A.fbx using Guid(abc00000000001902826037169237167) Importer(815301076,1909f56bfc062723c751e8b465ee728b) (PreviewImporter)MaterialLocation.External is obsolete. External Material Location is no longer supported. (Assets/HIVEMIND/CaveOfHiddenTomb/HDRP (Default)/Art/Assets/Boulder/A/SM_Boulder_A.fbx)
 -> (Import Result ID: '02bce5aa5bbf64fc587c5fe30943295e') in 0.0796673 seconds [static and dynamic dependencies]. Details - ImportResultOutputID=27bf510b48d7c857c37977cc5806bcf1 DependenciesID=3273c206ad7b1d6d45295ab9c663da56 StaticDependenciesID=25026fcee03dbaf7766c324670516d96 
Number of updated asset objects reloaded before import = 0Number of asset objects unloaded after import = 41

========================================================================
Received Import Request.
  Time since last request: 0.000030 seconds.
  path: Assets/HIVEMIND/CaveOfHiddenTomb/HDRP (Default)/Art/Assets/StonePlate/G/SM_StonePlate_G.fbx
  importAddress: Guid(abc00000000009966944461003435397) Importer(815301076,1909f56bfc062723c751e8b465ee728b)
Start importing Assets/HIVEMIND/CaveOfHiddenTomb/HDRP (Default)/Art/Assets/StonePlate/G/SM_StonePlate_G.fbx using Guid(abc00000000009966944461003435397) Importer(815301076,1909f56bfc062723c751e8b465ee728b) (PreviewImporter)MaterialLocation.External is obsolete. External Material Location is no longer supported. (Assets/HIVEMIND/CaveOfHiddenTomb/HDRP (Default)/Art/Assets/StonePlate/G/SM_StonePlate_G.fbx)
 -> (Import Result ID: '9ba6ee3c7366fec5d2e8b78a219c429c') in 0.0486609 seconds [static and dynamic dependencies]. Details - ImportResultOutputID=87049c29cff0f158661849b0c81d2848 DependenciesID=e4e8ffcfe9922df0f7b546fb5bc79c63 StaticDependenciesID=f8f86f832081939e0f409680c09f5a21 
Number of updated asset objects reloaded before import = 0Number of asset objects unloaded after import = 41

========================================================================
Received Import Request.
  Time since last request: 0.000027 seconds.
  path: Assets/Resources/WU1.fbx
  importAddress: Guid(687abaf74cf007a4eb0e94440919fb37) Importer(815301076,1909f56bfc062723c751e8b465ee728b)
Start importing Assets/Resources/WU1.fbx using Guid(687abaf74cf007a4eb0e94440919fb37) Importer(815301076,1909f56bfc062723c751e8b465ee728b) (PreviewImporter) -> (Import Result ID: 'db3b0a45046806f18aabbc223247439a') in 0.5683457 seconds [static and dynamic dependencies]. Details - ImportResultOutputID=775dae330d673939b939778472ff8079 DependenciesID=e526e93fbdc6ca9333599e85219978f8 StaticDependenciesID=2bd8a79b6b3d33b2730cd9133474ee2a 
Number of updated asset objects reloaded before import = 0Number of asset objects unloaded after import = 387

========================================================================
Received Import Request.
  Time since last request: 0.000044 seconds.
  path: Assets/HIVEMIND/CaveOfHiddenTomb/HDRP (Default)/Art/Assets/RockWall/B/SM_RockWall_B.fbx
  importAddress: Guid(abc00000000017399985987023740841) Importer(815301076,1909f56bfc062723c751e8b465ee728b)
Start importing Assets/HIVEMIND/CaveOfHiddenTomb/HDRP (Default)/Art/Assets/RockWall/B/SM_RockWall_B.fbx using Guid(abc00000000017399985987023740841) Importer(815301076,1909f56bfc062723c751e8b465ee728b) (PreviewImporter)MaterialLocation.External is obsolete. External Material Location is no longer supported. (Assets/HIVEMIND/CaveOfHiddenTomb/HDRP (Default)/Art/Assets/RockWall/B/SM_RockWall_B.fbx)
 -> (Import Result ID: 'bc48b454ca18f1e9e2497cd7528c6d4c') in 0.091204 seconds [static and dynamic dependencies]. Details - ImportResultOutputID=3e8d8aac49e6c55dbe913488e1b59155 DependenciesID=4a1a20e07de965c2081e99f0ddfecd2c StaticDependenciesID=ed507873d4833136f27c74fb31fd9a5f 
Number of updated asset objects reloaded before import = 0Number of asset objects unloaded after import = 41

========================================================================
Received Import Request.
  Time since last request: 0.000048 seconds.
  path: Assets/animations/妇好走路.fbx
  importAddress: Guid(8a64e1bfe093e3e4b85de89049b39e5c) Importer(815301076,1909f56bfc062723c751e8b465ee728b)
Start importing Assets/animations/妇好走路.fbx using Guid(8a64e1bfe093e3e4b85de89049b39e5c) Importer(815301076,1909f56bfc062723c751e8b465ee728b) (PreviewImporter) -> (Import Result ID: 'dbdf0eab837304ab7d92eb52f441ed65') in 0.0054873 seconds [static and dynamic dependencies]. Details - ImportResultOutputID=3ff18fbdbf80a3ee8966e8dbbb7465f3 DependenciesID=4734427f27d289ee45ec0f5cdbfa02eb StaticDependenciesID=4a220d898a98f55052bd5fd460e31fb1 
Number of updated asset objects reloaded before import = 0Number of asset objects unloaded after import = 71

========================================================================
Received Import Request.
  Time since last request: 0.000031 seconds.
  path: Assets/HIVEMIND/CaveOfHiddenTomb/HDRP (Default)/Art/Assets/Scanned_Foliage/Foliage/EuropeanBeech/Meshes/SM_EuropeanBeech_XS_01.fbx
  importAddress: Guid(abc00000000015495637266506546553) Importer(815301076,1909f56bfc062723c751e8b465ee728b)
Start importing Assets/HIVEMIND/CaveOfHiddenTomb/HDRP (Default)/Art/Assets/Scanned_Foliage/Foliage/EuropeanBeech/Meshes/SM_EuropeanBeech_XS_01.fbx using Guid(abc00000000015495637266506546553) Importer(815301076,1909f56bfc062723c751e8b465ee728b) (PreviewImporter)MaterialLocation.External is obsolete. External Material Location is no longer supported. (Assets/HIVEMIND/CaveOfHiddenTomb/HDRP (Default)/Art/Assets/Scanned_Foliage/Foliage/EuropeanBeech/Meshes/SM_EuropeanBeech_XS_01.fbx)
 -> (Import Result ID: '23d4ab09a5128fab12b445b98e50b101') in 0.0767884 seconds [static and dynamic dependencies]. Details - ImportResultOutputID=7f7ac10cfcc1d16fd04c7159c7510de1 DependenciesID=b13d0428aeaaa267935f102ec1d06a71 StaticDependenciesID=861be49823fe4755dcfd4c5b7be099cd 
Number of updated asset objects reloaded before import = 0Number of asset objects unloaded after import = 34

========================================================================
Received Import Request.
  Time since last request: 0.000071 seconds.
  path: Assets/animations/妇好骨骼模型.fbx
  importAddress: Guid(9dbc210ae0f44374394377a8d9733d09) Importer(815301076,1909f56bfc062723c751e8b465ee728b)
Start importing Assets/animations/妇好骨骼模型.fbx using Guid(9dbc210ae0f44374394377a8d9733d09) Importer(815301076,1909f56bfc062723c751e8b465ee728b) (PreviewImporter)MaterialLocation.External is obsolete. External Material Location is no longer supported. (Assets/animations/妇好骨骼模型.fbx)
 -> (Import Result ID: '0de12008209d569c5670ee998e809c8e') in 0.0283033 seconds [static and dynamic dependencies]. Details - ImportResultOutputID=c5c67ff7a32df4c7d5884a97a312548b DependenciesID=316b153103fa96c09d0afbf751e854c3 StaticDependenciesID=09d2103afe70e507179c799423ffa94c 
Number of updated asset objects reloaded before import = 0Number of asset objects unloaded after import = 77

Editor requested this worker to shutdown with reason: Scaling down because of idle timeout
AssetImportWorker is now disconnected from the server
Process exiting
Exiting without the bug reporter. Application will terminate with return code 0