[Licensing::Module] Trying to connect to existing licensing client channel...
Built from '6000.4/staging' branch; Version is '6000.4.6f1 (0b051c2e5d54) revision 722204'; Using compiler version '194234433'; Build Type 'Release'
OS: 'Windows 11  (10.0.26200) CoreCountrySpecific' Language: 'zh' Physical Memory: 32212 MB
[Licensing::IpcConnector] Successfully connected to: "LicenseClient-15490" at "2026-08-02T23:36:36.9536489Z"
BatchMode: 1, IsHumanControllingUs: 0, StartBugReporterOnCrash: 0, Is64bit: 1
System  architecture: x64
Process architecture: x64
Date: 2026-08-02T23:36:36Z

COMMAND LINE ARGUMENTS:
D:\unity\Editor\Unity.exe
-adb2
-batchMode
-noUpm
-name
AssetImportWorker10
-projectPath
D:/Yin
-logFile
Logs/AssetImportWorker10.log
-srvPort
2613
-licensingIpc
LicenseClient-15490
-force-d3d12
-job-worker-count
11
-background-job-worker-count
8
-gc-helper-count
1
-name
AssetImport
Successfully changed project path to: D:/Yin
D:/Yin
[UnityMemory] Configuration Parameters - Can be set up in boot.config
    "memorysetup-temp-allocator-size-gi-baking-worker=262144"
    "memorysetup-temp-allocator-size-gi-baking-worker=262144"
    "memorysetup-temp-allocator-size-gi-baking-worker=262144"
    "memorysetup-temp-allocator-size-gi-baking-worker=262144"
    "memorysetup-temp-allocator-size-gi-baking-worker=262144"
    "memorysetup-temp-allocator-size-nav-mesh-worker=65536"
    "memorysetup-temp-allocator-size-audio-worker=65536"
    "memorysetup-temp-allocator-size-cloud-worker=32768"
    "memorysetup-temp-allocator-size-gfx=262144"
    "memorysetup-temp-allocator-size-preload-manager=33554432"
    "memorysetup-temp-allocator-size-job-worker=262144"
    "memorysetup-temp-allocator-size-background-worker=32768"
    "memorysetup-allocator-temp-initial-block-size-main=262144"
    "memorysetup-allocator-temp-initial-block-size-worker=262144"
    "memorysetup-bucket-allocator-granularity=16"
    "memorysetup-bucket-allocator-bucket-count=8"
    "memorysetup-bucket-allocator-block-size=33554432"
    "memorysetup-bucket-allocator-block-count=8"
    "memorysetup-main-allocator-block-size=16777216"
    "memorysetup-thread-allocator-block-size=16777216"
    "memorysetup-gfx-main-allocator-block-size=16777216"
    "memorysetup-gfx-thread-allocator-block-size=16777216"
    "memorysetup-cache-allocator-block-size=4194304"
    "memorysetup-typetree-allocator-block-size=2097152"
    "memorysetup-profiler-bucket-allocator-granularity=16"
    "memorysetup-profiler-bucket-allocator-bucket-count=8"
    "memorysetup-profiler-bucket-allocator-block-size=33554432"
    "memorysetup-profiler-bucket-allocator-block-count=8"
    "memorysetup-profiler-allocator-block-size=16777216"
    "memorysetup-profiler-editor-allocator-block-size=1048576"
    "memorysetup-temp-allocator-size-main=16777216"
    "memorysetup-job-temp-allocator-block-size=2097152"
    "memorysetup-job-temp-allocator-block-size-background=1048576"
    "memorysetup-job-temp-allocator-reduction-small-platforms=262144"
Player connection [33924]  Target information:

Player connection [33924]  * "[IP] 192.168.1.112 [Port] 0 [Flags] 2 [Guid] 2170300627 [EditorId] 2170300627 [Version] 1048832 [Id] WindowsEditor(7,9daY) [Debug] 1 [PackageName] WindowsEditor [ProjectName] Editor" 

Player connection [33924] Host joined multi-casting on [225.0.0.222:54997]...
Player connection [33924] Host joined alternative multi-casting on [225.0.0.222:34997]...
JobSystem: Creating JobQueue using job-worker-count value 11
Input System module state changed to: Initialized.
[Physics::Module] Initialized fallback backend.
[Physics::Module] Id: 0xdecafbad
Library Redirect Path: Library/
[Physics::Module] Selected backend.
[Physics::Module] Name: PhysX
[Physics::Module] Id: 0xf2b8ea05
[Physics::Module] SDK Version: 4.1.2
[Physics::Module] Integration Version: 1.0.0
[Physics::Module] Threading Mode: Multi-Threaded
Refreshing native plugins compatible for Editor in 24.83 ms, found 10 plugins.
Initialize engine version: 6000.4.6f1 (0b051c2e5d54)
[Subsystems] Discovering subsystems at path D:/unity/Editor/Data/Resources/UnitySubsystems
[Subsystems] Discovering subsystems at path D:/Yin/Assets
Forcing GfxDevice: Direct3D 12
GfxDevice: creating device client; kGfxThreadingModeNonThreaded
d3d12: failed to query info queue interface (0x80004002).
Direct3D:
    Version:         Direct3D 12 [level 12.2]
    Renderer:        NVIDIA GeForce RTX 5070 Laptop GPU (ID=0x2d58)
    Vendor:          NVIDIA
    VRAM:            7891 MB
    App VRAM Budget: 7123 MB
    Driver:          32.0.15.9608
Initialize mono
Mono path[0] = 'D:/unity/Editor/Data/Managed'
Mono path[1] = 'D:/unity/Editor/Data/MonoBleedingEdge/lib/mono/unityjit-win32'
Mono config path = 'D:/unity/Editor/Data/MonoBleedingEdge/etc'
Using monoOptions --debugger-agent=transport=dt_socket,embedding=1,server=y,suspend=n,address=127.0.0.1:56816
CodeReloadManager initialized
Begin MonoManager ReloadAssembly
Registering precompiled unity dll's ...
Register platform support module: D:/unity/Editor/Data/PlaybackEngines/WindowsStandaloneSupport/UnityEditor.WindowsStandalone.Extensions.dll
Registered in 0.001553 seconds.
[Licensing::Client] Error: HandshakeResponse reported an error:
	ResponseCode: 505
	ResponseStatus: Unsupported protocol version '1.18.1'.
[Licensing::Module] Error: Failed to handshake to channel: "LicenseClient-15490"
[Licensing::IpcConnector] LicenseClient-15490 channel disconnected successfully.
[Licensing::IpcConnector] Successfully connected to: "LicenseClient-15490-6000.4.6" at "2026-08-02T23:36:39.2845326Z"
[Licensing::Client] Code 10 while verifying Licensing Client signature (process Id: 36380, path: "D:/unity/Editor/Data/Resources/Licensing/Client/Unity.Licensing.Client.exe")
[Licensing::Module] LicensingClient has failed validation; ignoring
[Licensing::Client] Handshaking with LicensingClient:
  Version:                 1.18.1+9fbee8e
  Session Id:              2b280e7570d24ea9b78ea0009baf892b
  Correlation Id:          8f132c48ba833a145d04de9bbedf03ed
  External correlation Id: 4429463179904561235
  Machine Id:              DJWBFtPZt+einrVuex0hynKXsRc=
[Licensing::Module] Successfully connected to LicensingClient on channel: "LicenseClient-15490-6000.4.6" (connect: 0.00s, validation: 0.00s, handshake: 0.02s)
[Licensing::IpcConnector] Successfully connected to: "LicenseClient-15490-6000.4.6-notifications" at "2026-08-02T23:36:39.3027073Z"
[Licensing::Module] Licensing Background thread has ended after 2.35s
Native extension for WindowsStandalone target not found
Package Manager log level set to [2]
[Package Manager] Failed to launch server process. Reason: Unity was launched with the -noUpm command-line argument
[Package Manager] Unable to send message (not connected to server process).
[Package Manager] Cannot connect to Unity Package Manager local server
ScheduleIndexationOnStartup MainProcess:False IndexOnStartup:True
Mono: successfully reloaded assembly
- Finished resetting the current domain, in  0.429 seconds
Domain Reload Profiling: 1120ms
	BeginReloadAssembly (245ms)
	RebuildCommonClasses (40ms)
	RebuildNativeTypeToScriptingClass (15ms)
	initialDomainReloadingComplete (78ms)
	LoadAllAssembliesAndSetupDomain (311ms)
		LoadAssemblies (244ms)
		AnalyzeDomain (298ms)
			TypeCache.Refresh (297ms)
				TypeCache.ScanAssembly (274ms)
	FinalizeReload (430ms)
		SetupLoadedEditorAssemblies (0ms)
			InitializePlatformSupportModulesInManaged (45ms)
			BeforeProcessingInitializeOnLoad (91ms)
			ProcessInitializeOnLoadAttributes (113ms)
			ProcessInitializeOnLoadMethodAttributes (101ms)
========================================================================
Worker process is ready to serve import requests
Import Worker Mode flag is 0x00
Begin MonoManager ReloadAssembly
[Licensing::Client] Successfully resolved entitlement details
[Licensing::Module] License group:
  Id: 5773964460127-UnityPersXXXX
  Product: Unity Personal
  Type: Assigned
  Expiration: Unlimited
Assembly Assembly-CSharp-Editor-firstpass.dll at Library/ScriptAssemblies/Assembly-CSharp-Editor-firstpass.dll not valid. Loading of assembly skipped.
Assembly Assembly-CSharp-firstpass.dll at Library/ScriptAssemblies/Assembly-CSharp-firstpass.dll not valid. Loading of assembly skipped.
Assembly DocCodeExamples.dll at Library/ScriptAssemblies/DocCodeExamples.dll not valid. Loading of assembly skipped.
Assembly TestNewCustomAssembly.dll at Library/ScriptAssemblies/TestNewCustomAssembly.dll not valid. Loading of assembly skipped.
Assembly Unity.Collections.BurstCompatibilityGen.dll at Library/ScriptAssemblies/Unity.Collections.BurstCompatibilityGen.dll not valid. Loading of assembly skipped.
Assembly Unity.Collections.DocCodeSamples.dll at Library/ScriptAssemblies/Unity.Collections.DocCodeSamples.dll not valid. Loading of assembly skipped.
Assembly Unity.Collections.PerformanceTests.dll at Library/ScriptAssemblies/Unity.Collections.PerformanceTests.dll not valid. Loading of assembly skipped.
Assembly Unity.Collections.Tests.dll at Library/ScriptAssemblies/Unity.Collections.Tests.dll not valid. Loading of assembly skipped.
Assembly Unity.Collections.Tests.Playmode.dll at Library/ScriptAssemblies/Unity.Collections.Tests.Playmode.dll not valid. Loading of assembly skipped.
Assembly Unity.InputSystem.IntegrationTests.dll at Library/ScriptAssemblies/Unity.InputSystem.IntegrationTests.dll not valid. Loading of assembly skipped.
Assembly Unity.Mathematics.Tests.dll at Library/ScriptAssemblies/Unity.Mathematics.Tests.dll not valid. Loading of assembly skipped.
Assembly Unity.Multiplayer.Center.Editor.Tests.dll at Library/ScriptAssemblies/Unity.Multiplayer.Center.Editor.Tests.dll not valid. Loading of assembly skipped.
Assembly Unity.Multiplayer.Center.Tests.dll at Library/ScriptAssemblies/Unity.Multiplayer.Center.Tests.dll not valid. Loading of assembly skipped.
Assembly Unity.Nuget.Mono-Cecil.dll at Library/ScriptAssemblies/Unity.Nuget.Mono-Cecil.dll not valid. Loading of assembly skipped.
Assembly Unity.PathTracing.Editor.Tests.dll at Library/ScriptAssemblies/Unity.PathTracing.Editor.Tests.dll not valid. Loading of assembly skipped.
Assembly Unity.PathTracing.Runtime.Tests.dll at Library/ScriptAssemblies/Unity.PathTracing.Runtime.Tests.dll not valid. Loading of assembly skipped.
Assembly Unity.RenderPipelines.Core.Editor.Tests.dll at Library/ScriptAssemblies/Unity.RenderPipelines.Core.Editor.Tests.dll not valid. Loading of assembly skipped.
Assembly Unity.RenderPipelines.Core.Runtime.Tests.dll at Library/ScriptAssemblies/Unity.RenderPipelines.Core.Runtime.Tests.dll not valid. Loading of assembly skipped.
Assembly Unity.RenderPipelines.Universal.Config.Editor.Tests.dll at Library/ScriptAssemblies/Unity.RenderPipelines.Universal.Config.Editor.Tests.dll not valid. Loading of assembly skipped.
Assembly Unity.RenderPipelines.Universal.Editor.Tests.dll at Library/ScriptAssemblies/Unity.RenderPipelines.Universal.Editor.Tests.dll not valid. Loading of assembly skipped.
Assembly Unity.RenderPipelines.Universal.Runtime.Tests.dll at Library/ScriptAssemblies/Unity.RenderPipelines.Universal.Runtime.Tests.dll not valid. Loading of assembly skipped.
Assembly Unity.Searcher.EditorTests.dll at Library/ScriptAssemblies/Unity.Searcher.EditorTests.dll not valid. Loading of assembly skipped.
Assembly Unity.ShaderGraph.Editor.Tests.dll at Library/ScriptAssemblies/Unity.ShaderGraph.Editor.Tests.dll not valid. Loading of assembly skipped.
Assembly Unity.TextMeshPro.Editor.Tests.dll at Library/ScriptAssemblies/Unity.TextMeshPro.Editor.Tests.dll not valid. Loading of assembly skipped.
Assembly Unity.TextMeshPro.Tests.dll at Library/ScriptAssemblies/Unity.TextMeshPro.Tests.dll not valid. Loading of assembly skipped.
Assembly Unity.UnifiedRayTracing.Editor.Tests.dll at Library/ScriptAssemblies/Unity.UnifiedRayTracing.Editor.Tests.dll not valid. Loading of assembly skipped.
Assembly Unity.XR.CoreUtils.CodeSamples.Tests.dll at Library/ScriptAssemblies/Unity.XR.CoreUtils.CodeSamples.Tests.dll not valid. Loading of assembly skipped.
Assembly Unity.XR.CoreUtils.Editor.Tests.dll at Library/ScriptAssemblies/Unity.XR.CoreUtils.Editor.Tests.dll not valid. Loading of assembly skipped.
Assembly Unity.XR.CoreUtils.Tests.dll at Library/ScriptAssemblies/Unity.XR.CoreUtils.Tests.dll not valid. Loading of assembly skipped.
Assembly Unity.XR.Interaction.Toolkit.Editor.Tests.dll at Library/ScriptAssemblies/Unity.XR.Interaction.Toolkit.Editor.Tests.dll not valid. Loading of assembly skipped.
Assembly Unity.XR.Interaction.Toolkit.Tests.dll at Library/ScriptAssemblies/Unity.XR.Interaction.Toolkit.Tests.dll not valid. Loading of assembly skipped.
Assembly Unity.XR.Management.EditorTests.dll at Library/ScriptAssemblies/Unity.XR.Management.EditorTests.dll not valid. Loading of assembly skipped.
Assembly Unity.XR.Management.TestPackage.dll at Library/ScriptAssemblies/Unity.XR.Management.TestPackage.dll not valid. Loading of assembly skipped.
Assembly Unity.XR.Management.TestPackage.Editor.dll at Library/ScriptAssemblies/Unity.XR.Management.TestPackage.Editor.dll not valid. Loading of assembly skipped.
Assembly Unity.XR.Management.Tests.dll at Library/ScriptAssemblies/Unity.XR.Management.Tests.dll not valid. Loading of assembly skipped.
Assembly Unity.XR.Management.Tests.Standalone.dll at Library/ScriptAssemblies/Unity.XR.Management.Tests.Standalone.dll not valid. Loading of assembly skipped.
Assembly Unity.XR.OpenXR.Editor.Tests.dll at Library/ScriptAssemblies/Unity.XR.OpenXR.Editor.Tests.dll not valid. Loading of assembly skipped.
Assembly Unity.XR.OpenXR.Tests.dll at Library/ScriptAssemblies/Unity.XR.OpenXR.Tests.dll not valid. Loading of assembly skipped.
Assembly Unity.XR.OpenXR.Ubuntu.Tests.dll at Library/ScriptAssemblies/Unity.XR.OpenXR.Ubuntu.Tests.dll not valid. Loading of assembly skipped.
Assembly Unity.XR.TestSupport.dll at Library/ScriptAssemblies/Unity.XR.TestSupport.dll not valid. Loading of assembly skipped.
Assembly UnityEditor.UI.Common.Tests.dll at Library/ScriptAssemblies/UnityEditor.UI.Common.Tests.dll not valid. Loading of assembly skipped.
Assembly UnityEditor.UI.EditorTests.dll at Library/ScriptAssemblies/UnityEditor.UI.EditorTests.dll not valid. Loading of assembly skipped.
Assembly UnityEditor.XR.LegacyInputHelpers.Tests.dll at Library/ScriptAssemblies/UnityEditor.XR.LegacyInputHelpers.Tests.dll not valid. Loading of assembly skipped.
Assembly UnityEngine.SpatialTracking.Tests.dll at Library/ScriptAssemblies/UnityEngine.SpatialTracking.Tests.dll not valid. Loading of assembly skipped.
Assembly UnityEngine.UI.Tests.dll at Library/ScriptAssemblies/UnityEngine.UI.Tests.dll not valid. Loading of assembly skipped.
Assembly UnityEngine.XR.OpenXR.CodeSamples.Editor.Tests.dll at Library/ScriptAssemblies/UnityEngine.XR.OpenXR.CodeSamples.Editor.Tests.dll not valid. Loading of assembly skipped.
Refreshing native plugins compatible for Editor in 9.92 ms, found 10 plugins.
Native extension for WindowsStandalone target not found
[Package Manager] Failed to launch server process. Reason: Unity was launched with the -noUpm command-line argument
[Package Manager] Unable to send message (not connected to server process).
[Package Manager] Cannot connect to Unity Package Manager local server
Refreshing native plugins compatible for Editor in 12.41 ms, found 10 plugins.
[Package Manager] Failed to launch server process. Reason: Unity was launched with the -noUpm command-line argument
[Package Manager] Unable to send message (not connected to server process).
[Package Manager] Cannot connect to Unity Package Manager local server
ScheduleIndexationOnStartup MainProcess:False IndexOnStartup:True
Mono: successfully reloaded assembly
[Package Manager] Failed to launch server process. Reason: Unity was launched with the -noUpm command-line argument
[Package Manager] Unable to send message (not connected to server process).
[Package Manager] Cannot connect to Unity Package Manager local server
[Package Manager] Failed to launch server process. Reason: Unity was launched with the -noUpm command-line argument
[Package Manager] Unable to send message (not connected to server process).
[Package Manager] Cannot connect to Unity Package Manager local server
- Finished resetting the current domain, in  1.329 seconds
Domain Reload Profiling: 2463ms
	BeginReloadAssembly (282ms)
		DisableScriptedObjects (6ms)
		CreateAndSetChildDomain (46ms)
	RebuildCommonClasses (45ms)
	RebuildNativeTypeToScriptingClass (16ms)
	initialDomainReloadingComplete (102ms)
	LoadAllAssembliesAndSetupDomain (688ms)
		LoadAssemblies (543ms)
		AnalyzeDomain (323ms)
			TypeCache.Refresh (237ms)
				TypeCache.ScanAssembly (217ms)
			BuildScriptInfoCaches (67ms)
			ResolveRequiredComponents (16ms)
	FinalizeReload (1330ms)
		SetupLoadedEditorAssemblies (0ms)
			BeforeProcessingInitializeOnLoad (160ms)
			ProcessInitializeOnLoadAttributes (686ms)
			ProcessInitializeOnLoadMethodAttributes (166ms)
			AfterProcessingInitializeOnLoad (3ms)
		AwakeInstancesAfterBackupRestoration (10ms)
Launched and connected shader compiler UnityShaderCompiler.exe after 0.01 seconds
Refreshing native plugins compatible for Editor in 10.09 ms, found 10 plugins.
Unloading 24 Unused Serialized files (Serialized files now loaded: 0)
Unloading 7694 unused Assets / (7.0 MB). Loaded Objects now: 8541.
Memory consumption went from 179.7 MB to 172.7 MB.
Total: 12.219000 ms (FindLiveObjects: 1.109500 ms CreateObjectMapping: 1.051500 ms MarkObjects: 5.257700 ms  DeleteObjects: 4.797900 ms)

========================================================================
Received Import Request.
  Time since last request: 33551.104205 seconds.
  path: Assets/Scripts/TitleDialoguePlayer.cs
  importAddress: Guid(e04a9b6260e906b4d96bad39b8437c22) Importer(2089858483,b0f066a214c2f5e87bad3c948f4d605d)
Start importing Assets/Scripts/TitleDialoguePlayer.cs using Guid(e04a9b6260e906b4d96bad39b8437c22) Importer(2089858483,b0f066a214c2f5e87bad3c948f4d605d) (ScriptedImporter) -> (Import Result ID: '207c8acdb6cd9a825506e8eb880f3df9') in 0.0790839 seconds [static and dynamic dependencies]. Details - ImportResultOutputID=581e7eb91279b7549de1b7cbdc52e906 DependenciesID=0113eaba42f45ca4fa29e2713984d192 StaticDependenciesID=b3f5a4aa95fa88578998bea3c0985c67 
Number of updated asset objects reloaded before import = 0Number of asset objects unloaded after import = 0

========================================================================
Received Import Request.
  Time since last request: 0.000033 seconds.
  path: Assets/Ian's Fire Pack Universal/_URP Specific/Materials/TorchURP.mat
  importAddress: Guid(eb81e34137edb4b9aab390f922906848) Importer(2089858483,b0f066a214c2f5e87bad3c948f4d605d)
Start importing Assets/Ian's Fire Pack Universal/_URP Specific/Materials/TorchURP.mat using Guid(eb81e34137edb4b9aab390f922906848) Importer(2089858483,b0f066a214c2f5e87bad3c948f4d605d) (ScriptedImporter) -> (Import Result ID: '77e019465f1924d552500df7bdb19c0f') in 0.0330344 seconds [static and dynamic dependencies]. Details - ImportResultOutputID=2da332df75a7a109713573540b67cca9 DependenciesID=61c40b4bf44ef12acf46d3cab21482b7 StaticDependenciesID=0b3baff82cda1e519f7cc2c241cc4863 
Number of updated asset objects reloaded before import = 0Number of asset objects unloaded after import = 9

========================================================================
Received Import Request.
  Time since last request: 0.000028 seconds.
  path: Assets/BefourStudios/AsianDynastyEnvironment/Art/Textures/T_BazaarProps_ORM.png
  importAddress: Guid(abc00000000007483550847921340516) Importer(2089858483,b0f066a214c2f5e87bad3c948f4d605d)
Start importing Assets/BefourStudios/AsianDynastyEnvironment/Art/Textures/T_BazaarProps_ORM.png using Guid(abc00000000007483550847921340516) Importer(2089858483,b0f066a214c2f5e87bad3c948f4d605d) (ScriptedImporter) -> (Import Result ID: '09d92b241fb0e171ae1bf818e5f30671') in 0.050071 seconds [static and dynamic dependencies]. Details - ImportResultOutputID=d0adde229996576883f204e228f24734 DependenciesID=811b49ca5e51558690f4dc00f9da638c StaticDependenciesID=8f09a080a2060e3c690999ca514bf486 
Number of updated asset objects reloaded before import = 0Number of asset objects unloaded after import = 1

========================================================================
Received Import Request.
  Time since last request: 0.000024 seconds.
  path: Assets/audio/甲骨bgm.wav
  importAddress: Guid(33a69d6ffa203a74199565c71d530cd4) Importer(2089858483,b0f066a214c2f5e87bad3c948f4d605d)
Start importing Assets/audio/甲骨bgm.wav using Guid(33a69d6ffa203a74199565c71d530cd4) Importer(2089858483,b0f066a214c2f5e87bad3c948f4d605d) (ScriptedImporter) -> (Import Result ID: '2deb590242af11f86c33ef10df926d7e') in 0.0102154 seconds [static and dynamic dependencies]. Details - ImportResultOutputID=3550d389f2a7bef316807a79bbeb1621 DependenciesID=1a1ebffcf29b57e93cd0b22243240395 StaticDependenciesID=3b27ca0cb7d20442d3e29bf62a2ed420 
Number of updated asset objects reloaded before import = 0Number of asset objects unloaded after import = 1

========================================================================
Received Import Request.
  Time since last request: 0.000039 seconds.
  path: Assets/BefourStudios/AsianDynastyEnvironment/Art/Shaders/S_Master.shadergraph
  importAddress: Guid(cde3ea9863a64904ca2d44c47884cf50) Importer(2089858483,b0f066a214c2f5e87bad3c948f4d605d)
Start importing Assets/BefourStudios/AsianDynastyEnvironment/Art/Shaders/S_Master.shadergraph using Guid(cde3ea9863a64904ca2d44c47884cf50) Importer(2089858483,b0f066a214c2f5e87bad3c948f4d605d) (ScriptedImporter) -> (Import Result ID: '6951e498a6c9650c52ec02afe9580214') in 0.0330337 seconds [static and dynamic dependencies]. Details - ImportResultOutputID=816d7d935b3eac68e3c3d345583d44a6 DependenciesID=aae82e5ea969204239012917c8030d4c StaticDependenciesID=be0a61be9c2ae80d1242647612dcc32e 
Number of updated asset objects reloaded before import = 0Number of asset objects unloaded after import = 4

========================================================================
Received Import Request.
  Time since last request: 0.000021 seconds.
  path: Assets/audio/8月2日.wav
  importAddress: Guid(dc15fab6e7c0e7944a010c206d247914) Importer(2089858483,b0f066a214c2f5e87bad3c948f4d605d)
Start importing Assets/audio/8月2日.wav using Guid(dc15fab6e7c0e7944a010c206d247914) Importer(2089858483,b0f066a214c2f5e87bad3c948f4d605d) (ScriptedImporter) -> (Import Result ID: '53939701a325e3635ef351c8636e524f') in 0.0058152 seconds [static and dynamic dependencies]. Details - ImportResultOutputID=9032b83b372bddd23e2b63759fa05162 DependenciesID=d18d27d12c471c47a2118a75d27c813d StaticDependenciesID=2b81c0bc51424aacf0a3c88bcce8d618 
Number of updated asset objects reloaded before import = 0Number of asset objects unloaded after import = 1

========================================================================
Received Import Request.
  Time since last request: 0.000023 seconds.
  path: Assets/Samples/XR Interaction Toolkit/3.2.1/Starter Assets/XRI Default Input Actions.inputactions
  importAddress: Guid(c348712bda248c246b8c49b3db54643f) Importer(2089858483,b0f066a214c2f5e87bad3c948f4d605d)
Start importing Assets/Samples/XR Interaction Toolkit/3.2.1/Starter Assets/XRI Default Input Actions.inputactions using Guid(c348712bda248c246b8c49b3db54643f) Importer(2089858483,b0f066a214c2f5e87bad3c948f4d605d) (ScriptedImporter) -> (Import Result ID: 'd8a3e33e05ad07435d0be7addb26c157') in 0.2119274 seconds [static and dynamic dependencies]. Details - ImportResultOutputID=bf50586d33527d4a3fde9ee50986b4a7 DependenciesID=22792d921440bca37df11037d9f0934f StaticDependenciesID=4baba7b372616f4764f8fef819fb17ac 
Number of updated asset objects reloaded before import = 0Number of asset objects unloaded after import = 95

========================================================================
Received Import Request.
  Time since last request: 0.000032 seconds.
  path: Assets/animations/妇好循环走路.fbx
  importAddress: Guid(4c344f67dbcbb9d46a236cfce14df8cd) Importer(2089858483,b0f066a214c2f5e87bad3c948f4d605d)
Start importing Assets/animations/妇好循环走路.fbx using Guid(4c344f67dbcbb9d46a236cfce14df8cd) Importer(2089858483,b0f066a214c2f5e87bad3c948f4d605d) (ScriptedImporter) -> (Import Result ID: '4f8294aa7446378d11feb9d77ed8e603') in 0.03165 seconds [static and dynamic dependencies]. Details - ImportResultOutputID=9815fe3609cecf7b8f0e23f8eca2918a DependenciesID=69c9cfe86fc6fd10aabc899caddb094a StaticDependenciesID=988a59ddf7f22a38c7abee2052cb2cbb 
Number of updated asset objects reloaded before import = 0Number of asset objects unloaded after import = 72

========================================================================
Received Import Request.
  Time since last request: 0.000038 seconds.
  path: Assets/fog/Demo Assets/Unity Companion License/Particle Pack/Textures/Effects/SmokePuff04.png
  importAddress: Guid(c904f5c1f19e8fc42865cf6d70b4fcb6) Importer(2089858483,b0f066a214c2f5e87bad3c948f4d605d)
Start importing Assets/fog/Demo Assets/Unity Companion License/Particle Pack/Textures/Effects/SmokePuff04.png using Guid(c904f5c1f19e8fc42865cf6d70b4fcb6) Importer(2089858483,b0f066a214c2f5e87bad3c948f4d605d) (ScriptedImporter) -> (Import Result ID: 'f61ea6beb7f68bc4f67637dd540d417b') in 0.0117957 seconds [static and dynamic dependencies]. Details - ImportResultOutputID=7091030875671c9207d05489c92e22db DependenciesID=ad3dd8624d468f4bd50385921f50c3c0 StaticDependenciesID=84ab7c6e084830c662a29d7d80b1a105 
Number of updated asset objects reloaded before import = 0Number of asset objects unloaded after import = 1

========================================================================
Received Import Request.
  Time since last request: 0.000023 seconds.
  path: Assets/materials/TextureHaven/wood_4k/wood_4k_textures/plywood/plywood_nor_4k.png
  importAddress: Guid(3ebcf2da2302cbd4a9acce2f65a5ad26) Importer(2089858483,b0f066a214c2f5e87bad3c948f4d605d)
Start importing Assets/materials/TextureHaven/wood_4k/wood_4k_textures/plywood/plywood_nor_4k.png using Guid(3ebcf2da2302cbd4a9acce2f65a5ad26) Importer(2089858483,b0f066a214c2f5e87bad3c948f4d605d) (ScriptedImporter) -> (Import Result ID: 'ef77b916f18ffb3c94c2246487b00c2a') in 0.039019 seconds [static and dynamic dependencies]. Details - ImportResultOutputID=5cf7eab3371392379d9638b404664372 DependenciesID=225721aca0919b246da50855451c9206 StaticDependenciesID=dec908a2659a79ad6333dbc5bbf4efa1 
Number of updated asset objects reloaded before import = 0Number of asset objects unloaded after import = 1

========================================================================
Received Import Request.
  Time since last request: 0.000024 seconds.
  path: Assets/Ian's Fire Pack Universal/Objects/Torch.fbx
  importAddress: Guid(5a78d1d23e45f4ebab9e9d74a0ae7d6c) Importer(2089858483,b0f066a214c2f5e87bad3c948f4d605d)
Start importing Assets/Ian's Fire Pack Universal/Objects/Torch.fbx using Guid(5a78d1d23e45f4ebab9e9d74a0ae7d6c) Importer(2089858483,b0f066a214c2f5e87bad3c948f4d605d) (ScriptedImporter) -> (Import Result ID: '4e80b517e5323076ec2cf2f05457105e') in 0.0445303 seconds [static and dynamic dependencies]. Details - ImportResultOutputID=783f45a4001b13b3ca291daa2f6bfd9f DependenciesID=56305a082619253347e5a6b1d657e43b StaticDependenciesID=99c6e2b66671e804e28e6362bb22e3a2 
Number of updated asset objects reloaded before import = 0Number of asset objects unloaded after import = 9

========================================================================
Received Import Request.
  Time since last request: 0.000032 seconds.
  path: Assets/materials/New Material 5.mat
  importAddress: Guid(14897e45742d77b4bbdd2d967609ab9f) Importer(2089858483,b0f066a214c2f5e87bad3c948f4d605d)
Start importing Assets/materials/New Material 5.mat using Guid(14897e45742d77b4bbdd2d967609ab9f) Importer(2089858483,b0f066a214c2f5e87bad3c948f4d605d) (ScriptedImporter) -> (Import Result ID: 'ed8e2807f4b9fbad1e2ccabb67b2fe9f') in 0.0084024 seconds [static and dynamic dependencies]. Details - ImportResultOutputID=ac6f86389906942a18ccd21928082adf DependenciesID=b95081ed4111b31172e2b641c91aeb15 StaticDependenciesID=48447e6f92aca637b2da6cefbd361c99 
Number of updated asset objects reloaded before import = 0Number of asset objects unloaded after import = 1

========================================================================
Received Import Request.
  Time since last request: 0.000036 seconds.
  path: Assets/audio/甲骨前对话3.wav
  importAddress: Guid(c1a5cbf51ac53d448a212f4fbffbb4a8) Importer(2089858483,b0f066a214c2f5e87bad3c948f4d605d)
Start importing Assets/audio/甲骨前对话3.wav using Guid(c1a5cbf51ac53d448a212f4fbffbb4a8) Importer(2089858483,b0f066a214c2f5e87bad3c948f4d605d) (ScriptedImporter) -> (Import Result ID: 'f0ed7f9d400fb8be88e88a5d6a615f40') in 0.0048782 seconds [static and dynamic dependencies]. Details - ImportResultOutputID=5b291f2db5d15a4d099d3ddd90b39e36 DependenciesID=3b5a835fe4557e3f28948a84906daa1c StaticDependenciesID=81b833276cf2140722825e9cdf894c68 
Number of updated asset objects reloaded before import = 0Number of asset objects unloaded after import = 1

========================================================================
Received Import Request.
  Time since last request: 0.000023 seconds.
  path: Assets/fog/Demo Assets/Unity Companion License/Particle Pack/Prefabs/WildFire.prefab
  importAddress: Guid(f293a2dcc753a4a489fefe7f8f312d69) Importer(2089858483,e11c23a36db5f54750b8cd40eac0985b)
Start importing Assets/fog/Demo Assets/Unity Companion License/Particle Pack/Prefabs/WildFire.prefab using Guid(f293a2dcc753a4a489fefe7f8f312d69) Importer(2089858483,e11c23a36db5f54750b8cd40eac0985b) (ScriptedImporter) -> (Import Result ID: 'b2a5143dfe34970c604e567b637a177f') in 0.0960997 seconds [static and dynamic dependencies]. Details - ImportResultOutputID=01c4d6184c4058832a9c23395980098e DependenciesID=f9c687729c97320114963ad064a7f51c StaticDependenciesID=36bfad8a0a310822fec73948e491398d 
Number of updated asset objects reloaded before import = 0Number of asset objects unloaded after import = 10

========================================================================
Received Import Request.
  Time since last request: 0.000025 seconds.
  path: Assets/XR/Animated Hands/Animations/r_hand_pinch_anim.fbx
  importAddress: Guid(165871bb4fa915847973b6955c7a670d) Importer(2089858483,b0f066a214c2f5e87bad3c948f4d605d)
Start importing Assets/XR/Animated Hands/Animations/r_hand_pinch_anim.fbx using Guid(165871bb4fa915847973b6955c7a670d) Importer(2089858483,b0f066a214c2f5e87bad3c948f4d605d) (ScriptedImporter) -> (Import Result ID: 'a19ca215c405600fae6e859b001afc61') in 0.0152635 seconds [static and dynamic dependencies]. Details - ImportResultOutputID=61d41718367660bf54260d7907806a22 DependenciesID=4e0bedeb10f9a773f7a0a1351e274d1d StaticDependenciesID=1a81513a261522c9d65ec109aeff9a8f 
Number of updated asset objects reloaded before import = 0Number of asset objects unloaded after import = 57

========================================================================
Received Import Request.
  Time since last request: 0.000027 seconds.
  path: Assets/mesh/未烧裂甲骨/Meshy_AI_Turtle_shell_fragment_0801173027_texture_fbx/Materials/Meshy_AI_Turtle_shell_fragment_0801173027_texture.mat
  importAddress: Guid(75bc54a49f935b94da45a5644635aa3d) Importer(2089858483,b0f066a214c2f5e87bad3c948f4d605d)
Start importing Assets/mesh/未烧裂甲骨/Meshy_AI_Turtle_shell_fragment_0801173027_texture_fbx/Materials/Meshy_AI_Turtle_shell_fragment_0801173027_texture.mat using Guid(75bc54a49f935b94da45a5644635aa3d) Importer(2089858483,b0f066a214c2f5e87bad3c948f4d605d) (ScriptedImporter) -> (Import Result ID: '618006ac4750e3324c28e65d33b8e131') in 0.0162532 seconds [static and dynamic dependencies]. Details - ImportResultOutputID=7aba92005db67e68f6d3fffc5093b8f1 DependenciesID=4fb4ca747863c57ec3beb4212de6e0d8 StaticDependenciesID=f94e988773a079ff5ff26653057a03e2 
Number of updated asset objects reloaded before import = 0Number of asset objects unloaded after import = 4

========================================================================
Received Import Request.
  Time since last request: 0.000036 seconds.
  path: Assets/audio/wu1对话2.wav
  importAddress: Guid(cfd12baa981489f40b89e81930883faa) Importer(2089858483,b0f066a214c2f5e87bad3c948f4d605d)
Start importing Assets/audio/wu1对话2.wav using Guid(cfd12baa981489f40b89e81930883faa) Importer(2089858483,b0f066a214c2f5e87bad3c948f4d605d) (ScriptedImporter) -> (Import Result ID: '7e16f17e0dc7b3c1d3b9a661748d6556') in 0.0070761 seconds [static and dynamic dependencies]. Details - ImportResultOutputID=6a6e826c7db25cfdc24dea5548b684f6 DependenciesID=49feea7e01d1e73b746e5b657c98a376 StaticDependenciesID=8ac797b5522c70fb94cac148b90897d6 
Number of updated asset objects reloaded before import = 0Number of asset objects unloaded after import = 1

========================================================================
Received Import Request.
  Time since last request: 0.000025 seconds.
  path: Assets/XR/Animated Hands/Animations/r_hand_fist_anim.fbx
  importAddress: Guid(005ab0ae8aa7f74438a5fa50f7cd50e3) Importer(2089858483,b0f066a214c2f5e87bad3c948f4d605d)
Start importing Assets/XR/Animated Hands/Animations/r_hand_fist_anim.fbx using Guid(005ab0ae8aa7f74438a5fa50f7cd50e3) Importer(2089858483,b0f066a214c2f5e87bad3c948f4d605d) (ScriptedImporter) -> (Import Result ID: '1c4936ed2526d144a62dfa8a2e74d9e4') in 0.0093619 seconds [static and dynamic dependencies]. Details - ImportResultOutputID=bb750b05c6b7bd2752f23e5800c019d9 DependenciesID=99058143e6bb288fea17c931c33d9f42 StaticDependenciesID=6de374df33e30e99fd17bbb8626ec184 
Number of updated asset objects reloaded before import = 0Number of asset objects unloaded after import = 55

========================================================================
Received Import Request.
  Time since last request: 0.000022 seconds.
  path: Assets/fog/Post Processing Assets/Better Fog/Core/Shader Graphs/Particles/Unlit Particle.shadergraph
  importAddress: Guid(ade0b32f7c0346e41885c2cf8f01efe0) Importer(2089858483,b0f066a214c2f5e87bad3c948f4d605d)
Start importing Assets/fog/Post Processing Assets/Better Fog/Core/Shader Graphs/Particles/Unlit Particle.shadergraph using Guid(ade0b32f7c0346e41885c2cf8f01efe0) Importer(2089858483,b0f066a214c2f5e87bad3c948f4d605d) (ScriptedImporter) -> (Import Result ID: '656c6f3b4ef02d5a6396126ef55799a7') in 0.0119203 seconds [static and dynamic dependencies]. Details - ImportResultOutputID=ff827b1c43cd163dea5d911de5947fdb DependenciesID=3951693656c555fc47b03c28244c15c4 StaticDependenciesID=f7fa6f40d7d2298e30d1ed3d81380fe4 
Number of updated asset objects reloaded before import = 0Number of asset objects unloaded after import = 6

========================================================================
Received Import Request.
  Time since last request: 0.000020 seconds.
  path: Assets/BefourStudios/AsianDynastyEnvironment/Art/Meshes/SM_Tree_02.fbx
  importAddress: Guid(abc00000000017552065482795166369) Importer(2089858483,b0f066a214c2f5e87bad3c948f4d605d)
Start importing Assets/BefourStudios/AsianDynastyEnvironment/Art/Meshes/SM_Tree_02.fbx using Guid(abc00000000017552065482795166369) Importer(2089858483,b0f066a214c2f5e87bad3c948f4d605d) (ScriptedImporter)MaterialLocation.External is obsolete. External Material Location is no longer supported. (Assets/BefourStudios/AsianDynastyEnvironment/Art/Meshes/SM_Tree_02.fbx)
 -> (Import Result ID: '5bdcf82662b54452bc35b081a2667f4e') in 0.0137746 seconds [static and dynamic dependencies]. Details - ImportResultOutputID=5bec13d36384e41f76e2153bff4f5f5b DependenciesID=13a6064218bc15c8d51571bca3a9ca58 StaticDependenciesID=198be0c4ec2cc525db86f672b02c412c 
Number of updated asset objects reloaded before import = 0Number of asset objects unloaded after import = 32

========================================================================
Received Import Request.
  Time since last request: 0.000025 seconds.
  path: Assets/Scripts/SequenceManager.cs
  importAddress: Guid(6cccf77e768a9784288bd3ba0d9fa949) Importer(2089858483,b0f066a214c2f5e87bad3c948f4d605d)
Start importing Assets/Scripts/SequenceManager.cs using Guid(6cccf77e768a9784288bd3ba0d9fa949) Importer(2089858483,b0f066a214c2f5e87bad3c948f4d605d) (ScriptedImporter) -> (Import Result ID: '1cbbceeac6a8e681f0086162d189839a') in 0.0040062 seconds [static and dynamic dependencies]. Details - ImportResultOutputID=75d9807fb09584c2e36773c17c0b77e3 DependenciesID=606da3cb0d07df980ec8318393f8062e StaticDependenciesID=d7ef1be06960a66a6bf7c9aba77ec8f7 
Number of updated asset objects reloaded before import = 0Number of asset objects unloaded after import = 0

========================================================================
Received Import Request.
  Time since last request: 0.000040 seconds.
  path: Assets/Ian's Fire Pack Universal/Sounds/Hiss.wav
  importAddress: Guid(ecac36b17f9bd4a83ae14c638544e33a) Importer(2089858483,b0f066a214c2f5e87bad3c948f4d605d)
Start importing Assets/Ian's Fire Pack Universal/Sounds/Hiss.wav using Guid(ecac36b17f9bd4a83ae14c638544e33a) Importer(2089858483,b0f066a214c2f5e87bad3c948f4d605d) (ScriptedImporter) -> (Import Result ID: '310341213c0620a4789ec79c504f0847') in 0.0155522 seconds [static and dynamic dependencies]. Details - ImportResultOutputID=f8972176ffea9440d7d55c24c83baa66 DependenciesID=295eba84228a80b3c70624f087cdbcc2 StaticDependenciesID=3cbc02ba94637219beb749bc91aa127d 
Number of updated asset objects reloaded before import = 0Number of asset objects unloaded after import = 1

========================================================================
Received Import Request.
  Time since last request: 0.000025 seconds.
  path: Assets/XR/Animated Hands/Animations/l_hand_fist_anim.fbx
  importAddress: Guid(7cb2e1480bb51ce4282f540ea3f41d4f) Importer(2089858483,b0f066a214c2f5e87bad3c948f4d605d)
Start importing Assets/XR/Animated Hands/Animations/l_hand_fist_anim.fbx using Guid(7cb2e1480bb51ce4282f540ea3f41d4f) Importer(2089858483,b0f066a214c2f5e87bad3c948f4d605d) (ScriptedImporter) -> (Import Result ID: 'd3bb73eb4668e3c81556f2a8f73baf75') in 0.009037 seconds [static and dynamic dependencies]. Details - ImportResultOutputID=ec1237ded58c906041a3c0a04a0336d3 DependenciesID=0b004f201bf65cd5628f4de352c4b85b StaticDependenciesID=bea8163e4a9d6d419c9a9456e065f57a 
Number of updated asset objects reloaded before import = 0Number of asset objects unloaded after import = 55

========================================================================
Received Import Request.
  Time since last request: 0.000024 seconds.
  path: Assets/BefourStudios/AsianDynastyEnvironment/Art/Textures/T_TreeBranch_Normal.png
  importAddress: Guid(abc00000000008830019286032916214) Importer(2089858483,b0f066a214c2f5e87bad3c948f4d605d)
Start importing Assets/BefourStudios/AsianDynastyEnvironment/Art/Textures/T_TreeBranch_Normal.png using Guid(abc00000000008830019286032916214) Importer(2089858483,b0f066a214c2f5e87bad3c948f4d605d) (ScriptedImporter) -> (Import Result ID: '8755c3f6417d5c651753e67818dcfe57') in 0.0327053 seconds [static and dynamic dependencies]. Details - ImportResultOutputID=cfeb4e270e97e5ce09df3df709c890b7 DependenciesID=fd14f9ce841dead84088067eccd4cef1 StaticDependenciesID=e61ea60ed6f286409f1cb4b424c50449 
Number of updated asset objects reloaded before import = 0Number of asset objects unloaded after import = 1

========================================================================
Received Import Request.
  Time since last request: 0.000023 seconds.
  path: Assets/materials/New Material 4.mat
  importAddress: Guid(c6051a759230ecb46b50bd8045e24bdb) Importer(2089858483,b0f066a214c2f5e87bad3c948f4d605d)
Start importing Assets/materials/New Material 4.mat using Guid(c6051a759230ecb46b50bd8045e24bdb) Importer(2089858483,b0f066a214c2f5e87bad3c948f4d605d) (ScriptedImporter) -> (Import Result ID: '18f13363193d85f8f8184ba41d204498') in 0.0094444 seconds [static and dynamic dependencies]. Details - ImportResultOutputID=7f30a43843c49a0ff554e61c11f04e95 DependenciesID=97ead1a2784e0804c5bed33b8ddc6ec3 StaticDependenciesID=eb027a37fb55fe9d799b37973df712ea 
Number of updated asset objects reloaded before import = 0Number of asset objects unloaded after import = 2

========================================================================
Received Import Request.
  Time since last request: 0.000053 seconds.
  path: Assets/Scenes/WU1before.unity
  importAddress: Guid(fb030ba624edbb04d8b053b9bc894980) Importer(2089858483,e11c23a36db5f54750b8cd40eac0985b)
Start importing Assets/Scenes/WU1before.unity using Guid(fb030ba624edbb04d8b053b9bc894980) Importer(2089858483,e11c23a36db5f54750b8cd40eac0985b) (ScriptedImporter)Opening scene 'Assets/Scenes/WU1before.unity additively'
Loaded scene 'Assets/Scenes/WU1before.unity'
	Deserialize:            35.741 ms
	Integration:            66.333 ms
	Integration of assets:  2.063 ms
	Thread Wait Time:       0.015 ms
	Total Operation Time:   104.153 ms
 -> (Import Result ID: 'b790ed8a9c2123221c29c85f940d7fa2') in 0.3067869 seconds [static and dynamic dependencies]. Details - ImportResultOutputID=cd2d2eed220d60dd4849e1333abd24e7 DependenciesID=de56d8d581e5821766038130ce819af9 StaticDependenciesID=0d1c4e28729a027b0f2ec612e9801442 
Number of updated asset objects reloaded before import = 0Number of asset objects unloaded after import = 31

========================================================================
Received Import Request.
  Time since last request: 0.000029 seconds.
  path: Assets/BefourStudios/AsianDynastyEnvironment/Art/Prefabs/SM_Tree_02.prefab
  importAddress: Guid(abc00000000007745438520670240082) Importer(2089858483,e11c23a36db5f54750b8cd40eac0985b)
Start importing Assets/BefourStudios/AsianDynastyEnvironment/Art/Prefabs/SM_Tree_02.prefab using Guid(abc00000000007745438520670240082) Importer(2089858483,e11c23a36db5f54750b8cd40eac0985b) (ScriptedImporter) -> (Import Result ID: '4bf807911e08a33f83f9c6dd5aff7d71') in 0.0256197 seconds [static and dynamic dependencies]. Details - ImportResultOutputID=7a86a068f79a710dd0ab1341c2e425fd DependenciesID=ea85fcf44b03f2c9b1d600fabb9fe130 StaticDependenciesID=091eff0a4a88b6f03f9d71e29cd2328f 
Number of updated asset objects reloaded before import = 0Number of asset objects unloaded after import = 31

========================================================================
Received Import Request.
  Time since last request: 0.000037 seconds.
  path: Assets/materials/TextureHaven/wood_4k/wood_4k_textures/brown_planks_04/c34a65956e31500f71f9d01ec31dbe11.jpg
  importAddress: Guid(6f627f31d847aac44a7f5be2382a72fc) Importer(2089858483,b0f066a214c2f5e87bad3c948f4d605d)
Start importing Assets/materials/TextureHaven/wood_4k/wood_4k_textures/brown_planks_04/c34a65956e31500f71f9d01ec31dbe11.jpg using Guid(6f627f31d847aac44a7f5be2382a72fc) Importer(2089858483,b0f066a214c2f5e87bad3c948f4d605d) (ScriptedImporter) -> (Import Result ID: 'c2d1dde07b0bba9e88873d8364922db8') in 0.0094331 seconds [static and dynamic dependencies]. Details - ImportResultOutputID=4b4bf6b50938a47059df7c68b823a911 DependenciesID=2c8568b8ae71816a4b0cdaaa24df6ce3 StaticDependenciesID=239b80839d032cd16c716d16509f9f72 
Number of updated asset objects reloaded before import = 0Number of asset objects unloaded after import = 1

========================================================================
Received Import Request.
  Time since last request: 0.000018 seconds.
  path: Assets/BefourStudios/AsianDynastyEnvironment/Art/Meshes/Materials/MI_Treebark.mat
  importAddress: Guid(e154e2a665ad8a542921d4add8c278e8) Importer(2089858483,b0f066a214c2f5e87bad3c948f4d605d)
Start importing Assets/BefourStudios/AsianDynastyEnvironment/Art/Meshes/Materials/MI_Treebark.mat using Guid(e154e2a665ad8a542921d4add8c278e8) Importer(2089858483,b0f066a214c2f5e87bad3c948f4d605d) (ScriptedImporter) -> (Import Result ID: '28c9d23518dd1c5644e2848af30234fd') in 0.0118483 seconds [static and dynamic dependencies]. Details - ImportResultOutputID=edf5eab1613eda7f627eb7f2c54ac02d DependenciesID=5c5ffe86e9baa9253484e74787741b6e StaticDependenciesID=b093bd790b1e8d494eeaa0410280520f 
Number of updated asset objects reloaded before import = 0Number of asset objects unloaded after import = 1

========================================================================
Received Import Request.
  Time since last request: 0.000021 seconds.
  path: Assets/audio/甲骨前对话2.wav
  importAddress: Guid(bd44aef2c40d29c4cad71cd15562bd24) Importer(2089858483,b0f066a214c2f5e87bad3c948f4d605d)
Start importing Assets/audio/甲骨前对话2.wav using Guid(bd44aef2c40d29c4cad71cd15562bd24) Importer(2089858483,b0f066a214c2f5e87bad3c948f4d605d) (ScriptedImporter) -> (Import Result ID: '03afde3500602080a1db9863276ddd64') in 0.0048072 seconds [static and dynamic dependencies]. Details - ImportResultOutputID=aeb8bbc8a9aa1eafd6b727739dd7aa28 DependenciesID=01530470715f81077702d1255fff2405 StaticDependenciesID=54439fcec9b4bb2f3755efe3440cbfc7 
Number of updated asset objects reloaded before import = 0Number of asset objects unloaded after import = 1

========================================================================
Received Import Request.
  Time since last request: 0.000021 seconds.
  path: Assets/Textures/rock_moss_set_02_nor_gl_4k.exr
  importAddress: Guid(7b2ac004a71e83545841e6e949c32866) Importer(2089858483,b0f066a214c2f5e87bad3c948f4d605d)
Start importing Assets/Textures/rock_moss_set_02_nor_gl_4k.exr using Guid(7b2ac004a71e83545841e6e949c32866) Importer(2089858483,b0f066a214c2f5e87bad3c948f4d605d) (ScriptedImporter) -> (Import Result ID: 'ea6ff313f87f5e9e8e2255eb5ba4cf03') in 0.0115847 seconds [static and dynamic dependencies]. Details - ImportResultOutputID=6e6fe8edab71b8b18897503f8ed504dd DependenciesID=69ffb1e53b875385ff033bb7811dbfc4 StaticDependenciesID=3a1a0318ec7c0d0270f52889d84b9dd3 
Number of updated asset objects reloaded before import = 0Number of asset objects unloaded after import = 1

========================================================================
Received Import Request.
  Time since last request: 0.000024 seconds.
  path: Assets/Ian's Fire Pack Universal/Textures/Torch.png
  importAddress: Guid(787d023fa3dd44b3bab6a6a243563b03) Importer(2089858483,b0f066a214c2f5e87bad3c948f4d605d)
Start importing Assets/Ian's Fire Pack Universal/Textures/Torch.png using Guid(787d023fa3dd44b3bab6a6a243563b03) Importer(2089858483,b0f066a214c2f5e87bad3c948f4d605d) (ScriptedImporter) -> (Import Result ID: '144deeaedafac09f000ee254dc68bfb5') in 0.0102076 seconds [static and dynamic dependencies]. Details - ImportResultOutputID=3c89badaefaad1ff7ef8fdfff7f0fa89 DependenciesID=aa614dc5924066070d2681da969fa385 StaticDependenciesID=ebc36e3846995dc974fef0c83d7258c0 
Number of updated asset objects reloaded before import = 0Number of asset objects unloaded after import = 1

========================================================================
Received Import Request.
  Time since last request: 0.000044 seconds.
  path: Assets/Scripts/WuoneManager.cs
  importAddress: Guid(a7ab47344327129408d6bba47a8bd3dc) Importer(2089858483,b0f066a214c2f5e87bad3c948f4d605d)
Start importing Assets/Scripts/WuoneManager.cs using Guid(a7ab47344327129408d6bba47a8bd3dc) Importer(2089858483,b0f066a214c2f5e87bad3c948f4d605d) (ScriptedImporter) -> (Import Result ID: '27ec443e19b18c19a002d0922c1da308') in 0.004471 seconds [static and dynamic dependencies]. Details - ImportResultOutputID=41ab93892ee6632a7fb353996be8f168 DependenciesID=ca6ea5c5ba6a722e3ed7de1459671115 StaticDependenciesID=c89554bd343f97bc8f39034f067335b0 
Number of updated asset objects reloaded before import = 0Number of asset objects unloaded after import = 0

========================================================================
Received Import Request.
  Time since last request: 0.000022 seconds.
  path: Assets/BefourStudios/AsianDynastyEnvironment/Art/Meshes/Materials/No Name.mat
  importAddress: Guid(4ebacd317b8ed8d418db581f82316e8b) Importer(2089858483,b0f066a214c2f5e87bad3c948f4d605d)
Start importing Assets/BefourStudios/AsianDynastyEnvironment/Art/Meshes/Materials/No Name.mat using Guid(4ebacd317b8ed8d418db581f82316e8b) Importer(2089858483,b0f066a214c2f5e87bad3c948f4d605d) (ScriptedImporter) -> (Import Result ID: 'c0161fed62a68f955a60953dc602a1de') in 0.0061642 seconds [static and dynamic dependencies]. Details - ImportResultOutputID=6ba5e071d17549af8cdaf18ecb020137 DependenciesID=7e5d2e350919ed4af0f3d3bc800753e5 StaticDependenciesID=0f39174ec3d5ea1e95cc71f89cc029ab 
Number of updated asset objects reloaded before import = 0Number of asset objects unloaded after import = 1

========================================================================
Received Import Request.
  Time since last request: 0.000024 seconds.
  path: Assets/BefourStudios/AsianDynastyEnvironment/Art/Textures/T_TreeBranch2_BaseColor.png
  importAddress: Guid(abc00000000005619208042355978841) Importer(2089858483,b0f066a214c2f5e87bad3c948f4d605d)
Start importing Assets/BefourStudios/AsianDynastyEnvironment/Art/Textures/T_TreeBranch2_BaseColor.png using Guid(abc00000000005619208042355978841) Importer(2089858483,b0f066a214c2f5e87bad3c948f4d605d) (ScriptedImporter) -> (Import Result ID: 'd1cb7c3b880b5b4590d2c3b629958027') in 0.0227494 seconds [static and dynamic dependencies]. Details - ImportResultOutputID=35b1e400909799201313d88c74c1bbd1 DependenciesID=05ce1e7f5fd07208037302b20afd7a7c StaticDependenciesID=3b854f025d507d15e8fe2947661ca576 
Number of updated asset objects reloaded before import = 0Number of asset objects unloaded after import = 1

Editor requested this worker to shutdown with reason: Scaling down because of idle timeout
AssetImportWorker is now disconnected from the server
Process exiting
Exiting without the bug reporter. Application will terminate with return code 0