[Licensing::Module] Trying to connect to existing licensing client channel...
Built from '6000.4/staging' branch; Version is '6000.4.6f1 (0b051c2e5d54) revision 722204'; Using compiler version '194234433'; Build Type 'Release'
[Licensing::IpcConnector] Successfully connected to: "LicenseClient-15490" at "2026-08-02T23:41:01.7278074Z"
OS: 'Windows 11  (10.0.26200) CoreCountrySpecific' Language: 'zh' Physical Memory: 32212 MB
BatchMode: 1, IsHumanControllingUs: 0, StartBugReporterOnCrash: 0, Is64bit: 1
System  architecture: x64
Process architecture: x64
Date: 2026-08-02T23:41:01Z

COMMAND LINE ARGUMENTS:
D:\unity\Editor\Unity.exe
-adb2
-batchMode
-noUpm
-name
AssetImportWorker14
-projectPath
D:/Yin
-logFile
Logs/AssetImportWorker14.log
-srvPort
2613
-licensingIpc
LicenseClient-15490
-force-d3d12
-job-worker-count
11
-background-job-worker-count
8
-gc-helper-count
1
-name
AssetImport
Successfully changed project path to: D:/Yin
D:/Yin
[UnityMemory] Configuration Parameters - Can be set up in boot.config
    "memorysetup-temp-allocator-size-gi-baking-worker=262144"
    "memorysetup-temp-allocator-size-gi-baking-worker=262144"
    "memorysetup-temp-allocator-size-gi-baking-worker=262144"
    "memorysetup-temp-allocator-size-gi-baking-worker=262144"
    "memorysetup-temp-allocator-size-gi-baking-worker=262144"
    "memorysetup-temp-allocator-size-nav-mesh-worker=65536"
    "memorysetup-temp-allocator-size-audio-worker=65536"
    "memorysetup-temp-allocator-size-cloud-worker=32768"
    "memorysetup-temp-allocator-size-gfx=262144"
    "memorysetup-temp-allocator-size-preload-manager=33554432"
    "memorysetup-temp-allocator-size-job-worker=262144"
    "memorysetup-temp-allocator-size-background-worker=32768"
    "memorysetup-allocator-temp-initial-block-size-main=262144"
    "memorysetup-allocator-temp-initial-block-size-worker=262144"
    "memorysetup-bucket-allocator-granularity=16"
    "memorysetup-bucket-allocator-bucket-count=8"
    "memorysetup-bucket-allocator-block-size=33554432"
    "memorysetup-bucket-allocator-block-count=8"
    "memorysetup-main-allocator-block-size=16777216"
    "memorysetup-thread-allocator-block-size=16777216"
    "memorysetup-gfx-main-allocator-block-size=16777216"
    "memorysetup-gfx-thread-allocator-block-size=16777216"
    "memorysetup-cache-allocator-block-size=4194304"
    "memorysetup-typetree-allocator-block-size=2097152"
    "memorysetup-profiler-bucket-allocator-granularity=16"
    "memorysetup-profiler-bucket-allocator-bucket-count=8"
    "memorysetup-profiler-bucket-allocator-block-size=33554432"
    "memorysetup-profiler-bucket-allocator-block-count=8"
    "memorysetup-profiler-allocator-block-size=16777216"
    "memorysetup-profiler-editor-allocator-block-size=1048576"
    "memorysetup-temp-allocator-size-main=16777216"
    "memorysetup-job-temp-allocator-block-size=2097152"
    "memorysetup-job-temp-allocator-block-size-background=1048576"
    "memorysetup-job-temp-allocator-reduction-small-platforms=262144"
Player connection [35548]  Target information:

Player connection [35548]  * "[IP] 192.168.1.112 [Port] 0 [Flags] 2 [Guid] 4074405838 [EditorId] 4074405838 [Version] 1048832 [Id] WindowsEditor(7,9daY) [Debug] 1 [PackageName] WindowsEditor [ProjectName] Editor" 

Player connection [35548] Host joined multi-casting on [225.0.0.222:54997]...
Player connection [35548] Host joined alternative multi-casting on [225.0.0.222:34997]...
JobSystem: Creating JobQueue using job-worker-count value 11
Input System module state changed to: Initialized.
[Physics::Module] Initialized fallback backend.
[Physics::Module] Id: 0xdecafbad
Library Redirect Path: Library/
[Physics::Module] Selected backend.
[Physics::Module] Name: PhysX
[Physics::Module] Id: 0xf2b8ea05
[Physics::Module] SDK Version: 4.1.2
[Physics::Module] Integration Version: 1.0.0
[Physics::Module] Threading Mode: Multi-Threaded
Refreshing native plugins compatible for Editor in 20.07 ms, found 10 plugins.
Initialize engine version: 6000.4.6f1 (0b051c2e5d54)
[Subsystems] Discovering subsystems at path D:/unity/Editor/Data/Resources/UnitySubsystems
[Subsystems] Discovering subsystems at path D:/Yin/Assets
Forcing GfxDevice: Direct3D 12
GfxDevice: creating device client; kGfxThreadingModeNonThreaded
d3d12: failed to query info queue interface (0x80004002).
Direct3D:
    Version:         Direct3D 12 [level 12.2]
    Renderer:        NVIDIA GeForce RTX 5070 Laptop GPU (ID=0x2d58)
    Vendor:          NVIDIA
    VRAM:            7891 MB
    App VRAM Budget: 7123 MB
    Driver:          32.0.15.9608
Initialize mono
Mono path[0] = 'D:/unity/Editor/Data/Managed'
Mono path[1] = 'D:/unity/Editor/Data/MonoBleedingEdge/lib/mono/unityjit-win32'
Mono config path = 'D:/unity/Editor/Data/MonoBleedingEdge/etc'
Using monoOptions --debugger-agent=transport=dt_socket,embedding=1,server=y,suspend=n,address=127.0.0.1:56660
CodeReloadManager initialized
Begin MonoManager ReloadAssembly
Registering precompiled unity dll's ...
Register platform support module: D:/unity/Editor/Data/PlaybackEngines/WindowsStandaloneSupport/UnityEditor.WindowsStandalone.Extensions.dll
Registered in 0.001265 seconds.
Native extension for WindowsStandalone target not found
Package Manager log level set to [2]
[Package Manager] Failed to launch server process. Reason: Unity was launched with the -noUpm command-line argument
[Package Manager] Unable to send message (not connected to server process).
[Package Manager] Cannot connect to Unity Package Manager local server
[Licensing::Client] Error: HandshakeResponse reported an error:
	ResponseCode: 505
	ResponseStatus: Unsupported protocol version '1.18.1'.
[Licensing::Module] Error: Failed to handshake to channel: "LicenseClient-15490"
[Licensing::IpcConnector] LicenseClient-15490 channel disconnected successfully.
[Licensing::IpcConnector] Successfully connected to: "LicenseClient-15490-6000.4.6" at "2026-08-02T23:41:03.7258319Z"
[Licensing::Client] Code 10 while verifying Licensing Client signature (process Id: 36380, path: "D:/unity/Editor/Data/Resources/Licensing/Client/Unity.Licensing.Client.exe")
[Licensing::Module] LicensingClient has failed validation; ignoring
ScheduleIndexationOnStartup MainProcess:False IndexOnStartup:True
[Licensing::Client] Handshaking with LicensingClient:
  Version:                 1.18.1+9fbee8e
  Session Id:              00a202370fa146688017996f6f5553ab
  Correlation Id:          8f132c48ba833a145d04de9bbedf03ed
  External correlation Id: 3441423781857586260
  Machine Id:              DJWBFtPZt+einrVuex0hynKXsRc=
[Licensing::Module] Successfully connected to LicensingClient on channel: "LicenseClient-15490-6000.4.6" (connect: 0.00s, validation: 0.00s, handshake: 0.01s)
[Licensing::IpcConnector] Successfully connected to: "LicenseClient-15490-6000.4.6-notifications" at "2026-08-02T23:41:03.7370708Z"
[Licensing::Module] Licensing Background thread has ended after 2.01s
Mono: successfully reloaded assembly
- Finished resetting the current domain, in  0.398 seconds
Domain Reload Profiling: 899ms
	BeginReloadAssembly (173ms)
	RebuildCommonClasses (39ms)
	RebuildNativeTypeToScriptingClass (12ms)
	initialDomainReloadingComplete (65ms)
	LoadAllAssembliesAndSetupDomain (211ms)
		LoadAssemblies (171ms)
		AnalyzeDomain (202ms)
			TypeCache.Refresh (201ms)
				TypeCache.ScanAssembly (186ms)
	FinalizeReload (399ms)
		SetupLoadedEditorAssemblies (0ms)
			InitializePlatformSupportModulesInManaged (46ms)
			BeforeProcessingInitializeOnLoad (80ms)
			ProcessInitializeOnLoadAttributes (105ms)
			ProcessInitializeOnLoadMethodAttributes (88ms)
========================================================================
Worker process is ready to serve import requests
Import Worker Mode flag is 0x00
Begin MonoManager ReloadAssembly
[Licensing::Client] Successfully resolved entitlement details
[Licensing::Module] License group:
  Id: 5773964460127-UnityPersXXXX
  Product: Unity Personal
  Type: Assigned
  Expiration: Unlimited
Assembly Assembly-CSharp-Editor-firstpass.dll at Library/ScriptAssemblies/Assembly-CSharp-Editor-firstpass.dll not valid. Loading of assembly skipped.
Assembly Assembly-CSharp-firstpass.dll at Library/ScriptAssemblies/Assembly-CSharp-firstpass.dll not valid. Loading of assembly skipped.
Assembly DocCodeExamples.dll at Library/ScriptAssemblies/DocCodeExamples.dll not valid. Loading of assembly skipped.
Assembly TestNewCustomAssembly.dll at Library/ScriptAssemblies/TestNewCustomAssembly.dll not valid. Loading of assembly skipped.
Assembly Unity.Collections.BurstCompatibilityGen.dll at Library/ScriptAssemblies/Unity.Collections.BurstCompatibilityGen.dll not valid. Loading of assembly skipped.
Assembly Unity.Collections.DocCodeSamples.dll at Library/ScriptAssemblies/Unity.Collections.DocCodeSamples.dll not valid. Loading of assembly skipped.
Assembly Unity.Collections.PerformanceTests.dll at Library/ScriptAssemblies/Unity.Collections.PerformanceTests.dll not valid. Loading of assembly skipped.
Assembly Unity.Collections.Tests.dll at Library/ScriptAssemblies/Unity.Collections.Tests.dll not valid. Loading of assembly skipped.
Assembly Unity.Collections.Tests.Playmode.dll at Library/ScriptAssemblies/Unity.Collections.Tests.Playmode.dll not valid. Loading of assembly skipped.
Assembly Unity.InputSystem.IntegrationTests.dll at Library/ScriptAssemblies/Unity.InputSystem.IntegrationTests.dll not valid. Loading of assembly skipped.
Assembly Unity.Mathematics.Tests.dll at Library/ScriptAssemblies/Unity.Mathematics.Tests.dll not valid. Loading of assembly skipped.
Assembly Unity.Multiplayer.Center.Editor.Tests.dll at Library/ScriptAssemblies/Unity.Multiplayer.Center.Editor.Tests.dll not valid. Loading of assembly skipped.
Assembly Unity.Multiplayer.Center.Tests.dll at Library/ScriptAssemblies/Unity.Multiplayer.Center.Tests.dll not valid. Loading of assembly skipped.
Assembly Unity.Nuget.Mono-Cecil.dll at Library/ScriptAssemblies/Unity.Nuget.Mono-Cecil.dll not valid. Loading of assembly skipped.
Assembly Unity.PathTracing.Editor.Tests.dll at Library/ScriptAssemblies/Unity.PathTracing.Editor.Tests.dll not valid. Loading of assembly skipped.
Assembly Unity.PathTracing.Runtime.Tests.dll at Library/ScriptAssemblies/Unity.PathTracing.Runtime.Tests.dll not valid. Loading of assembly skipped.
Assembly Unity.RenderPipelines.Core.Editor.Tests.dll at Library/ScriptAssemblies/Unity.RenderPipelines.Core.Editor.Tests.dll not valid. Loading of assembly skipped.
Assembly Unity.RenderPipelines.Core.Runtime.Tests.dll at Library/ScriptAssemblies/Unity.RenderPipelines.Core.Runtime.Tests.dll not valid. Loading of assembly skipped.
Assembly Unity.RenderPipelines.Universal.Config.Editor.Tests.dll at Library/ScriptAssemblies/Unity.RenderPipelines.Universal.Config.Editor.Tests.dll not valid. Loading of assembly skipped.
Assembly Unity.RenderPipelines.Universal.Editor.Tests.dll at Library/ScriptAssemblies/Unity.RenderPipelines.Universal.Editor.Tests.dll not valid. Loading of assembly skipped.
Assembly Unity.RenderPipelines.Universal.Runtime.Tests.dll at Library/ScriptAssemblies/Unity.RenderPipelines.Universal.Runtime.Tests.dll not valid. Loading of assembly skipped.
Assembly Unity.Searcher.EditorTests.dll at Library/ScriptAssemblies/Unity.Searcher.EditorTests.dll not valid. Loading of assembly skipped.
Assembly Unity.ShaderGraph.Editor.Tests.dll at Library/ScriptAssemblies/Unity.ShaderGraph.Editor.Tests.dll not valid. Loading of assembly skipped.
Assembly Unity.TextMeshPro.Editor.Tests.dll at Library/ScriptAssemblies/Unity.TextMeshPro.Editor.Tests.dll not valid. Loading of assembly skipped.
Assembly Unity.TextMeshPro.Tests.dll at Library/ScriptAssemblies/Unity.TextMeshPro.Tests.dll not valid. Loading of assembly skipped.
Assembly Unity.UnifiedRayTracing.Editor.Tests.dll at Library/ScriptAssemblies/Unity.UnifiedRayTracing.Editor.Tests.dll not valid. Loading of assembly skipped.
Assembly Unity.XR.CoreUtils.CodeSamples.Tests.dll at Library/ScriptAssemblies/Unity.XR.CoreUtils.CodeSamples.Tests.dll not valid. Loading of assembly skipped.
Assembly Unity.XR.CoreUtils.Editor.Tests.dll at Library/ScriptAssemblies/Unity.XR.CoreUtils.Editor.Tests.dll not valid. Loading of assembly skipped.
Assembly Unity.XR.CoreUtils.Tests.dll at Library/ScriptAssemblies/Unity.XR.CoreUtils.Tests.dll not valid. Loading of assembly skipped.
Assembly Unity.XR.Interaction.Toolkit.Editor.Tests.dll at Library/ScriptAssemblies/Unity.XR.Interaction.Toolkit.Editor.Tests.dll not valid. Loading of assembly skipped.
Assembly Unity.XR.Interaction.Toolkit.Tests.dll at Library/ScriptAssemblies/Unity.XR.Interaction.Toolkit.Tests.dll not valid. Loading of assembly skipped.
Assembly Unity.XR.Management.EditorTests.dll at Library/ScriptAssemblies/Unity.XR.Management.EditorTests.dll not valid. Loading of assembly skipped.
Assembly Unity.XR.Management.TestPackage.dll at Library/ScriptAssemblies/Unity.XR.Management.TestPackage.dll not valid. Loading of assembly skipped.
Assembly Unity.XR.Management.TestPackage.Editor.dll at Library/ScriptAssemblies/Unity.XR.Management.TestPackage.Editor.dll not valid. Loading of assembly skipped.
Assembly Unity.XR.Management.Tests.dll at Library/ScriptAssemblies/Unity.XR.Management.Tests.dll not valid. Loading of assembly skipped.
Assembly Unity.XR.Management.Tests.Standalone.dll at Library/ScriptAssemblies/Unity.XR.Management.Tests.Standalone.dll not valid. Loading of assembly skipped.
Assembly Unity.XR.OpenXR.Editor.Tests.dll at Library/ScriptAssemblies/Unity.XR.OpenXR.Editor.Tests.dll not valid. Loading of assembly skipped.
Assembly Unity.XR.OpenXR.Tests.dll at Library/ScriptAssemblies/Unity.XR.OpenXR.Tests.dll not valid. Loading of assembly skipped.
Assembly Unity.XR.OpenXR.Ubuntu.Tests.dll at Library/ScriptAssemblies/Unity.XR.OpenXR.Ubuntu.Tests.dll not valid. Loading of assembly skipped.
Assembly Unity.XR.TestSupport.dll at Library/ScriptAssemblies/Unity.XR.TestSupport.dll not valid. Loading of assembly skipped.
Assembly UnityEditor.UI.Common.Tests.dll at Library/ScriptAssemblies/UnityEditor.UI.Common.Tests.dll not valid. Loading of assembly skipped.
Assembly UnityEditor.UI.EditorTests.dll at Library/ScriptAssemblies/UnityEditor.UI.EditorTests.dll not valid. Loading of assembly skipped.
Assembly UnityEditor.XR.LegacyInputHelpers.Tests.dll at Library/ScriptAssemblies/UnityEditor.XR.LegacyInputHelpers.Tests.dll not valid. Loading of assembly skipped.
Assembly UnityEngine.SpatialTracking.Tests.dll at Library/ScriptAssemblies/UnityEngine.SpatialTracking.Tests.dll not valid. Loading of assembly skipped.
Assembly UnityEngine.UI.Tests.dll at Library/ScriptAssemblies/UnityEngine.UI.Tests.dll not valid. Loading of assembly skipped.
Assembly UnityEngine.XR.OpenXR.CodeSamples.Editor.Tests.dll at Library/ScriptAssemblies/UnityEngine.XR.OpenXR.CodeSamples.Editor.Tests.dll not valid. Loading of assembly skipped.
Refreshing native plugins compatible for Editor in 5.93 ms, found 10 plugins.
Native extension for WindowsStandalone target not found
[Package Manager] Failed to launch server process. Reason: Unity was launched with the -noUpm command-line argument
[Package Manager] Unable to send message (not connected to server process).
[Package Manager] Cannot connect to Unity Package Manager local server
Refreshing native plugins compatible for Editor in 8.69 ms, found 10 plugins.
[Package Manager] Failed to launch server process. Reason: Unity was launched with the -noUpm command-line argument
[Package Manager] Unable to send message (not connected to server process).
[Package Manager] Cannot connect to Unity Package Manager local server
ScheduleIndexationOnStartup MainProcess:False IndexOnStartup:True
Mono: successfully reloaded assembly
[Package Manager] Failed to launch server process. Reason: Unity was launched with the -noUpm command-line argument
[Package Manager] Unable to send message (not connected to server process).
[Package Manager] Cannot connect to Unity Package Manager local server
[Package Manager] Failed to launch server process. Reason: Unity was launched with the -noUpm command-line argument
[Package Manager] Unable to send message (not connected to server process).
[Package Manager] Cannot connect to Unity Package Manager local server
- Finished resetting the current domain, in  1.042 seconds
Domain Reload Profiling: 1874ms
	BeginReloadAssembly (181ms)
		DisableScriptedObjects (4ms)
		CreateAndSetChildDomain (32ms)
	RebuildCommonClasses (33ms)
	RebuildNativeTypeToScriptingClass (10ms)
	initialDomainReloadingComplete (66ms)
	LoadAllAssembliesAndSetupDomain (540ms)
		LoadAssemblies (387ms)
		AnalyzeDomain (254ms)
			TypeCache.Refresh (186ms)
				TypeCache.ScanAssembly (165ms)
			BuildScriptInfoCaches (54ms)
			ResolveRequiredComponents (12ms)
	FinalizeReload (1042ms)
		SetupLoadedEditorAssemblies (0ms)
			BeforeProcessingInitializeOnLoad (145ms)
			ProcessInitializeOnLoadAttributes (508ms)
			ProcessInitializeOnLoadMethodAttributes (138ms)
		AwakeInstancesAfterBackupRestoration (7ms)
Launched and connected shader compiler UnityShaderCompiler.exe after 0.02 seconds
Refreshing native plugins compatible for Editor in 5.89 ms, found 10 plugins.
Unloading 24 Unused Serialized files (Serialized files now loaded: 0)
Unloading 7694 unused Assets / (6.6 MB). Loaded Objects now: 8541.
Memory consumption went from 183.3 MB to 176.8 MB.
Total: 10.962700 ms (FindLiveObjects: 1.177300 ms CreateObjectMapping: 0.811500 ms MarkObjects: 5.263400 ms  DeleteObjects: 3.706300 ms)

========================================================================
Received Import Request.
  Time since last request: 34104.061648 seconds.
  path: Assets/TripoModels/ancient_chinese_emperor_statue_3d_model/ancient_chinese_emperor_statue_3d_model.fbx
  importAddress: Guid(ea98222c78b374d468e4cbb761da3458) Importer(815301076,1909f56bfc062723c751e8b465ee728b)
Start importing Assets/TripoModels/ancient_chinese_emperor_statue_3d_model/ancient_chinese_emperor_statue_3d_model.fbx using Guid(ea98222c78b374d468e4cbb761da3458) Importer(815301076,1909f56bfc062723c751e8b465ee728b) (PreviewImporter)MaterialLocation.External is obsolete. External Material Location is no longer supported. (Assets/TripoModels/ancient_chinese_emperor_statue_3d_model/ancient_chinese_emperor_statue_3d_model.fbx)
 -> (Import Result ID: '0426fc3c47cc36b893156406303b3553') in 1.1093806 seconds [static and dynamic dependencies]. Details - ImportResultOutputID=d9218a2fc4af7621ce8274cfb186323e DependenciesID=9c0fb6357ca5f00dd077b3ce10ba1823 StaticDependenciesID=29baf53bc39b95115b779525c9afd23e 
Number of updated asset objects reloaded before import = 0Number of asset objects unloaded after import = 11

========================================================================
Received Import Request.
  Time since last request: 0.000182 seconds.
  path: Assets/SunboxGames/ModularDungeonCaves/Models/MediumChamber_03.fbx
  importAddress: Guid(58b97240c8760ec4b9ae34006ff15e56) Importer(815301076,1909f56bfc062723c751e8b465ee728b)
Start importing Assets/SunboxGames/ModularDungeonCaves/Models/MediumChamber_03.fbx using Guid(58b97240c8760ec4b9ae34006ff15e56) Importer(815301076,1909f56bfc062723c751e8b465ee728b) (PreviewImporter) -> (Import Result ID: 'fe8a2f6d5039c623ffc5bd9a5f08e9a3') in 0.8206563 seconds [static and dynamic dependencies]. Details - ImportResultOutputID=d3f21a42b906d68a6fe0187712c58a04 DependenciesID=976d0d83fedbc8d5744260a0ed67ef73 StaticDependenciesID=a16f4ba4c70db2d6037af19dd40e8d89 
Number of updated asset objects reloaded before import = 0Number of asset objects unloaded after import = 40

========================================================================
Received Import Request.
  Time since last request: 0.000053 seconds.
  path: Assets/TripoModels/ancient_statue_3d_model_4/ancient_statue_3d_model_4.fbx
  importAddress: Guid(42ab4b8c4975a5b4fa10f0034bb1a6d9) Importer(815301076,1909f56bfc062723c751e8b465ee728b)
Start importing Assets/TripoModels/ancient_statue_3d_model_4/ancient_statue_3d_model_4.fbx using Guid(42ab4b8c4975a5b4fa10f0034bb1a6d9) Importer(815301076,1909f56bfc062723c751e8b465ee728b) (PreviewImporter)MaterialLocation.External is obsolete. External Material Location is no longer supported. (Assets/TripoModels/ancient_statue_3d_model_4/ancient_statue_3d_model_4.fbx)
 -> (Import Result ID: '858e6e7f4a4ef9e8f3fee29a2d72ed14') in 0.033547 seconds [static and dynamic dependencies]. Details - ImportResultOutputID=63e9c3393cd83ecbc951bb32e24a1031 DependenciesID=0c164fb3f87f96461efe4b81b774e590 StaticDependenciesID=54f61c1f8b9a24d16e911317a403d211 
Number of updated asset objects reloaded before import = 0Number of asset objects unloaded after import = 11

========================================================================
Received Import Request.
  Time since last request: 0.000038 seconds.
  path: Assets/TripoModels/bodhisattva_statue_3d_model_1/bodhisattva_statue_3d_model_1.fbx
  importAddress: Guid(05b8e38a638197c4aa1e578eb5dddf49) Importer(815301076,1909f56bfc062723c751e8b465ee728b)
Start importing Assets/TripoModels/bodhisattva_statue_3d_model_1/bodhisattva_statue_3d_model_1.fbx using Guid(05b8e38a638197c4aa1e578eb5dddf49) Importer(815301076,1909f56bfc062723c751e8b465ee728b) (PreviewImporter) -> (Import Result ID: '12c059796c2165d0c4aede8489b6b8ea') in 0.0597669 seconds [static and dynamic dependencies]. Details - ImportResultOutputID=113a1002868adc365ee9a0149071a893 DependenciesID=d153f24e869892942054384858e5e854 StaticDependenciesID=47bfca71f4f623a22c2e9fabcbbd1847 
Number of updated asset objects reloaded before import = 0Number of asset objects unloaded after import = 10

========================================================================
Received Import Request.
  Time since last request: 0.000041 seconds.
  path: Assets/SunboxGames/ModularDungeonCaves/Models/Cobweb_01.fbx
  importAddress: Guid(6bf3384351577c8469a4d405b8f7c901) Importer(815301076,1909f56bfc062723c751e8b465ee728b)
Start importing Assets/SunboxGames/ModularDungeonCaves/Models/Cobweb_01.fbx using Guid(6bf3384351577c8469a4d405b8f7c901) Importer(815301076,1909f56bfc062723c751e8b465ee728b) (PreviewImporter) -> (Import Result ID: 'c054d4beaf118b9f7dc4160baf90ace4') in 0.774519 seconds [static and dynamic dependencies]. Details - ImportResultOutputID=7c9097dcfb9bb15190c94fbb0e2db7eb DependenciesID=f4756d52cae78b9a724aff2481db3feb StaticDependenciesID=c247cdbda870c3bd61320e2ceef13fa9 
Number of updated asset objects reloaded before import = 0Number of asset objects unloaded after import = 27

========================================================================
Received Import Request.
  Time since last request: 0.000059 seconds.
  path: Assets/materials/Meshy_AI_Ancient_Bronze_Plaque_0731180540_texture_fbx/Meshy_AI_Ancient_Bronze_Plaque_0731180540_texture.fbx
  importAddress: Guid(d51a7c16aef907a489d8d50f73056f19) Importer(815301076,1909f56bfc062723c751e8b465ee728b)
Start importing Assets/materials/Meshy_AI_Ancient_Bronze_Plaque_0731180540_texture_fbx/Meshy_AI_Ancient_Bronze_Plaque_0731180540_texture.fbx using Guid(d51a7c16aef907a489d8d50f73056f19) Importer(815301076,1909f56bfc062723c751e8b465ee728b) (PreviewImporter) -> (Import Result ID: 'b4e814591e2744ece749ec72fe8b07f5') in 0.0377917 seconds [static and dynamic dependencies]. Details - ImportResultOutputID=595fe9537828f686ca7b0dfe74728cb0 DependenciesID=f68a7cb3c5f59cf0f439d44db93fe1ea StaticDependenciesID=b6f2a1f504aa935daccdbe177284f8e4 
Number of updated asset objects reloaded before import = 0Number of asset objects unloaded after import = 8

========================================================================
Received Import Request.
  Time since last request: 0.000061 seconds.
  path: Assets/SunboxGames/ModularDungeonCaves/Models/DungeonProps04.fbx
  importAddress: Guid(3883d7e7ecdf63d49b4c0b34288399bd) Importer(815301076,1909f56bfc062723c751e8b465ee728b)
Start importing Assets/SunboxGames/ModularDungeonCaves/Models/DungeonProps04.fbx using Guid(3883d7e7ecdf63d49b4c0b34288399bd) Importer(815301076,1909f56bfc062723c751e8b465ee728b) (PreviewImporter) -> (Import Result ID: '3dd38bbe4cf4e8f324f6614f6190e849') in 0.822734 seconds [static and dynamic dependencies]. Details - ImportResultOutputID=2f9eadd169b0963e72d12679dcbfdb56 DependenciesID=69f71858a6fb2f7dd6f7ddc635c8a84d StaticDependenciesID=ae9e3f385da06fc1c7830baf36fec24b 
Number of updated asset objects reloaded before import = 0Number of asset objects unloaded after import = 81

========================================================================
Received Import Request.
  Time since last request: 0.000055 seconds.
  path: Assets/materials/Meshy_AI_Fragmented_Clay_Table_0801055023_texture_fbx/Meshy_AI_Fragmented_Clay_Table_0801055023_texture.fbx
  importAddress: Guid(fb562b30378901f4d8efa58a49b49a50) Importer(815301076,1909f56bfc062723c751e8b465ee728b)
Start importing Assets/materials/Meshy_AI_Fragmented_Clay_Table_0801055023_texture_fbx/Meshy_AI_Fragmented_Clay_Table_0801055023_texture.fbx using Guid(fb562b30378901f4d8efa58a49b49a50) Importer(815301076,1909f56bfc062723c751e8b465ee728b) (PreviewImporter) -> (Import Result ID: '3d2250e66c05032c92b57593311ffe28') in 0.0261135 seconds [static and dynamic dependencies]. Details - ImportResultOutputID=9199957545f4d020f9b42f554ba25210 DependenciesID=3cbe6687cf00b4b2131467cd67834ff9 StaticDependenciesID=5e84ec545db5244c7759a36e7472c63a 
Number of updated asset objects reloaded before import = 0Number of asset objects unloaded after import = 8

========================================================================
Received Import Request.
  Time since last request: 0.000075 seconds.
  path: Assets/materials/Meshy_AI_Cracked_Runestone_0801054926_texture_fbx/Meshy_AI_Cracked_Runestone_0801054926_texture.fbx
  importAddress: Guid(7dc224031516af540a2502023faac567) Importer(815301076,1909f56bfc062723c751e8b465ee728b)
Start importing Assets/materials/Meshy_AI_Cracked_Runestone_0801054926_texture_fbx/Meshy_AI_Cracked_Runestone_0801054926_texture.fbx using Guid(7dc224031516af540a2502023faac567) Importer(815301076,1909f56bfc062723c751e8b465ee728b) (PreviewImporter) -> (Import Result ID: '7dfe25854264287c3212b10d4145fc78') in 0.0407075 seconds [static and dynamic dependencies]. Details - ImportResultOutputID=d78e0a69e82d6702dd6c368087d1d8e8 DependenciesID=5fe5a44eb6ebca595f791be7535411d8 StaticDependenciesID=6159a8fab7a1d4afe86380c523bc8df1 
Number of updated asset objects reloaded before import = 0Number of asset objects unloaded after import = 8

========================================================================
Received Import Request.
  Time since last request: 0.000029 seconds.
  path: Assets/materials/Meshy_AI_Hand_of_the_Ancients_0731180511_texture_fbx/Meshy_AI_Hand_of_the_Ancients_0731180511_texture.fbx
  importAddress: Guid(ce88369905b3ffe4fb048d5d898c7c3f) Importer(815301076,1909f56bfc062723c751e8b465ee728b)
Start importing Assets/materials/Meshy_AI_Hand_of_the_Ancients_0731180511_texture_fbx/Meshy_AI_Hand_of_the_Ancients_0731180511_texture.fbx using Guid(ce88369905b3ffe4fb048d5d898c7c3f) Importer(815301076,1909f56bfc062723c751e8b465ee728b) (PreviewImporter) -> (Import Result ID: '440a60ac6a6292f8ab8f66a37a077636') in 0.0274822 seconds [static and dynamic dependencies]. Details - ImportResultOutputID=b47596e55617c1d2768ca2a7f027cfe0 DependenciesID=03b3dbe8ba5c4f787ddac72820a6f728 StaticDependenciesID=13e0a58b3061f0cde9c11c50fc1b118e 
Number of updated asset objects reloaded before import = 0Number of asset objects unloaded after import = 8

========================================================================
Received Import Request.
  Time since last request: 0.000029 seconds.
  path: Assets/Resources/Meshy_AI_Ritual_bronze_ding_0703085930_texture.fbx
  importAddress: Guid(b771ad3e13e563641bbccc97c157571d) Importer(815301076,1909f56bfc062723c751e8b465ee728b)
Start importing Assets/Resources/Meshy_AI_Ritual_bronze_ding_0703085930_texture.fbx using Guid(b771ad3e13e563641bbccc97c157571d) Importer(815301076,1909f56bfc062723c751e8b465ee728b) (PreviewImporter) -> (Import Result ID: '8500f658142c0fe580135f65139413b7') in 0.040443 seconds [static and dynamic dependencies]. Details - ImportResultOutputID=e95865b42e7947448faa3b50929663b5 DependenciesID=53e7efd95d9fd1b23104a33feff9ccfb StaticDependenciesID=f77964f632a77dfb2d90a17ed8f83115 
Number of updated asset objects reloaded before import = 0Number of asset objects unloaded after import = 8

========================================================================
Received Import Request.
  Time since last request: 0.000036 seconds.
  path: Assets/materials/Meshy_AI_Runic_Stone_Fragment_0801055037_texture_fbx/Meshy_AI_Runic_Stone_Fragment_0801055037_texture.fbx
  importAddress: Guid(fdbd0d2f6422af34fbd5c13f3321bb6e) Importer(815301076,1909f56bfc062723c751e8b465ee728b)
Start importing Assets/materials/Meshy_AI_Runic_Stone_Fragment_0801055037_texture_fbx/Meshy_AI_Runic_Stone_Fragment_0801055037_texture.fbx using Guid(fdbd0d2f6422af34fbd5c13f3321bb6e) Importer(815301076,1909f56bfc062723c751e8b465ee728b) (PreviewImporter) -> (Import Result ID: 'b7cc0adef1efb4279def59f0660a7c40') in 0.029825 seconds [static and dynamic dependencies]. Details - ImportResultOutputID=cb988d32ac12595767570db5a62c2bba DependenciesID=a9e3d3ca44416e1a42a63395e6473fea StaticDependenciesID=3cc699a3193d1e3bf3129c3a009dc2bc 
Number of updated asset objects reloaded before import = 0Number of asset objects unloaded after import = 8

========================================================================
Received Import Request.
  Time since last request: 0.000067 seconds.
  path: Assets/XR/Animated Hands/Animations/l_hand_default_anim.fbx
  importAddress: Guid(1ae9aefe37a62de429ddc2edd1ca36f3) Importer(815301076,1909f56bfc062723c751e8b465ee728b)
Start importing Assets/XR/Animated Hands/Animations/l_hand_default_anim.fbx using Guid(1ae9aefe37a62de429ddc2edd1ca36f3) Importer(815301076,1909f56bfc062723c751e8b465ee728b) (PreviewImporter) -> (Import Result ID: '244a1043a5ec87f2a505a1246f18e374') in 0.0045435 seconds [static and dynamic dependencies]. Details - ImportResultOutputID=4a1fd89ce57e9543e47f9be038e35808 DependenciesID=511d1688a9bc1282ee93c8bf4f50934d StaticDependenciesID=5a9c6b1cbc358768002f317ed70f70cc 
Number of updated asset objects reloaded before import = 0Number of asset objects unloaded after import = 57

========================================================================
Received Import Request.
  Time since last request: 0.000030 seconds.
  path: Assets/TripoModels/ancient_statue_3d_model/ancient_statue_3d_model.fbx
  importAddress: Guid(fd46fce3ad2dbcc4db39235e7d041d28) Importer(815301076,1909f56bfc062723c751e8b465ee728b)
Start importing Assets/TripoModels/ancient_statue_3d_model/ancient_statue_3d_model.fbx using Guid(fd46fce3ad2dbcc4db39235e7d041d28) Importer(815301076,1909f56bfc062723c751e8b465ee728b) (PreviewImporter)MaterialLocation.External is obsolete. External Material Location is no longer supported. (Assets/TripoModels/ancient_statue_3d_model/ancient_statue_3d_model.fbx)
 -> (Import Result ID: '15bbcea4a3b32f3b80297bf60a5f7a37') in 0.0326302 seconds [static and dynamic dependencies]. Details - ImportResultOutputID=d6d5a4537a457024e3803ec215a84158 DependenciesID=490f5ead07334903c49f09d14053c76e StaticDependenciesID=a803d48cdecb61c3db397a8a88056eec 
Number of updated asset objects reloaded before import = 0Number of asset objects unloaded after import = 11

========================================================================
Received Import Request.
  Time since last request: 0.000042 seconds.
  path: Assets/TripoModels/ancient_statue_3d_model_3/ancient_statue_3d_model_3.fbx
  importAddress: Guid(f43f6074759193e438628609802c93de) Importer(815301076,1909f56bfc062723c751e8b465ee728b)
Start importing Assets/TripoModels/ancient_statue_3d_model_3/ancient_statue_3d_model_3.fbx using Guid(f43f6074759193e438628609802c93de) Importer(815301076,1909f56bfc062723c751e8b465ee728b) (PreviewImporter)MaterialLocation.External is obsolete. External Material Location is no longer supported. (Assets/TripoModels/ancient_statue_3d_model_3/ancient_statue_3d_model_3.fbx)
 -> (Import Result ID: '28a782a997d0e18377f6f0bb16da3a5c') in 0.0340261 seconds [static and dynamic dependencies]. Details - ImportResultOutputID=c2de458320c668388d0af129bcea40e3 DependenciesID=745ccdda6e97966abf58678616af7297 StaticDependenciesID=ea7c87c5bc15ff49bb0383e8734de3a6 
Number of updated asset objects reloaded before import = 0Number of asset objects unloaded after import = 11

========================================================================
Received Import Request.
  Time since last request: 0.000038 seconds.
  path: Assets/animation/4_Dig/Dig And Plant Seeds.fbx
  importAddress: Guid(0cb69967913eeeb4ea750afa8eddc5af) Importer(815301076,1909f56bfc062723c751e8b465ee728b)
Start importing Assets/animation/4_Dig/Dig And Plant Seeds.fbx using Guid(0cb69967913eeeb4ea750afa8eddc5af) Importer(815301076,1909f56bfc062723c751e8b465ee728b) (PreviewImporter) -> (Import Result ID: '122c7b861f2ee9e42c3ddf1e0bab3f9d') in 0.7346354 seconds [static and dynamic dependencies]. Details - ImportResultOutputID=f50e4fd840364e49c2a8674ed552cbe0 DependenciesID=b3fb37632d92ab11d25353139505ed3a StaticDependenciesID=5252d4cd632522764ee834db4f379e0c 
Number of updated asset objects reloaded before import = 0Number of asset objects unloaded after import = 167

========================================================================
Received Import Request.
  Time since last request: 0.000048 seconds.
  path: Assets/TripoModels/ancient_goddess_statue_3d_model/ancient_goddess_statue_3d_model.fbx
  importAddress: Guid(af4314c56b5b7174f8a7046f0e3d2e62) Importer(815301076,1909f56bfc062723c751e8b465ee728b)
Start importing Assets/TripoModels/ancient_goddess_statue_3d_model/ancient_goddess_statue_3d_model.fbx using Guid(af4314c56b5b7174f8a7046f0e3d2e62) Importer(815301076,1909f56bfc062723c751e8b465ee728b) (PreviewImporter)MaterialLocation.External is obsolete. External Material Location is no longer supported. (Assets/TripoModels/ancient_goddess_statue_3d_model/ancient_goddess_statue_3d_model.fbx)
 -> (Import Result ID: 'd223ed560efc24c46e39c24c66f62082') in 0.0329827 seconds [static and dynamic dependencies]. Details - ImportResultOutputID=c4d9362d504b066db83e996466f8398b DependenciesID=95ab385139e6fa44ff1de07c7b3a53ff StaticDependenciesID=197ba0f281ef3911345498a299c04813 
Number of updated asset objects reloaded before import = 0Number of asset objects unloaded after import = 11

========================================================================
Received Import Request.
  Time since last request: 0.000035 seconds.
  path: Assets/mesh/烧裂甲骨/Meshy_AI_Cracked_Marble_Bust_0801173147_texture_fbx/Meshy_AI_Cracked_Marble_Bust_0801173147_texture.fbx
  importAddress: Guid(93115b9542f6e2743b54fc508351d99e) Importer(815301076,1909f56bfc062723c751e8b465ee728b)
Start importing Assets/mesh/烧裂甲骨/Meshy_AI_Cracked_Marble_Bust_0801173147_texture_fbx/Meshy_AI_Cracked_Marble_Bust_0801173147_texture.fbx using Guid(93115b9542f6e2743b54fc508351d99e) Importer(815301076,1909f56bfc062723c751e8b465ee728b) (PreviewImporter) -> (Import Result ID: 'edfcdb30f71593c8651740f3c64378ec') in 0.0286758 seconds [static and dynamic dependencies]. Details - ImportResultOutputID=b9fdc921175a2156f0eb297ca59f9a48 DependenciesID=66fe9892e8a7ab4da61cfd286565f80e StaticDependenciesID=c38ee01e0216717c1771995feb129e8b 
Number of updated asset objects reloaded before import = 0Number of asset objects unloaded after import = 8

========================================================================
Received Import Request.
  Time since last request: 0.000032 seconds.
  path: Assets/animation/2_Idle/Breathing Idle.fbx
  importAddress: Guid(2fb541c55091086408d5d9dee81c3cf4) Importer(815301076,1909f56bfc062723c751e8b465ee728b)
Start importing Assets/animation/2_Idle/Breathing Idle.fbx using Guid(2fb541c55091086408d5d9dee81c3cf4) Importer(815301076,1909f56bfc062723c751e8b465ee728b) (PreviewImporter) -> (Import Result ID: '02cebeae73b2aa7212b606ea40c108cd') in 0.1182936 seconds [static and dynamic dependencies]. Details - ImportResultOutputID=9382322029c5193217be7b8a53149ad6 DependenciesID=9412be258dbde438476bd0230fa764b4 StaticDependenciesID=a315dd856d8ea2e348bbb52660a10292 
Number of updated asset objects reloaded before import = 0Number of asset objects unloaded after import = 167

========================================================================
Received Import Request.
  Time since last request: 0.000035 seconds.
  path: Assets/TripoModels/ancient_warrior_statue_3d_model/ancient_warrior_statue_3d_model.fbx
  importAddress: Guid(74a7677e2e0cdde4899f2dcd99763d93) Importer(815301076,1909f56bfc062723c751e8b465ee728b)
Start importing Assets/TripoModels/ancient_warrior_statue_3d_model/ancient_warrior_statue_3d_model.fbx using Guid(74a7677e2e0cdde4899f2dcd99763d93) Importer(815301076,1909f56bfc062723c751e8b465ee728b) (PreviewImporter)MaterialLocation.External is obsolete. External Material Location is no longer supported. (Assets/TripoModels/ancient_warrior_statue_3d_model/ancient_warrior_statue_3d_model.fbx)
 -> (Import Result ID: 'c090785361fd9128629ee780093558e4') in 0.0308205 seconds [static and dynamic dependencies]. Details - ImportResultOutputID=ac3c367de6d5e01335b785e00a9f6d88 DependenciesID=7d764df380ac358c43e37a46b420ea37 StaticDependenciesID=3b0a750b6494811cfef02b381f5459eb 
Number of updated asset objects reloaded before import = 0Number of asset objects unloaded after import = 11

========================================================================
Received Import Request.
  Time since last request: 0.000051 seconds.
  path: Assets/mesh/未烧裂甲骨/Meshy_AI_Turtle_shell_fragment_0801173027_texture_fbx/Meshy_AI_Turtle_shell_fragment_0801173027_texture.fbx
  importAddress: Guid(0c05356aca235a040a3960dca1c1373f) Importer(815301076,1909f56bfc062723c751e8b465ee728b)
Start importing Assets/mesh/未烧裂甲骨/Meshy_AI_Turtle_shell_fragment_0801173027_texture_fbx/Meshy_AI_Turtle_shell_fragment_0801173027_texture.fbx using Guid(0c05356aca235a040a3960dca1c1373f) Importer(815301076,1909f56bfc062723c751e8b465ee728b) (PreviewImporter) -> (Import Result ID: '5634eaf056b92bae4cf0cb8f8c855842') in 0.0267641 seconds [static and dynamic dependencies]. Details - ImportResultOutputID=946a5cc3329ac1c7f68903b30dad93ce DependenciesID=090cae5b8a5f5b2f9c0d307f8bf626ea StaticDependenciesID=742fd4bbabdd3f763eb967f4548e9587 
Number of updated asset objects reloaded before import = 0Number of asset objects unloaded after import = 8

========================================================================
Received Import Request.
  Time since last request: 0.000035 seconds.
  path: Assets/SunboxGames/ModularDungeonCaves/Models/DungeonProps02.fbx
  importAddress: Guid(288af797a62f50e47a12be967651f245) Importer(815301076,1909f56bfc062723c751e8b465ee728b)
Start importing Assets/SunboxGames/ModularDungeonCaves/Models/DungeonProps02.fbx using Guid(288af797a62f50e47a12be967651f245) Importer(815301076,1909f56bfc062723c751e8b465ee728b) (PreviewImporter) -> (Import Result ID: '7ae33d2869effd1720a87078f196da45') in 0.852798 seconds [static and dynamic dependencies]. Details - ImportResultOutputID=6b96275b3b57569724205b367259a081 DependenciesID=d1500a9f76c2b82a17064e28cc3fb34d StaticDependenciesID=5953bab5a8ce5762c59b34055eef890f 
Number of updated asset objects reloaded before import = 0Number of asset objects unloaded after import = 69

========================================================================
Received Import Request.
  Time since last request: 0.000044 seconds.
  path: Assets/HIVEMIND/CaveOfHiddenTomb/HDRP (Default)/Art/Assets/StonePattern/StonePattern/SM_StonePatter_Outer.fbx
  importAddress: Guid(abc00000000011438242244591081389) Importer(815301076,1909f56bfc062723c751e8b465ee728b)
Start importing Assets/HIVEMIND/CaveOfHiddenTomb/HDRP (Default)/Art/Assets/StonePattern/StonePattern/SM_StonePatter_Outer.fbx using Guid(abc00000000011438242244591081389) Importer(815301076,1909f56bfc062723c751e8b465ee728b) (PreviewImporter)MaterialLocation.External is obsolete. External Material Location is no longer supported. (Assets/HIVEMIND/CaveOfHiddenTomb/HDRP (Default)/Art/Assets/StonePattern/StonePattern/SM_StonePatter_Outer.fbx)
 -> (Import Result ID: '4dc5d369d832a43cfe019e757c62a457') in 0.0927147 seconds [static and dynamic dependencies]. Details - ImportResultOutputID=9acf1d540df104b17a4d3b31232d8fdc DependenciesID=5e68b6a53ac4b307db91722389b1bdf5 StaticDependenciesID=bc94fa697e8a37b6d04b0fd35fb80bfa 
Number of updated asset objects reloaded before import = 0Number of asset objects unloaded after import = 39

========================================================================
Received Import Request.
  Time since last request: 0.000053 seconds.
  path: Assets/HIVEMIND/CaveOfHiddenTomb/HDRP (Default)/Art/Assets/Boulder/D/SM_Boulder_D.fbx
  importAddress: Guid(abc00000000012739410529998232977) Importer(815301076,1909f56bfc062723c751e8b465ee728b)
Start importing Assets/HIVEMIND/CaveOfHiddenTomb/HDRP (Default)/Art/Assets/Boulder/D/SM_Boulder_D.fbx using Guid(abc00000000012739410529998232977) Importer(815301076,1909f56bfc062723c751e8b465ee728b) (PreviewImporter)MaterialLocation.External is obsolete. External Material Location is no longer supported. (Assets/HIVEMIND/CaveOfHiddenTomb/HDRP (Default)/Art/Assets/Boulder/D/SM_Boulder_D.fbx)
 -> (Import Result ID: '0a7e3e7a8863d3db6171b4a7bb2d4325') in 0.0910028 seconds [static and dynamic dependencies]. Details - ImportResultOutputID=78ecfb34d92bcf6b8df23fa8d4c865de DependenciesID=9e470a089d44c3bce3c9292e99e5c130 StaticDependenciesID=3830c8e42cb2d1ae613a8a2a4d5f018a 
Number of updated asset objects reloaded before import = 0Number of asset objects unloaded after import = 39

========================================================================
Received Import Request.
  Time since last request: 0.000029 seconds.
  path: Assets/SunboxGames/ModularDungeonCaves/Models/Vines_01.fbx
  importAddress: Guid(1cced79cf4a741642ae3aa1e542ec451) Importer(815301076,1909f56bfc062723c751e8b465ee728b)
Start importing Assets/SunboxGames/ModularDungeonCaves/Models/Vines_01.fbx using Guid(1cced79cf4a741642ae3aa1e542ec451) Importer(815301076,1909f56bfc062723c751e8b465ee728b) (PreviewImporter) -> (Import Result ID: '43ed0e9d65124398d90c85541ae7ec2e') in 0.8293221 seconds [static and dynamic dependencies]. Details - ImportResultOutputID=e91e0e417ed7a731f65dc35b4ac93a8f DependenciesID=47bf104d92888a0d68f35eb5765d4796 StaticDependenciesID=b9c13a9bcfd3fcc911815f0d4c1f6bbc 
Number of updated asset objects reloaded before import = 0Number of asset objects unloaded after import = 32

========================================================================
Received Import Request.
  Time since last request: 0.000041 seconds.
  path: Assets/Resources/青铜器.fbx
  importAddress: Guid(5023915188fc3fd4d9294d5d4e6ce5fb) Importer(815301076,1909f56bfc062723c751e8b465ee728b)
Start importing Assets/Resources/青铜器.fbx using Guid(5023915188fc3fd4d9294d5d4e6ce5fb) Importer(815301076,1909f56bfc062723c751e8b465ee728b) (PreviewImporter) -> (Import Result ID: 'b0805ae964f8979fcab31d5ccaea2f29') in 0.1747779 seconds [static and dynamic dependencies]. Details - ImportResultOutputID=8c8cbb55c87ae22b3995e5718230bd36 DependenciesID=f3deb90df2f7023ef191f36057108f0a StaticDependenciesID=9ce6fdcb420f2faaeeee300185018c7a 
Number of updated asset objects reloaded before import = 0Number of asset objects unloaded after import = 43

========================================================================
Received Import Request.
  Time since last request: 0.000051 seconds.
  path: Packages/com.unity.render-pipelines.core/Runtime/RenderPipelineResources/Mesh/SamplesFloorSpotlight.fbx
  importAddress: Guid(1dbf28c1bb322474d981b2dc555e28b0) Importer(815301076,1909f56bfc062723c751e8b465ee728b)
Start importing Packages/com.unity.render-pipelines.core/Runtime/RenderPipelineResources/Mesh/SamplesFloorSpotlight.fbx using Guid(1dbf28c1bb322474d981b2dc555e28b0) Importer(815301076,1909f56bfc062723c751e8b465ee728b) (PreviewImporter) -> (Import Result ID: '981906801e5ed49c84d2b3edd1175870') in 0.0446961 seconds [static and dynamic dependencies]. Details - ImportResultOutputID=b6ac00514165c6e47731791b50ced3d4 DependenciesID=47a011008fa262b22acd3fb6050598df StaticDependenciesID=a2036c8a802a044065774c9c386bd632 
Number of updated asset objects reloaded before import = 0Number of asset objects unloaded after import = 14

========================================================================
Received Import Request.
  Time since last request: 0.000051 seconds.
  path: Assets/TripoModels/stone_sculpture_prop_3d_model/stone_sculpture_prop_3d_model.fbx
  importAddress: Guid(c8a0d9fca1d9e484d9d2495a288f934d) Importer(815301076,1909f56bfc062723c751e8b465ee728b)
Start importing Assets/TripoModels/stone_sculpture_prop_3d_model/stone_sculpture_prop_3d_model.fbx using Guid(c8a0d9fca1d9e484d9d2495a288f934d) Importer(815301076,1909f56bfc062723c751e8b465ee728b) (PreviewImporter) -> (Import Result ID: '4d1de7943e2c1fcb6f6107de866f9bdb') in 0.0369587 seconds [static and dynamic dependencies]. Details - ImportResultOutputID=c4f6aa27cd44c95ca16c6a1cad671553 DependenciesID=3a39dc8705786e0564d7b7b6e54ae359 StaticDependenciesID=b7b01f919e66a12325cde97f5ed9c2b2 
Number of updated asset objects reloaded before import = 0Number of asset objects unloaded after import = 10

========================================================================
Received Import Request.
  Time since last request: 0.000037 seconds.
  path: Assets/Samples/XR Interaction Toolkit/3.2.1/Starter Assets/DemoSceneAssets/Models/PushButton.fbx
  importAddress: Guid(7ab6f3b0fd1a6ba41b2a47766c16613f) Importer(815301076,1909f56bfc062723c751e8b465ee728b)
Start importing Assets/Samples/XR Interaction Toolkit/3.2.1/Starter Assets/DemoSceneAssets/Models/PushButton.fbx using Guid(7ab6f3b0fd1a6ba41b2a47766c16613f) Importer(815301076,1909f56bfc062723c751e8b465ee728b) (PreviewImporter) -> (Import Result ID: '4364edf18fc447eb03401f6e237d7981') in 0.0632716 seconds [static and dynamic dependencies]. Details - ImportResultOutputID=47f199b816e81c843431ec2f631718ba DependenciesID=e65584f6eb78b60b097f7fb90a14bab8 StaticDependenciesID=57780c4d8f634a8ec085a7307e9564d6 
Number of updated asset objects reloaded before import = 0Number of asset objects unloaded after import = 18

========================================================================
Received Import Request.
  Time since last request: 0.000039 seconds.
  path: Assets/HIVEMIND/CaveOfHiddenTomb/HDRP (Default)/Art/Assets/Scanned_Foliage/Foliage/EuropeanBeech/Meshes/SM_EuropeanBeech_XS_03.fbx
  importAddress: Guid(abc00000000007674882410490994691) Importer(815301076,1909f56bfc062723c751e8b465ee728b)
Start importing Assets/HIVEMIND/CaveOfHiddenTomb/HDRP (Default)/Art/Assets/Scanned_Foliage/Foliage/EuropeanBeech/Meshes/SM_EuropeanBeech_XS_03.fbx using Guid(abc00000000007674882410490994691) Importer(815301076,1909f56bfc062723c751e8b465ee728b) (PreviewImporter)MaterialLocation.External is obsolete. External Material Location is no longer supported. (Assets/HIVEMIND/CaveOfHiddenTomb/HDRP (Default)/Art/Assets/Scanned_Foliage/Foliage/EuropeanBeech/Meshes/SM_EuropeanBeech_XS_03.fbx)
 -> (Import Result ID: '81b215d6df4f2ed462f1b4dea831f956') in 0.0675722 seconds [static and dynamic dependencies]. Details - ImportResultOutputID=f44a83fd4ca1141543dabc2ab04a8775 DependenciesID=369a60db37b79d72c1998bcca4a2d7e5 StaticDependenciesID=72adf4b674d84b63bd29e44b3477b532 
Number of updated asset objects reloaded before import = 0Number of asset objects unloaded after import = 34

========================================================================
Received Import Request.
  Time since last request: 0.000044 seconds.
  path: Assets/Samples/XR Interaction Toolkit/3.2.1/Starter Assets/DemoSceneAssets/Models/Primitive_Pyramid.fbx
  importAddress: Guid(63e02ddb08ce42da868504e1333d48ae) Importer(815301076,1909f56bfc062723c751e8b465ee728b)
Start importing Assets/Samples/XR Interaction Toolkit/3.2.1/Starter Assets/DemoSceneAssets/Models/Primitive_Pyramid.fbx using Guid(63e02ddb08ce42da868504e1333d48ae) Importer(815301076,1909f56bfc062723c751e8b465ee728b) (PreviewImporter) -> (Import Result ID: '5234f084eac7e9b75fbbb6a6e3db2d8a') in 0.8634191 seconds [static and dynamic dependencies]. Details - ImportResultOutputID=146b6187d348af040bfdb1e5e90ccd91 DependenciesID=3557bc63db2be9d4ac796b795b0c581a StaticDependenciesID=b66628632101d162448d19e8f3e25cb1 
Number of updated asset objects reloaded before import = 0Number of asset objects unloaded after import = 15

========================================================================
Received Import Request.
  Time since last request: 0.000037 seconds.
  path: Assets/HIVEMIND/CaveOfHiddenTomb/HDRP (Default)/Art/Assets/StonePlate/H/SM_StonePlate_H.fbx
  importAddress: Guid(abc00000000002937256569923361613) Importer(815301076,1909f56bfc062723c751e8b465ee728b)
Start importing Assets/HIVEMIND/CaveOfHiddenTomb/HDRP (Default)/Art/Assets/StonePlate/H/SM_StonePlate_H.fbx using Guid(abc00000000002937256569923361613) Importer(815301076,1909f56bfc062723c751e8b465ee728b) (PreviewImporter)MaterialLocation.External is obsolete. External Material Location is no longer supported. (Assets/HIVEMIND/CaveOfHiddenTomb/HDRP (Default)/Art/Assets/StonePlate/H/SM_StonePlate_H.fbx)
 -> (Import Result ID: 'fdcc45305969db8e55229e102f5f72cf') in 0.0717941 seconds [static and dynamic dependencies]. Details - ImportResultOutputID=72d88c13a07fa96f23ffebc19ab7304f DependenciesID=e9013865dbf3384acec6a974d88c7547 StaticDependenciesID=6e66efb1731b1af79765cf683045b8c6 
Number of updated asset objects reloaded before import = 0Number of asset objects unloaded after import = 41

========================================================================
Received Import Request.
  Time since last request: 0.000042 seconds.
  path: Assets/HIVEMIND/CaveOfHiddenTomb/HDRP (Default)/Art/Assets/Scanned_Foliage/Foliage/EuropeanBeech/Meshes/SM_EuropeanBeech_S_02.fbx
  importAddress: Guid(abc00000000005013058909609847428) Importer(815301076,1909f56bfc062723c751e8b465ee728b)
Start importing Assets/HIVEMIND/CaveOfHiddenTomb/HDRP (Default)/Art/Assets/Scanned_Foliage/Foliage/EuropeanBeech/Meshes/SM_EuropeanBeech_S_02.fbx using Guid(abc00000000005013058909609847428) Importer(815301076,1909f56bfc062723c751e8b465ee728b) (PreviewImporter)MaterialLocation.External is obsolete. External Material Location is no longer supported. (Assets/HIVEMIND/CaveOfHiddenTomb/HDRP (Default)/Art/Assets/Scanned_Foliage/Foliage/EuropeanBeech/Meshes/SM_EuropeanBeech_S_02.fbx)
 -> (Import Result ID: 'f87e51a9cdba3bf36ecefd98fa78cb38') in 0.0554291 seconds [static and dynamic dependencies]. Details - ImportResultOutputID=cfb5a7f18576a21bea6e46b59c079be0 DependenciesID=2d0d7cc890a87eaef8265311f8fa5956 StaticDependenciesID=27a360e445a4d1bff437fee46b1ab083 
Number of updated asset objects reloaded before import = 0Number of asset objects unloaded after import = 34

========================================================================
Received Import Request.
  Time since last request: 0.000028 seconds.
  path: Assets/TripoModels/ornate_crown_statue_3d_model/ornate_crown_statue_3d_model.fbx
  importAddress: Guid(eb95967db51914b4983700496b3d386f) Importer(815301076,1909f56bfc062723c751e8b465ee728b)
Start importing Assets/TripoModels/ornate_crown_statue_3d_model/ornate_crown_statue_3d_model.fbx using Guid(eb95967db51914b4983700496b3d386f) Importer(815301076,1909f56bfc062723c751e8b465ee728b) (PreviewImporter)MaterialLocation.External is obsolete. External Material Location is no longer supported. (Assets/TripoModels/ornate_crown_statue_3d_model/ornate_crown_statue_3d_model.fbx)
 -> (Import Result ID: '6445ae4e124c3a41878907767cd6b7ea') in 0.027937 seconds [static and dynamic dependencies]. Details - ImportResultOutputID=a4951fe763f0b7a6684f17099221fb30 DependenciesID=b54f456690e133c1c63f9daa1e31e353 StaticDependenciesID=89b476449f9fb8160a8b1eab9319cfca 
Number of updated asset objects reloaded before import = 0Number of asset objects unloaded after import = 11

========================================================================
Received Import Request.
  Time since last request: 0.000029 seconds.
  path: Assets/HIVEMIND/CaveOfHiddenTomb/HDRP (Default)/Art/Assets/Scanned_Foliage/Foliage/EagleFern/Meshes/SM_EagleFern_S_04.fbx
  importAddress: Guid(abc00000000007921539485415014742) Importer(815301076,1909f56bfc062723c751e8b465ee728b)
Start importing Assets/HIVEMIND/CaveOfHiddenTomb/HDRP (Default)/Art/Assets/Scanned_Foliage/Foliage/EagleFern/Meshes/SM_EagleFern_S_04.fbx using Guid(abc00000000007921539485415014742) Importer(815301076,1909f56bfc062723c751e8b465ee728b) (PreviewImporter)MaterialLocation.External is obsolete. External Material Location is no longer supported. (Assets/HIVEMIND/CaveOfHiddenTomb/HDRP (Default)/Art/Assets/Scanned_Foliage/Foliage/EagleFern/Meshes/SM_EagleFern_S_04.fbx)
 -> (Import Result ID: '586fae4a4bdba8085a01b36d59f58298') in 0.0570636 seconds [static and dynamic dependencies]. Details - ImportResultOutputID=936a0c97502f0460c16e6bf79512f73b DependenciesID=572184c47bb784cba5cdb4775458ef7c StaticDependenciesID=ad392c82f1028a8a5521c3993fafcef3 
Number of updated asset objects reloaded before import = 0Number of asset objects unloaded after import = 33

========================================================================
Received Import Request.
  Time since last request: 0.000038 seconds.
  path: Assets/Resources/宗庙结构.fbx
  importAddress: Guid(a8955d243590da842a27646fbe7f9623) Importer(815301076,1909f56bfc062723c751e8b465ee728b)
Start importing Assets/Resources/宗庙结构.fbx using Guid(a8955d243590da842a27646fbe7f9623) Importer(815301076,1909f56bfc062723c751e8b465ee728b) (PreviewImporter) -> (Import Result ID: '91d6fdbb7e4e98546f26acfedc1729e6') in 1.2311183 seconds [static and dynamic dependencies]. Details - ImportResultOutputID=7cb8ed9f2bb5ddcd9b755afa1762f8a4 DependenciesID=cfe59b52fde2840f6c8e615d82af0a14 StaticDependenciesID=981aacf1808e47be72a7b5b062abb469 
Number of updated asset objects reloaded before import = 0Number of asset objects unloaded after import = 599

========================================================================
Received Import Request.
  Time since last request: 0.000074 seconds.
  path: Assets/Resources/巫22222.fbx
  importAddress: Guid(d373075b49e13aa4fb5e14e880708f86) Importer(815301076,1909f56bfc062723c751e8b465ee728b)
Start importing Assets/Resources/巫22222.fbx using Guid(d373075b49e13aa4fb5e14e880708f86) Importer(815301076,1909f56bfc062723c751e8b465ee728b) (PreviewImporter) -> (Import Result ID: '0414cacaebc3c2ed60ec84b734ff114d') in 41.9198852 seconds [static and dynamic dependencies]. Details - ImportResultOutputID=807e1ef3ffd0e4f0a067e2b58269ce32 DependenciesID=0900cb257e4fb5e8c8c1b974a4262919 StaticDependenciesID=638dceb1d9b37bd4ac4cd1fd423ce28b 
Number of updated asset objects reloaded before import = 0Number of asset objects unloaded after import = 22809

========================================================================
Received Import Request.
  Time since last request: 164.782577 seconds.
  path: Assets/materials/TextureHaven/wood_4k/wood_4k_textures/plywood/plywood_nor_4k.png
  importAddress: Guid(3ebcf2da2302cbd4a9acce2f65a5ad26) Importer(2089858483,b0f066a214c2f5e87bad3c948f4d605d)
Start importing Assets/materials/TextureHaven/wood_4k/wood_4k_textures/plywood/plywood_nor_4k.png using Guid(3ebcf2da2302cbd4a9acce2f65a5ad26) Importer(2089858483,b0f066a214c2f5e87bad3c948f4d605d) (ScriptedImporter) -> (Import Result ID: '2f493e60efa7121e320a992a343bb1b6') in 0.10797 seconds [static and dynamic dependencies]. Details - ImportResultOutputID=332ff6ab0cb753cb22c844057e6d3a9a DependenciesID=8c40655725043c8a5b71e4f70eca864f StaticDependenciesID=457d7ef35b769529cbea37145cce30f8 
Number of updated asset objects reloaded before import = 0Number of asset objects unloaded after import = 1

========================================================================
Received Import Request.
  Time since last request: 28.341817 seconds.
  path: Assets/materials/rusty_metal_sheet_4k/textures/rusty_metal_sheet_nor_gl_4k.exr
  importAddress: Guid(7aeece2e40ff8bf42b37aeac8d290618) Importer(2089858483,b0f066a214c2f5e87bad3c948f4d605d)
Start importing Assets/materials/rusty_metal_sheet_4k/textures/rusty_metal_sheet_nor_gl_4k.exr using Guid(7aeece2e40ff8bf42b37aeac8d290618) Importer(2089858483,b0f066a214c2f5e87bad3c948f4d605d) (ScriptedImporter) -> (Import Result ID: 'b77301e0372cdc48cd0c4ff4db6b8a91') in 0.0143855 seconds [static and dynamic dependencies]. Details - ImportResultOutputID=70db39cd0a7a622bedb8221920b315e8 DependenciesID=1821a39fba53ddc91aff9b6639dc9ae7 StaticDependenciesID=0f12c00bb9d15ad129772912fbd0fb24 
Number of updated asset objects reloaded before import = 0Number of asset objects unloaded after import = 1

========================================================================
Received Import Request.
  Time since last request: 0.000031 seconds.
  path: Assets/SunboxGames/ModularDungeonCaves/Textures/TestFloors/rocks_ground_01_nor_4k.png
  importAddress: Guid(09e6e8d011e87864e86bad494e9c718f) Importer(2089858483,b0f066a214c2f5e87bad3c948f4d605d)
Start importing Assets/SunboxGames/ModularDungeonCaves/Textures/TestFloors/rocks_ground_01_nor_4k.png using Guid(09e6e8d011e87864e86bad494e9c718f) Importer(2089858483,b0f066a214c2f5e87bad3c948f4d605d) (ScriptedImporter) -> (Import Result ID: '5eb358faaf9fe84a3e420d9694c0f7f5') in 0.011896 seconds [static and dynamic dependencies]. Details - ImportResultOutputID=73f098da8b0e42d5fd53bf2a388bbd34 DependenciesID=877449ce7c652fa24557e1223def3a9b StaticDependenciesID=167e04e683cfba304d571e407da8a207 
Number of updated asset objects reloaded before import = 0Number of asset objects unloaded after import = 1

========================================================================
Received Import Request.
  Time since last request: 0.000030 seconds.
  path: Assets/materials/rock_wall_02_4k.blend/textures/rock_wall_02_rough_4k.jpg
  importAddress: Guid(b5f8febe3aadd0947afc648fe5b2e90a) Importer(2089858483,b0f066a214c2f5e87bad3c948f4d605d)
Start importing Assets/materials/rock_wall_02_4k.blend/textures/rock_wall_02_rough_4k.jpg using Guid(b5f8febe3aadd0947afc648fe5b2e90a) Importer(2089858483,b0f066a214c2f5e87bad3c948f4d605d) (ScriptedImporter) -> (Import Result ID: '833d4b21582a104edc596f0b8ec752f8') in 0.0145034 seconds [static and dynamic dependencies]. Details - ImportResultOutputID=80573858a9448d8950cdace2759f3ac5 DependenciesID=fee1975e73e8262008f62f611f54c22f StaticDependenciesID=cbce223e778f1cc7637eb71bfb0f7411 
Number of updated asset objects reloaded before import = 0Number of asset objects unloaded after import = 1

========================================================================
Received Import Request.
  Time since last request: 0.000036 seconds.
  path: Assets/SunboxGames/ModularDungeonCaves/Textures/TestFloors/rocks_ground_01_diff_4k.png
  importAddress: Guid(980721b706c761a43b5fe8f08f672142) Importer(2089858483,b0f066a214c2f5e87bad3c948f4d605d)
Start importing Assets/SunboxGames/ModularDungeonCaves/Textures/TestFloors/rocks_ground_01_diff_4k.png using Guid(980721b706c761a43b5fe8f08f672142) Importer(2089858483,b0f066a214c2f5e87bad3c948f4d605d) (ScriptedImporter) -> (Import Result ID: 'd56eecdf54abd79a3af93fcc23fded7b') in 0.013636 seconds [static and dynamic dependencies]. Details - ImportResultOutputID=1928a9e6ea0b4e8e129151e003793cef DependenciesID=56a800bd6997ef25d2182452c6f13f3d StaticDependenciesID=fa6c4efee638542be4d2fe7cec290e26 
Number of updated asset objects reloaded before import = 0Number of asset objects unloaded after import = 1

========================================================================
Received Import Request.
  Time since last request: 45.622582 seconds.
  path: Assets/audio 1/space_sound/挖土.wav
  importAddress: Guid(0698b5d8199b7094cbface800473f79a) Importer(815301076,1909f56bfc062723c751e8b465ee728b)
Start importing Assets/audio 1/space_sound/挖土.wav using Guid(0698b5d8199b7094cbface800473f79a) Importer(815301076,1909f56bfc062723c751e8b465ee728b) (PreviewImporter) -> (Import Result ID: '4f6cfd9cca359382a1afe0779027b2eb') in 0.0327948 seconds [static and dynamic dependencies]. Details - ImportResultOutputID=b9ee3b8855134c98f9aa4cba1e0baba0 DependenciesID=93e28124dbe750018507c24216204387 StaticDependenciesID=327bc0c59ca656204f58b57035a22e00 
Number of updated asset objects reloaded before import = 0Number of asset objects unloaded after import = 2

========================================================================
Received Import Request.
  Time since last request: 0.940092 seconds.
  path: Assets/audio 1/tomb/4灰尘 带噼啪声.wav
  importAddress: Guid(196497283a9dd8f4db8c9a6ae9fb347c) Importer(815301076,1909f56bfc062723c751e8b465ee728b)
Start importing Assets/audio 1/tomb/4灰尘 带噼啪声.wav using Guid(196497283a9dd8f4db8c9a6ae9fb347c) Importer(815301076,1909f56bfc062723c751e8b465ee728b) (PreviewImporter) -> (Import Result ID: 'a5bc87698c0b83c849077e4937587512') in 0.0070028 seconds [static and dynamic dependencies]. Details - ImportResultOutputID=06e75a26f1d7884851d437e01db2c3ce DependenciesID=9617839927cf97476b9137fb2737695f StaticDependenciesID=dd9f7a1e20111fc1fb3dcc6cd5c097b6 
Number of updated asset objects reloaded before import = 0Number of asset objects unloaded after import = 2

========================================================================
Received Import Request.
  Time since last request: 0.000021 seconds.
  path: Assets/audio 1/tomb/9转头掉落在泥土上.wav
  importAddress: Guid(81aead2d50e44ab4998b818e9605b431) Importer(815301076,1909f56bfc062723c751e8b465ee728b)
Start importing Assets/audio 1/tomb/9转头掉落在泥土上.wav using Guid(81aead2d50e44ab4998b818e9605b431) Importer(815301076,1909f56bfc062723c751e8b465ee728b) (PreviewImporter) -> (Import Result ID: 'fa6e81b174af36c7c7f0ccabcc1456d6') in 0.0076487 seconds [static and dynamic dependencies]. Details - ImportResultOutputID=676d0b2950b32c2b5a4e7f5b03282a8e DependenciesID=4321c08f849759ff957ee583f63275ba StaticDependenciesID=54e037f674a10652dc0a8635c19f6cef 
Number of updated asset objects reloaded before import = 0Number of asset objects unloaded after import = 2

Editor requested this worker to shutdown with reason: Scaling down because of idle timeout
AssetImportWorker is now disconnected from the server
Process exiting
Exiting without the bug reporter. Application will terminate with return code 0