[Licensing::Module] Trying to connect to existing licensing client channel...
Built from '6000.4/staging' branch; Version is '6000.4.6f1 (0b051c2e5d54) revision 722204'; Using compiler version '194234433'; Build Type 'Release'
OS: 'Windows 11  (10.0.26200) CoreCountrySpecific' Language: 'zh' Physical Memory: 32212 MB
BatchMode: 1, IsHumanControllingUs: 0, StartBugReporterOnCrash: 0, Is64bit: 1
System  architecture: x64
Process architecture: x64
Date: 2026-08-02T23:50:02Z
[Licensing::IpcConnector] Successfully connected to: "LicenseClient-15490" at "2026-08-02T23:50:02.9537673Z"

COMMAND LINE ARGUMENTS:
D:\unity\Editor\Unity.exe
-adb2
-batchMode
-noUpm
-name
AssetImportWorker22
-projectPath
D:/Yin
-logFile
Logs/AssetImportWorker22.log
-srvPort
2613
-licensingIpc
LicenseClient-15490
-force-d3d12
-job-worker-count
11
-background-job-worker-count
8
-gc-helper-count
1
-name
AssetImport
Successfully changed project path to: D:/Yin
D:/Yin
[UnityMemory] Configuration Parameters - Can be set up in boot.config
    "memorysetup-temp-allocator-size-gi-baking-worker=262144"
    "memorysetup-temp-allocator-size-gi-baking-worker=262144"
    "memorysetup-temp-allocator-size-gi-baking-worker=262144"
    "memorysetup-temp-allocator-size-gi-baking-worker=262144"
    "memorysetup-temp-allocator-size-gi-baking-worker=262144"
    "memorysetup-temp-allocator-size-nav-mesh-worker=65536"
    "memorysetup-temp-allocator-size-audio-worker=65536"
    "memorysetup-temp-allocator-size-cloud-worker=32768"
    "memorysetup-temp-allocator-size-gfx=262144"
    "memorysetup-temp-allocator-size-preload-manager=33554432"
    "memorysetup-temp-allocator-size-job-worker=262144"
    "memorysetup-temp-allocator-size-background-worker=32768"
    "memorysetup-allocator-temp-initial-block-size-main=262144"
    "memorysetup-allocator-temp-initial-block-size-worker=262144"
    "memorysetup-bucket-allocator-granularity=16"
    "memorysetup-bucket-allocator-bucket-count=8"
    "memorysetup-bucket-allocator-block-size=33554432"
    "memorysetup-bucket-allocator-block-count=8"
    "memorysetup-main-allocator-block-size=16777216"
    "memorysetup-thread-allocator-block-size=16777216"
    "memorysetup-gfx-main-allocator-block-size=16777216"
    "memorysetup-gfx-thread-allocator-block-size=16777216"
    "memorysetup-cache-allocator-block-size=4194304"
    "memorysetup-typetree-allocator-block-size=2097152"
    "memorysetup-profiler-bucket-allocator-granularity=16"
    "memorysetup-profiler-bucket-allocator-bucket-count=8"
    "memorysetup-profiler-bucket-allocator-block-size=33554432"
    "memorysetup-profiler-bucket-allocator-block-count=8"
    "memorysetup-profiler-allocator-block-size=16777216"
    "memorysetup-profiler-editor-allocator-block-size=1048576"
    "memorysetup-temp-allocator-size-main=16777216"
    "memorysetup-job-temp-allocator-block-size=2097152"
    "memorysetup-job-temp-allocator-block-size-background=1048576"
    "memorysetup-job-temp-allocator-reduction-small-platforms=262144"
Player connection [44068]  Target information:

Player connection [44068]  * "[IP] 192.168.1.112 [Port] 0 [Flags] 2 [Guid] 3678441015 [EditorId] 3678441015 [Version] 1048832 [Id] WindowsEditor(7,9daY) [Debug] 1 [PackageName] WindowsEditor [ProjectName] Editor" 

Player connection [44068] Host joined multi-casting on [225.0.0.222:54997]...
Player connection [44068] Host joined alternative multi-casting on [225.0.0.222:34997]...
JobSystem: Creating JobQueue using job-worker-count value 11
Input System module state changed to: Initialized.
[Physics::Module] Initialized fallback backend.
[Physics::Module] Id: 0xdecafbad
Library Redirect Path: Library/
[Physics::Module] Selected backend.
[Physics::Module] Name: PhysX
[Physics::Module] Id: 0xf2b8ea05
[Physics::Module] SDK Version: 4.1.2
[Physics::Module] Integration Version: 1.0.0
[Physics::Module] Threading Mode: Multi-Threaded
Refreshing native plugins compatible for Editor in 18.30 ms, found 10 plugins.
Initialize engine version: 6000.4.6f1 (0b051c2e5d54)
[Subsystems] Discovering subsystems at path D:/unity/Editor/Data/Resources/UnitySubsystems
[Subsystems] Discovering subsystems at path D:/Yin/Assets
Forcing GfxDevice: Direct3D 12
GfxDevice: creating device client; kGfxThreadingModeNonThreaded
d3d12: failed to query info queue interface (0x80004002).
Direct3D:
    Version:         Direct3D 12 [level 12.2]
    Renderer:        NVIDIA GeForce RTX 5070 Laptop GPU (ID=0x2d58)
    Vendor:          NVIDIA
    VRAM:            7891 MB
    App VRAM Budget: 7123 MB
    Driver:          32.0.15.9608
Initialize mono
Mono path[0] = 'D:/unity/Editor/Data/Managed'
Mono path[1] = 'D:/unity/Editor/Data/MonoBleedingEdge/lib/mono/unityjit-win32'
Mono config path = 'D:/unity/Editor/Data/MonoBleedingEdge/etc'
Using monoOptions --debugger-agent=transport=dt_socket,embedding=1,server=y,suspend=n,address=127.0.0.1:56980
CodeReloadManager initialized
Begin MonoManager ReloadAssembly
Registering precompiled unity dll's ...
Register platform support module: D:/unity/Editor/Data/PlaybackEngines/WindowsStandaloneSupport/UnityEditor.WindowsStandalone.Extensions.dll
Registered in 0.000854 seconds.
Native extension for WindowsStandalone target not found
Package Manager log level set to [2]
[Package Manager] Failed to launch server process. Reason: Unity was launched with the -noUpm command-line argument
[Package Manager] Unable to send message (not connected to server process).
[Package Manager] Cannot connect to Unity Package Manager local server
ScheduleIndexationOnStartup MainProcess:False IndexOnStartup:True
Mono: successfully reloaded assembly
- Finished resetting the current domain, in  0.331 seconds
Domain Reload Profiling: 752ms
	BeginReloadAssembly (131ms)
	RebuildCommonClasses (34ms)
	RebuildNativeTypeToScriptingClass (10ms)
	initialDomainReloadingComplete (51ms)
	LoadAllAssembliesAndSetupDomain (193ms)
		LoadAssemblies (130ms)
		AnalyzeDomain (185ms)
			TypeCache.Refresh (184ms)
				TypeCache.ScanAssembly (171ms)
	FinalizeReload (333ms)
		SetupLoadedEditorAssemblies (0ms)
			InitializePlatformSupportModulesInManaged (36ms)
			BeforeProcessingInitializeOnLoad (67ms)
			ProcessInitializeOnLoadAttributes (93ms)
			ProcessInitializeOnLoadMethodAttributes (75ms)
[Licensing::Client] Error: HandshakeResponse reported an error:
	ResponseCode: 505
	ResponseStatus: Unsupported protocol version '1.18.1'.
[Licensing::Module] Error: Failed to handshake to channel: "LicenseClient-15490"
[Licensing::IpcConnector] LicenseClient-15490 channel disconnected successfully.
[Licensing::IpcConnector] Successfully connected to: "LicenseClient-15490-6000.4.6" at "2026-08-02T23:50:04.7683003Z"
[Licensing::Client] Code 10 while verifying Licensing Client signature (process Id: 36380, path: "D:/unity/Editor/Data/Resources/Licensing/Client/Unity.Licensing.Client.exe")
[Licensing::Module] LicensingClient has failed validation; ignoring
[Licensing::Client] Handshaking with LicensingClient:
  Version:                 1.18.1+9fbee8e
  Session Id:              feef2f8883ab452b8dabd6653a856dad
  Correlation Id:          8f132c48ba833a145d04de9bbedf03ed
  External correlation Id: 4589600107521201277
  Machine Id:              DJWBFtPZt+einrVuex0hynKXsRc=
[Licensing::Module] Successfully connected to LicensingClient on channel: "LicenseClient-15490-6000.4.6" (connect: 0.00s, validation: 0.00s, handshake: 0.01s)
[Licensing::IpcConnector] Successfully connected to: "LicenseClient-15490-6000.4.6-notifications" at "2026-08-02T23:50:04.7766293Z"
[Licensing::Module] Licensing Background thread has ended after 1.83s
========================================================================
Worker process is ready to serve import requests
Import Worker Mode flag is 0x00
Begin MonoManager ReloadAssembly
[Licensing::Client] Successfully resolved entitlement details
[Licensing::Module] License group:
  Id: 5773964460127-UnityPersXXXX
  Product: Unity Personal
  Type: Assigned
  Expiration: Unlimited
Assembly Assembly-CSharp-Editor-firstpass.dll at Library/ScriptAssemblies/Assembly-CSharp-Editor-firstpass.dll not valid. Loading of assembly skipped.
Assembly Assembly-CSharp-firstpass.dll at Library/ScriptAssemblies/Assembly-CSharp-firstpass.dll not valid. Loading of assembly skipped.
Assembly DocCodeExamples.dll at Library/ScriptAssemblies/DocCodeExamples.dll not valid. Loading of assembly skipped.
Assembly TestNewCustomAssembly.dll at Library/ScriptAssemblies/TestNewCustomAssembly.dll not valid. Loading of assembly skipped.
Assembly Unity.Collections.BurstCompatibilityGen.dll at Library/ScriptAssemblies/Unity.Collections.BurstCompatibilityGen.dll not valid. Loading of assembly skipped.
Assembly Unity.Collections.DocCodeSamples.dll at Library/ScriptAssemblies/Unity.Collections.DocCodeSamples.dll not valid. Loading of assembly skipped.
Assembly Unity.Collections.PerformanceTests.dll at Library/ScriptAssemblies/Unity.Collections.PerformanceTests.dll not valid. Loading of assembly skipped.
Assembly Unity.Collections.Tests.dll at Library/ScriptAssemblies/Unity.Collections.Tests.dll not valid. Loading of assembly skipped.
Assembly Unity.Collections.Tests.Playmode.dll at Library/ScriptAssemblies/Unity.Collections.Tests.Playmode.dll not valid. Loading of assembly skipped.
Assembly Unity.InputSystem.IntegrationTests.dll at Library/ScriptAssemblies/Unity.InputSystem.IntegrationTests.dll not valid. Loading of assembly skipped.
Assembly Unity.Mathematics.Tests.dll at Library/ScriptAssemblies/Unity.Mathematics.Tests.dll not valid. Loading of assembly skipped.
Assembly Unity.Multiplayer.Center.Editor.Tests.dll at Library/ScriptAssemblies/Unity.Multiplayer.Center.Editor.Tests.dll not valid. Loading of assembly skipped.
Assembly Unity.Multiplayer.Center.Tests.dll at Library/ScriptAssemblies/Unity.Multiplayer.Center.Tests.dll not valid. Loading of assembly skipped.
Assembly Unity.Nuget.Mono-Cecil.dll at Library/ScriptAssemblies/Unity.Nuget.Mono-Cecil.dll not valid. Loading of assembly skipped.
Assembly Unity.PathTracing.Editor.Tests.dll at Library/ScriptAssemblies/Unity.PathTracing.Editor.Tests.dll not valid. Loading of assembly skipped.
Assembly Unity.PathTracing.Runtime.Tests.dll at Library/ScriptAssemblies/Unity.PathTracing.Runtime.Tests.dll not valid. Loading of assembly skipped.
Assembly Unity.RenderPipelines.Core.Editor.Tests.dll at Library/ScriptAssemblies/Unity.RenderPipelines.Core.Editor.Tests.dll not valid. Loading of assembly skipped.
Assembly Unity.RenderPipelines.Core.Runtime.Tests.dll at Library/ScriptAssemblies/Unity.RenderPipelines.Core.Runtime.Tests.dll not valid. Loading of assembly skipped.
Assembly Unity.RenderPipelines.Universal.Config.Editor.Tests.dll at Library/ScriptAssemblies/Unity.RenderPipelines.Universal.Config.Editor.Tests.dll not valid. Loading of assembly skipped.
Assembly Unity.RenderPipelines.Universal.Editor.Tests.dll at Library/ScriptAssemblies/Unity.RenderPipelines.Universal.Editor.Tests.dll not valid. Loading of assembly skipped.
Assembly Unity.RenderPipelines.Universal.Runtime.Tests.dll at Library/ScriptAssemblies/Unity.RenderPipelines.Universal.Runtime.Tests.dll not valid. Loading of assembly skipped.
Assembly Unity.Searcher.EditorTests.dll at Library/ScriptAssemblies/Unity.Searcher.EditorTests.dll not valid. Loading of assembly skipped.
Assembly Unity.ShaderGraph.Editor.Tests.dll at Library/ScriptAssemblies/Unity.ShaderGraph.Editor.Tests.dll not valid. Loading of assembly skipped.
Assembly Unity.TextMeshPro.Editor.Tests.dll at Library/ScriptAssemblies/Unity.TextMeshPro.Editor.Tests.dll not valid. Loading of assembly skipped.
Assembly Unity.TextMeshPro.Tests.dll at Library/ScriptAssemblies/Unity.TextMeshPro.Tests.dll not valid. Loading of assembly skipped.
Assembly Unity.UnifiedRayTracing.Editor.Tests.dll at Library/ScriptAssemblies/Unity.UnifiedRayTracing.Editor.Tests.dll not valid. Loading of assembly skipped.
Assembly Unity.XR.CoreUtils.CodeSamples.Tests.dll at Library/ScriptAssemblies/Unity.XR.CoreUtils.CodeSamples.Tests.dll not valid. Loading of assembly skipped.
Assembly Unity.XR.CoreUtils.Editor.Tests.dll at Library/ScriptAssemblies/Unity.XR.CoreUtils.Editor.Tests.dll not valid. Loading of assembly skipped.
Assembly Unity.XR.CoreUtils.Tests.dll at Library/ScriptAssemblies/Unity.XR.CoreUtils.Tests.dll not valid. Loading of assembly skipped.
Assembly Unity.XR.Interaction.Toolkit.Editor.Tests.dll at Library/ScriptAssemblies/Unity.XR.Interaction.Toolkit.Editor.Tests.dll not valid. Loading of assembly skipped.
Assembly Unity.XR.Interaction.Toolkit.Tests.dll at Library/ScriptAssemblies/Unity.XR.Interaction.Toolkit.Tests.dll not valid. Loading of assembly skipped.
Assembly Unity.XR.Management.EditorTests.dll at Library/ScriptAssemblies/Unity.XR.Management.EditorTests.dll not valid. Loading of assembly skipped.
Assembly Unity.XR.Management.TestPackage.dll at Library/ScriptAssemblies/Unity.XR.Management.TestPackage.dll not valid. Loading of assembly skipped.
Assembly Unity.XR.Management.TestPackage.Editor.dll at Library/ScriptAssemblies/Unity.XR.Management.TestPackage.Editor.dll not valid. Loading of assembly skipped.
Assembly Unity.XR.Management.Tests.dll at Library/ScriptAssemblies/Unity.XR.Management.Tests.dll not valid. Loading of assembly skipped.
Assembly Unity.XR.Management.Tests.Standalone.dll at Library/ScriptAssemblies/Unity.XR.Management.Tests.Standalone.dll not valid. Loading of assembly skipped.
Assembly Unity.XR.OpenXR.Editor.Tests.dll at Library/ScriptAssemblies/Unity.XR.OpenXR.Editor.Tests.dll not valid. Loading of assembly skipped.
Assembly Unity.XR.OpenXR.Tests.dll at Library/ScriptAssemblies/Unity.XR.OpenXR.Tests.dll not valid. Loading of assembly skipped.
Assembly Unity.XR.OpenXR.Ubuntu.Tests.dll at Library/ScriptAssemblies/Unity.XR.OpenXR.Ubuntu.Tests.dll not valid. Loading of assembly skipped.
Assembly Unity.XR.TestSupport.dll at Library/ScriptAssemblies/Unity.XR.TestSupport.dll not valid. Loading of assembly skipped.
Assembly UnityEditor.UI.Common.Tests.dll at Library/ScriptAssemblies/UnityEditor.UI.Common.Tests.dll not valid. Loading of assembly skipped.
Assembly UnityEditor.UI.EditorTests.dll at Library/ScriptAssemblies/UnityEditor.UI.EditorTests.dll not valid. Loading of assembly skipped.
Assembly UnityEditor.XR.LegacyInputHelpers.Tests.dll at Library/ScriptAssemblies/UnityEditor.XR.LegacyInputHelpers.Tests.dll not valid. Loading of assembly skipped.
Assembly UnityEngine.SpatialTracking.Tests.dll at Library/ScriptAssemblies/UnityEngine.SpatialTracking.Tests.dll not valid. Loading of assembly skipped.
Assembly UnityEngine.UI.Tests.dll at Library/ScriptAssemblies/UnityEngine.UI.Tests.dll not valid. Loading of assembly skipped.
Assembly UnityEngine.XR.OpenXR.CodeSamples.Editor.Tests.dll at Library/ScriptAssemblies/UnityEngine.XR.OpenXR.CodeSamples.Editor.Tests.dll not valid. Loading of assembly skipped.
Refreshing native plugins compatible for Editor in 6.68 ms, found 10 plugins.
Native extension for WindowsStandalone target not found
[Package Manager] Failed to launch server process. Reason: Unity was launched with the -noUpm command-line argument
[Package Manager] Unable to send message (not connected to server process).
[Package Manager] Cannot connect to Unity Package Manager local server
Refreshing native plugins compatible for Editor in 6.05 ms, found 10 plugins.
[Package Manager] Failed to launch server process. Reason: Unity was launched with the -noUpm command-line argument
[Package Manager] Unable to send message (not connected to server process).
[Package Manager] Cannot connect to Unity Package Manager local server
ScheduleIndexationOnStartup MainProcess:False IndexOnStartup:True
Mono: successfully reloaded assembly
[Package Manager] Failed to launch server process. Reason: Unity was launched with the -noUpm command-line argument
[Package Manager] Unable to send message (not connected to server process).
[Package Manager] Cannot connect to Unity Package Manager local server
[Package Manager] Failed to launch server process. Reason: Unity was launched with the -noUpm command-line argument
[Package Manager] Unable to send message (not connected to server process).
[Package Manager] Cannot connect to Unity Package Manager local server
- Finished resetting the current domain, in  0.875 seconds
Domain Reload Profiling: 1623ms
	BeginReloadAssembly (170ms)
		DisableScriptedObjects (5ms)
		CreateAndSetChildDomain (28ms)
	RebuildCommonClasses (35ms)
	RebuildNativeTypeToScriptingClass (9ms)
	initialDomainReloadingComplete (63ms)
	LoadAllAssembliesAndSetupDomain (470ms)
		LoadAssemblies (322ms)
		AnalyzeDomain (241ms)
			TypeCache.Refresh (175ms)
				TypeCache.ScanAssembly (156ms)
			BuildScriptInfoCaches (54ms)
			ResolveRequiredComponents (10ms)
	FinalizeReload (876ms)
		SetupLoadedEditorAssemblies (0ms)
			BeforeProcessingInitializeOnLoad (122ms)
			ProcessInitializeOnLoadAttributes (434ms)
			ProcessInitializeOnLoadMethodAttributes (112ms)
		AwakeInstancesAfterBackupRestoration (7ms)
Launched and connected shader compiler UnityShaderCompiler.exe after 0.01 seconds
Refreshing native plugins compatible for Editor in 6.45 ms, found 10 plugins.
Unloading 24 Unused Serialized files (Serialized files now loaded: 0)
Unloading 7694 unused Assets / (6.5 MB). Loaded Objects now: 8541.
Memory consumption went from 183.2 MB to 176.7 MB.
Total: 9.266900 ms (FindLiveObjects: 0.982000 ms CreateObjectMapping: 0.735100 ms MarkObjects: 4.511300 ms  DeleteObjects: 3.035300 ms)

========================================================================
Received Import Request.
  Time since last request: 34362.210409 seconds.
  path: Assets/materials/textures/Meshy_AI_Ritual_bronze_ding_0703085930_texture.png
  importAddress: Guid(01b982c28311ce243bc58bcec7acb3e1) Importer(815301076,1909f56bfc062723c751e8b465ee728b)
Start importing Assets/materials/textures/Meshy_AI_Ritual_bronze_ding_0703085930_texture.png using Guid(01b982c28311ce243bc58bcec7acb3e1) Importer(815301076,1909f56bfc062723c751e8b465ee728b) (PreviewImporter) -> (Import Result ID: '50fd835a0cea2fd09d2634923e1ea103') in 0.0568062 seconds [static and dynamic dependencies]. Details - ImportResultOutputID=4268112cd42b668fe9c7486adc1f32b0 DependenciesID=00f0581a6badd5e08b2b1e4c4f50af0d StaticDependenciesID=b559741511c12bd9f1eeba8554eccbd9 
Number of updated asset objects reloaded before import = 0Number of asset objects unloaded after import = 2

========================================================================
Received Import Request.
  Time since last request: 34.077336 seconds.
  path: Assets/audio 1/space_sound/(最后的）Echoes of the Unspoken.mp3
  importAddress: Guid(87355e9ee1f17af428b29443ea66a825) Importer(815301076,1909f56bfc062723c751e8b465ee728b)
Start importing Assets/audio 1/space_sound/(最后的）Echoes of the Unspoken.mp3 using Guid(87355e9ee1f17af428b29443ea66a825) Importer(815301076,1909f56bfc062723c751e8b465ee728b) (PreviewImporter) -> (Import Result ID: '540629c29d8b4a6dd08b05e367827c9b') in 0.036341 seconds [static and dynamic dependencies]. Details - ImportResultOutputID=a8e1dbade106815b4ed365704449e6be DependenciesID=1188132d4d76bb439d17fcec3fbbc539 StaticDependenciesID=a9df6fa5b7aef8014c6ed2ec4cab77c3 
Number of updated asset objects reloaded before import = 0Number of asset objects unloaded after import = 2

========================================================================
Received Import Request.
  Time since last request: 0.013398 seconds.
  path: Assets/audio 1/space_sound/The Jade Silence.mp3
  importAddress: Guid(2f240db0eeb723b49aaacfa1add2f966) Importer(815301076,1909f56bfc062723c751e8b465ee728b)
Start importing Assets/audio 1/space_sound/The Jade Silence.mp3 using Guid(2f240db0eeb723b49aaacfa1add2f966) Importer(815301076,1909f56bfc062723c751e8b465ee728b) (PreviewImporter) -> (Import Result ID: '82e39b5ea628283af03d0899878cb50a') in 0.0062864 seconds [static and dynamic dependencies]. Details - ImportResultOutputID=43a7c1085bdc36b48a8ba344f592b187 DependenciesID=771ab0bed8e3d72781142a8d0ffc91eb StaticDependenciesID=924a0a129ba964fc80e2da93eacdb333 
Number of updated asset objects reloaded before import = 0Number of asset objects unloaded after import = 2

========================================================================
Received Import Request.
  Time since last request: 0.016408 seconds.
  path: Assets/audio 1/space_sound/低频音1分20.wav
  importAddress: Guid(e049f5412bab36f4db436e6a8183698e) Importer(815301076,1909f56bfc062723c751e8b465ee728b)
Start importing Assets/audio 1/space_sound/低频音1分20.wav using Guid(e049f5412bab36f4db436e6a8183698e) Importer(815301076,1909f56bfc062723c751e8b465ee728b) (PreviewImporter) -> (Import Result ID: '999837efefba3e796dc6b8eabc95696f') in 0.0064083 seconds [static and dynamic dependencies]. Details - ImportResultOutputID=2b42cbaab5377152413e99f862f63fec DependenciesID=9c935d0c9d97f78e720cc840e04181aa StaticDependenciesID=8b78308c3e4dee2d7f8e807fb1828302 
Number of updated asset objects reloaded before import = 0Number of asset objects unloaded after import = 2

========================================================================
Received Import Request.
  Time since last request: 0.000019 seconds.
  path: Assets/audio 1/space_sound/挖掘机 快3分钟.wav
  importAddress: Guid(a61ad862b1d9e954fae595ca25f20c91) Importer(815301076,1909f56bfc062723c751e8b465ee728b)
Start importing Assets/audio 1/space_sound/挖掘机 快3分钟.wav using Guid(a61ad862b1d9e954fae595ca25f20c91) Importer(815301076,1909f56bfc062723c751e8b465ee728b) (PreviewImporter) -> (Import Result ID: '7a0b07a6a6a89c68ec83f10d0c4d45ee') in 0.0065445 seconds [static and dynamic dependencies]. Details - ImportResultOutputID=041c5d6931b5a3a14f40aa92e85e0c55 DependenciesID=f30975f4fbee5ced581fe5db69849455 StaticDependenciesID=2f1c82f3c77a1ca3428f1785088bfa01 
Number of updated asset objects reloaded before import = 0Number of asset objects unloaded after import = 2

========================================================================
Received Import Request.
  Time since last request: 0.018644 seconds.
  path: Assets/audio 1/space_sound/普通风声环境音.wav
  importAddress: Guid(bb44ea01f9d478c439badbfe8c9028b1) Importer(815301076,1909f56bfc062723c751e8b465ee728b)
Start importing Assets/audio 1/space_sound/普通风声环境音.wav using Guid(bb44ea01f9d478c439badbfe8c9028b1) Importer(815301076,1909f56bfc062723c751e8b465ee728b) (PreviewImporter) -> (Import Result ID: '6c533624ce3f05fa99be88d65620aa7f') in 0.0059498 seconds [static and dynamic dependencies]. Details - ImportResultOutputID=096fbb05fa98aae1c6355a93adc2668e DependenciesID=2b580143e12d39befb5f0d6365383da9 StaticDependenciesID=1219dc84d2d61f7afbfea581c0fe075e 
Number of updated asset objects reloaded before import = 0Number of asset objects unloaded after import = 2

========================================================================
Received Import Request.
  Time since last request: 0.011069 seconds.
  path: Assets/audio 1/space_sound/狗叫.wav
  importAddress: Guid(c30fb76f735ecad409c418a20b579db3) Importer(815301076,1909f56bfc062723c751e8b465ee728b)
Start importing Assets/audio 1/space_sound/狗叫.wav using Guid(c30fb76f735ecad409c418a20b579db3) Importer(815301076,1909f56bfc062723c751e8b465ee728b) (PreviewImporter) -> (Import Result ID: '175cf6e6f0944ae87801b86d4caf91da') in 0.0063432 seconds [static and dynamic dependencies]. Details - ImportResultOutputID=6244e6db73cbb0ad34b34df0e1cebc99 DependenciesID=56c667630e6c96fc8dbbdc21c4f10d19 StaticDependenciesID=89a24336d4748d9c6a2657b69579dfa7 
Number of updated asset objects reloaded before import = 0Number of asset objects unloaded after import = 2

========================================================================
Received Import Request.
  Time since last request: 0.000020 seconds.
  path: Assets/audio 1/space_sound/脚步声 泥土碎石.wav
  importAddress: Guid(2490f7dc9bdb08c4dbb72d745409f435) Importer(815301076,1909f56bfc062723c751e8b465ee728b)
Start importing Assets/audio 1/space_sound/脚步声 泥土碎石.wav using Guid(2490f7dc9bdb08c4dbb72d745409f435) Importer(815301076,1909f56bfc062723c751e8b465ee728b) (PreviewImporter) -> (Import Result ID: 'faf1611a9cf4d61f70e56fbe7fdb239d') in 0.0053485 seconds [static and dynamic dependencies]. Details - ImportResultOutputID=dd3949e9d0590107c2cb6860e1018496 DependenciesID=02af46b60f5607ecf5d3641afdbe9d8f StaticDependenciesID=609277426d97ad1abc26372d2578edab 
Number of updated asset objects reloaded before import = 0Number of asset objects unloaded after import = 2

========================================================================
Received Import Request.
  Time since last request: 0.000029 seconds.
  path: Assets/audio 1/space_sound/风声乌鸦声 氛围感强但有车声.mp3
  importAddress: Guid(c143927117f0e864aabde1cac18cdb8a) Importer(815301076,1909f56bfc062723c751e8b465ee728b)
Start importing Assets/audio 1/space_sound/风声乌鸦声 氛围感强但有车声.mp3 using Guid(c143927117f0e864aabde1cac18cdb8a) Importer(815301076,1909f56bfc062723c751e8b465ee728b) (PreviewImporter) -> (Import Result ID: 'b01b732c75efbc1d0de25f8217c13b55') in 0.0060853 seconds [static and dynamic dependencies]. Details - ImportResultOutputID=9d7f8a1a4cf25e2aa83b2e4a0e1df61d DependenciesID=3a5240b069f000a5f630dbcb29b9a707 StaticDependenciesID=d121eadff818422bb59e94945a2422aa 
Number of updated asset objects reloaded before import = 0Number of asset objects unloaded after import = 2

========================================================================
Received Import Request.
  Time since last request: 0.769046 seconds.
  path: Assets/audio 1/tomb/1低频音1分20.wav
  importAddress: Guid(db6facf32dc00294180ca29e2efec60b) Importer(815301076,1909f56bfc062723c751e8b465ee728b)
Start importing Assets/audio 1/tomb/1低频音1分20.wav using Guid(db6facf32dc00294180ca29e2efec60b) Importer(815301076,1909f56bfc062723c751e8b465ee728b) (PreviewImporter) -> (Import Result ID: '6fd6500ed10d9349c12c39cabd54a272') in 0.0072048 seconds [static and dynamic dependencies]. Details - ImportResultOutputID=6ebe2ad2a79a6f758b0335bbed0ac671 DependenciesID=eec245a054b08c3e625c9c193ad3535b StaticDependenciesID=0c4899bc6b1e3a3ab59f6fb0d322dc7d 
Number of updated asset objects reloaded before import = 0Number of asset objects unloaded after import = 2

========================================================================
Received Import Request.
  Time since last request: 0.000021 seconds.
  path: Assets/audio 1/tomb/7数量少轻 坠落.wav
  importAddress: Guid(6315f1bd7e9b4b548b838b516daa6359) Importer(815301076,1909f56bfc062723c751e8b465ee728b)
Start importing Assets/audio 1/tomb/7数量少轻 坠落.wav using Guid(6315f1bd7e9b4b548b838b516daa6359) Importer(815301076,1909f56bfc062723c751e8b465ee728b) (PreviewImporter) -> (Import Result ID: '14234a4e2d3e8b7fe4f1177ee2640f19') in 0.0075982 seconds [static and dynamic dependencies]. Details - ImportResultOutputID=0c3574ec29af705f583643f8d4187faf DependenciesID=28132743a63375fbd21a8b92b5d76c13 StaticDependenciesID=f5ced972cff7f09d11a736991ca2c1cd 
Number of updated asset objects reloaded before import = 0Number of asset objects unloaded after import = 2

========================================================================
Received Import Request.
  Time since last request: 10.229554 seconds.
  path: Assets/Scenes/SampleScene.unity
  importAddress: Guid(99c9720ab356a0642a771bea13969a05) Importer(815301076,1909f56bfc062723c751e8b465ee728b)
Start importing Assets/Scenes/SampleScene.unity using Guid(99c9720ab356a0642a771bea13969a05) Importer(815301076,1909f56bfc062723c751e8b465ee728b) (PreviewImporter) -> (Import Result ID: 'c2d7c396a9aba9bbdc981e95df97272a') in 0.000651 seconds [static and dynamic dependencies]. Details - ImportResultOutputID=f3af80aa444126da7ef9e80fc4827f87 DependenciesID=45c65eaf14d1fd90f493a66f61a85ee8 StaticDependenciesID=89ac21596f3f4696901a8a9a0c69dac6 
Number of updated asset objects reloaded before import = 0Number of asset objects unloaded after import = 0

========================================================================
Received Import Request.
  Time since last request: 2.454961 seconds.
  path: Assets/Scenes/tomb1.unity
  importAddress: Guid(5104e6740f8e9704dbc8fabd653e146d) Importer(2089858483,e11c23a36db5f54750b8cd40eac0985b)
Start importing Assets/Scenes/tomb1.unity using Guid(5104e6740f8e9704dbc8fabd653e146d) Importer(2089858483,e11c23a36db5f54750b8cd40eac0985b) (ScriptedImporter)Opening scene 'Assets/Scenes/tomb1.unity additively'
d3d12: upload buffer was too small for the requested resource! Size: 16777216. Requested: 17014704.
d3d12: upload buffer was too small for the requested resource! Size: 17825792. Requested: 34584096.
Loaded scene 'Assets/Scenes/tomb1.unity'
	Deserialize:            36.746 ms
	Integration:            65175.730 ms
	Integration of assets:  1.286 ms
	Thread Wait Time:       0.000 ms
	Total Operation Time:   65213.762 ms
 -> (Import Result ID: '4ade4aa3418ce25ee96a8681df98ae28') in 66.00372179999999 seconds [static and dynamic dependencies]. Details - ImportResultOutputID=b608a8db0dde9db7d1bab48ee69f25a2 DependenciesID=f067ce26db49321b0e8d45740fcb1391 StaticDependenciesID=8b91c1b454fcc1a580a0d791dd74df25 
Number of updated asset objects reloaded before import = 0Number of asset objects unloaded after import = 994

========================================================================
Received Import Request.
  Time since last request: 140.578058 seconds.
  path: Assets/Scenes/tomb1 1.unity
  importAddress: Guid(bace8eb61f105ad4e92ee5bf8ab7666b) Importer(815301076,1909f56bfc062723c751e8b465ee728b)
Start importing Assets/Scenes/tomb1 1.unity using Guid(bace8eb61f105ad4e92ee5bf8ab7666b) Importer(815301076,1909f56bfc062723c751e8b465ee728b) (PreviewImporter) -> (Import Result ID: '97195492d425f35a0c0f76a497bc6ebb') in 0.0009937 seconds [static and dynamic dependencies]. Details - ImportResultOutputID=b1b7968adf6fdd85931b2276a240e287 DependenciesID=eb9b7194ec6c48a5446d4a2b6d54d7bc StaticDependenciesID=cfcd67c76e4bc9d3020915ad5d2747d4 
Number of updated asset objects reloaded before import = 0Number of asset objects unloaded after import = 0

========================================================================
Received Import Request.
  Time since last request: 0.924404 seconds.
  path: Assets/Scenes/tomb1 1.unity
  importAddress: Guid(bace8eb61f105ad4e92ee5bf8ab7666b) Importer(2089858483,e11c23a36db5f54750b8cd40eac0985b)
Start importing Assets/Scenes/tomb1 1.unity using Guid(bace8eb61f105ad4e92ee5bf8ab7666b) Importer(2089858483,e11c23a36db5f54750b8cd40eac0985b) (ScriptedImporter)Opening scene 'Assets/Scenes/tomb1 1.unity additively'
Loaded scene 'Assets/Scenes/tomb1 1.unity'
	Deserialize:            12.665 ms
	Integration:            69532.328 ms
	Integration of assets:  0.826 ms
	Thread Wait Time:       0.008 ms
	Total Operation Time:   69545.828 ms
 -> (Import Result ID: '020e65f0defbe2989e4a70040ab5ad6c') in 70.0015387 seconds [static and dynamic dependencies]. Details - ImportResultOutputID=10151318bbc62825142d4420136d8886 DependenciesID=2753ec3a60218409e58f5560c557148f StaticDependenciesID=e9aedc062b60448bfccc0c20cce7d491 
Number of updated asset objects reloaded before import = 0Number of asset objects unloaded after import = 994

========================================================================
Received Import Request.
  Time since last request: 17.460885 seconds.
  path: Assets/Scenes/shenmiao.unity
  importAddress: Guid(88778f5a972e83442bcf70bfb68ec8e1) Importer(815301076,1909f56bfc062723c751e8b465ee728b)
Start importing Assets/Scenes/shenmiao.unity using Guid(88778f5a972e83442bcf70bfb68ec8e1) Importer(815301076,1909f56bfc062723c751e8b465ee728b) (PreviewImporter) -> (Import Result ID: '16fc9f4837c96ecfa972789585df617d') in 0.0012703 seconds [static and dynamic dependencies]. Details - ImportResultOutputID=dd534619cda36c3ec7d40cb80148e1e4 DependenciesID=4169fe8343100de3dc5af2f3306a471d StaticDependenciesID=1a0229d9b2ddeb637f2f02f54fc2e5a9 
Number of updated asset objects reloaded before import = 0Number of asset objects unloaded after import = 0

========================================================================
Received Import Request.
  Time since last request: 146.099627 seconds.
  path: Assets/Scenes/tomb1 1.unity
  importAddress: Guid(bace8eb61f105ad4e92ee5bf8ab7666b) Importer(2089858483,e11c23a36db5f54750b8cd40eac0985b)
Start importing Assets/Scenes/tomb1 1.unity using Guid(bace8eb61f105ad4e92ee5bf8ab7666b) Importer(2089858483,e11c23a36db5f54750b8cd40eac0985b) (ScriptedImporter)Opening scene 'Assets/Scenes/tomb1 1.unity additively'
Loaded scene 'Assets/Scenes/tomb1 1.unity'
	Deserialize:            15.743 ms
	Integration:            62344.988 ms
	Integration of assets:  1.219 ms
	Thread Wait Time:       0.320 ms
	Total Operation Time:   62362.270 ms
 -> (Import Result ID: 'c64138a02a45bc3f323011802f71e145') in 62.7767648 seconds [static and dynamic dependencies]. Details - ImportResultOutputID=cc05da2b06271354b1c019c268deca80 DependenciesID=351d7f5906c5b7cb2a6cbb6a9442f4ad StaticDependenciesID=320aa19484a898b53afd073baad7d7ae 
Number of updated asset objects reloaded before import = 0Number of asset objects unloaded after import = 456

========================================================================
Received Import Request.
  Time since last request: 74.977059 seconds.
  path: Assets/Scenes/tomb1 1.unity
  importAddress: Guid(bace8eb61f105ad4e92ee5bf8ab7666b) Importer(2089858483,e11c23a36db5f54750b8cd40eac0985b)
Start importing Assets/Scenes/tomb1 1.unity using Guid(bace8eb61f105ad4e92ee5bf8ab7666b) Importer(2089858483,e11c23a36db5f54750b8cd40eac0985b) (ScriptedImporter)Opening scene 'Assets/Scenes/tomb1 1.unity additively'
Loaded scene 'Assets/Scenes/tomb1 1.unity'
	Deserialize:            13.111 ms
	Integration:            69931.320 ms
	Integration of assets:  0.855 ms
	Thread Wait Time:       0.016 ms
	Total Operation Time:   69945.297 ms
 -> (Import Result ID: 'dc20b3a897b21d0e6144839d0a22edb3') in 70.233997 seconds [static and dynamic dependencies]. Details - ImportResultOutputID=20ef0d49efeb88cc2edebaace902504a DependenciesID=c72255d61113c891bf5573ea01216950 StaticDependenciesID=6d6451ca7579facf67b230e1e0c61a66 
Number of updated asset objects reloaded before import = 0Number of asset objects unloaded after import = 453

========================================================================
Received Import Request.
  Time since last request: 97.564714 seconds.
  path: Assets/Scenes/tomb1 1.unity
  importAddress: Guid(bace8eb61f105ad4e92ee5bf8ab7666b) Importer(2089858483,e11c23a36db5f54750b8cd40eac0985b)
Start importing Assets/Scenes/tomb1 1.unity using Guid(bace8eb61f105ad4e92ee5bf8ab7666b) Importer(2089858483,e11c23a36db5f54750b8cd40eac0985b) (ScriptedImporter)Opening scene 'Assets/Scenes/tomb1 1.unity additively'
Loaded scene 'Assets/Scenes/tomb1 1.unity'
	Deserialize:            9.075 ms
	Integration:            13.768 ms
	Integration of assets:  0.937 ms
	Thread Wait Time:       0.012 ms
	Total Operation Time:   23.792 ms
 -> (Import Result ID: '9dadc23726bb4d139e97e39d33f5a04f') in 0.1622119 seconds [static and dynamic dependencies]. Details - ImportResultOutputID=87938e20ebee7c8f77f8379a3c85f979 DependenciesID=343ffa053b01f8ef34f8d90bf3f59e34 StaticDependenciesID=1308f40bf1bec09b1029cc8a98ce9d72 
Number of updated asset objects reloaded before import = 0Number of asset objects unloaded after import = 381

========================================================================
Received Import Request.
  Time since last request: 2.538474 seconds.
  path: Assets/Scenes/tomb1 1.unity
  importAddress: Guid(bace8eb61f105ad4e92ee5bf8ab7666b) Importer(815301076,1909f56bfc062723c751e8b465ee728b)
Start importing Assets/Scenes/tomb1 1.unity using Guid(bace8eb61f105ad4e92ee5bf8ab7666b) Importer(815301076,1909f56bfc062723c751e8b465ee728b) (PreviewImporter) -> (Import Result ID: '3013c1a19b95d373212b20e43b08e4ed') in 0.0008955 seconds [static and dynamic dependencies]. Details - ImportResultOutputID=b1b7968adf6fdd85931b2276a240e287 DependenciesID=ac6d0b7dc4ac7aef1d44a5d8a465a742 StaticDependenciesID=b9d8573e5bc4aa9b72d8a8361f69cbee 
Number of updated asset objects reloaded before import = 0Number of asset objects unloaded after import = 0

========================================================================
Received Import Request.
  Time since last request: 69.874322 seconds.
  path: Assets/Scenes/tomb1
  importAddress: Guid(677a4c5586da4364086e92a8bd291a09) Importer(815301076,1909f56bfc062723c751e8b465ee728b)
Start importing Assets/Scenes/tomb1 using Guid(677a4c5586da4364086e92a8bd291a09) Importer(815301076,1909f56bfc062723c751e8b465ee728b) (PreviewImporter) -> (Import Result ID: 'c11a1eb3a3b5e1c56ca293c2c3724e78') in 0.0007924 seconds [static and dynamic dependencies]. Details - ImportResultOutputID=cfcfdaa1a23625871a1bb6efcc025bca DependenciesID=500e640e86412620683c8cd114697f17 StaticDependenciesID=ff3545bc148118532e8c5abea5fb0f3c 
Number of updated asset objects reloaded before import = 0Number of asset objects unloaded after import = 0

========================================================================
Received Import Request.
  Time since last request: 174.820024 seconds.
  path: Assets/Scenes/tomb1 1.unity
  importAddress: Guid(d8016d57f9a708341ad5c3aa0aecaa5a) Importer(815301076,1909f56bfc062723c751e8b465ee728b)
Start importing Assets/Scenes/tomb1 1.unity using Guid(d8016d57f9a708341ad5c3aa0aecaa5a) Importer(815301076,1909f56bfc062723c751e8b465ee728b) (PreviewImporter) -> (Import Result ID: '0f3a55d5b04b57e74e623088bd3bd5aa') in 0.0008181 seconds [static and dynamic dependencies]. Details - ImportResultOutputID=1196f426794156224ea2cf30ac0f1736 DependenciesID=ba88f1d4fb2c756267f9e3b6be5fe4e4 StaticDependenciesID=2d1df0fe8f271de52588e1ad68521522 
Number of updated asset objects reloaded before import = 0Number of asset objects unloaded after import = 0

========================================================================
Received Import Request.
  Time since last request: 0.930062 seconds.
  path: Assets/Scenes/tomb1 1.unity
  importAddress: Guid(d8016d57f9a708341ad5c3aa0aecaa5a) Importer(2089858483,e11c23a36db5f54750b8cd40eac0985b)
Start importing Assets/Scenes/tomb1 1.unity using Guid(d8016d57f9a708341ad5c3aa0aecaa5a) Importer(2089858483,e11c23a36db5f54750b8cd40eac0985b) (ScriptedImporter)Opening scene 'Assets/Scenes/tomb1 1.unity additively'
Problem detected while opening the Scene file: 'Assets/Scenes/tomb1 1.unity'.
Check the following logs for more details.
UnityEngine.Debug:ExtractStackTraceNoAlloc (byte*,int,string)
UnityEngine.StackTraceUtility:ExtractStackTrace ()
UnityEditor.SceneManagement.EditorSceneManager:OpenScene (string,UnityEditor.SceneManagement.OpenSceneMode)
UnityEditor.Search.AssetIndexer:IndexScene (string,bool)
UnityEditor.Search.AssetIndexer:IndexSceneDocument (string,bool)
UnityEditor.Search.AssetIndexer:IndexDocument (string,bool)
UnityEditor.Search.SearchIndexArtifactImporter:OnImportAsset (UnityEditor.AssetImporters.AssetImportContext)
UnityEditor.AssetImporters.ScriptedImporter:GenerateAssetData (UnityEditor.AssetImporters.AssetImportContext)

[C:\build\output\unity\unity\Runtime\PreloadManager\LoadSceneOperation.cpp line 839]

Prefab instance problem. Missing Prefab Asset: 'tomb1 (Missing Prefab with guid: 589117fb677d81448bff3275eacb2d08)'
UnityEngine.Debug:ExtractStackTraceNoAlloc (byte*,int,string)
UnityEngine.StackTraceUtility:ExtractStackTrace ()
UnityEditor.SceneManagement.EditorSceneManager:OpenScene (string,UnityEditor.SceneManagement.OpenSceneMode)
UnityEditor.Search.AssetIndexer:IndexScene (string,bool)
UnityEditor.Search.AssetIndexer:IndexSceneDocument (string,bool)
UnityEditor.Search.AssetIndexer:IndexDocument (string,bool)
UnityEditor.Search.SearchIndexArtifactImporter:OnImportAsset (UnityEditor.AssetImporters.AssetImportContext)
UnityEditor.AssetImporters.ScriptedImporter:GenerateAssetData (UnityEditor.AssetImporters.AssetImportContext)

[C:\build\output\unity\unity\Runtime\BaseClasses\ErrorsAndWarningsCapture.cpp line 66]

Loaded scene 'Assets/Scenes/tomb1 1.unity'
	Deserialize:            12.594 ms
	Integration:            60063.082 ms
	Integration of assets:  1.066 ms
	Thread Wait Time:       0.016 ms
	Total Operation Time:   60076.758 ms
 -> (Import Result ID: '423d7f3cb1de3378d33f42dcf05ee2ea') in 60.2847702 seconds [static and dynamic dependencies]. Details - ImportResultOutputID=de485b364466239abfd1c8a69d64606c DependenciesID=6ec308d47d7adf8634ec0fd8c0596f09 StaticDependenciesID=1072b6138732952a2c95d2d8a464b8f2 
Number of updated asset objects reloaded before import = 0Number of asset objects unloaded after import = 458

========================================================================
Received Import Request.
  Time since last request: 5.956704 seconds.
  path: Assets/materials/Meshy_AI_Bronze_Ritual_Vessel__0731180908_texture_fbx/Meshy_AI_Bronze_Ritual_Vessel__0731180908_texture.png
  importAddress: Guid(7343c5f2747b23f49b4a8542a10c47fd) Importer(815301076,1909f56bfc062723c751e8b465ee728b)
Start importing Assets/materials/Meshy_AI_Bronze_Ritual_Vessel__0731180908_texture_fbx/Meshy_AI_Bronze_Ritual_Vessel__0731180908_texture.png using Guid(7343c5f2747b23f49b4a8542a10c47fd) Importer(815301076,1909f56bfc062723c751e8b465ee728b) (PreviewImporter) -> (Import Result ID: '74cbc66d0d86bb67201606b662e69355') in 0.0095981 seconds [static and dynamic dependencies]. Details - ImportResultOutputID=c98e316fa949fda2742d7ff9a93f06c6 DependenciesID=ccb26f0fa663391ec87e43bb5f129e8e StaticDependenciesID=acb6ba0f2032afc720ab5b80d20ff35c 
Number of updated asset objects reloaded before import = 0Number of asset objects unloaded after import = 2

========================================================================
Received Import Request.
  Time since last request: 1.623914 seconds.
  path: Assets/materials/Materials/Meshy_AI_Ritual_bronze_ding_0703085930_texture_emission.mat
  importAddress: Guid(9c18027826a9cc4499ec1758a6fb8a65) Importer(815301076,1909f56bfc062723c751e8b465ee728b)
Start importing Assets/materials/Materials/Meshy_AI_Ritual_bronze_ding_0703085930_texture_emission.mat using Guid(9c18027826a9cc4499ec1758a6fb8a65) Importer(815301076,1909f56bfc062723c751e8b465ee728b) (PreviewImporter) -> (Import Result ID: '4066093bd6f06a6c78b0e3edf32afdfd') in 0.3226073 seconds [static and dynamic dependencies]. Details - ImportResultOutputID=aae943e470a9e182319acbeb3c4252f3 DependenciesID=aaabc83f2621b2c4d2a40517da10d66b StaticDependenciesID=58a05571d5db42446cc056f46c90a54f 
Number of updated asset objects reloaded before import = 0Number of asset objects unloaded after import = 2

========================================================================
Received Import Request.
  Time since last request: 79.311205 seconds.
  path: Assets/tomb1.fbx
  importAddress: Guid(5d0b3cef2eb5c3349ab517ce17da1119) Importer(2089858483,b0f066a214c2f5e87bad3c948f4d605d)
Start importing Assets/tomb1.fbx using Guid(5d0b3cef2eb5c3349ab517ce17da1119) Importer(2089858483,b0f066a214c2f5e87bad3c948f4d605d) (ScriptedImporter) -> (Import Result ID: 'a79ee76275f6614aff34afc8822c16d1') in 0.275113 seconds [static and dynamic dependencies]. Details - ImportResultOutputID=432c7c1c1dfb47f8227cac429d78adab DependenciesID=8a9626b1bca73cdffb3f976203513e57 StaticDependenciesID=37830ea87f3dd39457143e7c15bdae8d 
Number of updated asset objects reloaded before import = 0Number of asset objects unloaded after import = 610

========================================================================
Received Import Request.
  Time since last request: 4.444486 seconds.
  path: Assets/Samples/XR Interaction Toolkit/3.2.1/Starter Assets/Prefabs/Interactors/Direct Interactor.prefab
  importAddress: Guid(2fd3e07afe5b461490fb8e314976b1b0) Importer(815301076,1909f56bfc062723c751e8b465ee728b)
Start importing Assets/Samples/XR Interaction Toolkit/3.2.1/Starter Assets/Prefabs/Interactors/Direct Interactor.prefab using Guid(2fd3e07afe5b461490fb8e314976b1b0) Importer(815301076,1909f56bfc062723c751e8b465ee728b) (PreviewImporter) -> (Import Result ID: '800e902c1f50172becaa8ebf575f315a') in 0.006299 seconds [static and dynamic dependencies]. Details - ImportResultOutputID=eae5ddc3711e5a7f5da19e7c71768088 DependenciesID=edc0aedaa3379bc1eecd4232a1d6d86f StaticDependenciesID=0cb03a2c4a32a30248d875b6067ee6f0 
Number of updated asset objects reloaded before import = 0Number of asset objects unloaded after import = 7

========================================================================
Received Import Request.
  Time since last request: 0.000029 seconds.
  path: Assets/SunboxGames/ModularDungeonCaves/Prefabs/Rocks/Dripstone_04.prefab
  importAddress: Guid(a7c5bfdb4537ec948822531e02bea24f) Importer(815301076,1909f56bfc062723c751e8b465ee728b)
Start importing Assets/SunboxGames/ModularDungeonCaves/Prefabs/Rocks/Dripstone_04.prefab using Guid(a7c5bfdb4537ec948822531e02bea24f) Importer(815301076,1909f56bfc062723c751e8b465ee728b) (PreviewImporter) -> (Import Result ID: '2ace34113e7fa7d63acca59cddc02c27') in 0.050884 seconds [static and dynamic dependencies]. Details - ImportResultOutputID=107ee3f4d8448e043414f6fb5adaed93 DependenciesID=fef00b9530ab57aa945943e56bf81b74 StaticDependenciesID=6b60057b51267488e5a97150be3d860f 
Number of updated asset objects reloaded before import = 0Number of asset objects unloaded after import = 13

========================================================================
Received Import Request.
  Time since last request: 0.000045 seconds.
  path: Assets/Samples/XR Interaction Toolkit/3.2.1/Starter Assets/DemoSceneAssets/Prefabs/UI/Icon Button.prefab
  importAddress: Guid(56686f82f64b0af4688a89676403a500) Importer(815301076,1909f56bfc062723c751e8b465ee728b)
Start importing Assets/Samples/XR Interaction Toolkit/3.2.1/Starter Assets/DemoSceneAssets/Prefabs/UI/Icon Button.prefab using Guid(56686f82f64b0af4688a89676403a500) Importer(815301076,1909f56bfc062723c751e8b465ee728b) (PreviewImporter) -> (Import Result ID: '506285b6a7e84001901a09b2514147ce') in 0.00707 seconds [static and dynamic dependencies]. Details - ImportResultOutputID=d686078624aa0254d7a617338ed7ff9f DependenciesID=d7319937a6f50b73c31ada50b1a6cbe2 StaticDependenciesID=737b7c15937b83c1822a27344df44149 
Number of updated asset objects reloaded before import = 0Number of asset objects unloaded after import = 24

========================================================================
Received Import Request.
  Time since last request: 0.000029 seconds.
  path: Assets/Samples/XR Interaction Toolkit/3.2.1/Starter Assets/Prefabs/Interactors/Gaze Interactor.prefab
  importAddress: Guid(b84cd05e1160fe34cab2585022c8cd99) Importer(815301076,1909f56bfc062723c751e8b465ee728b)
Start importing Assets/Samples/XR Interaction Toolkit/3.2.1/Starter Assets/Prefabs/Interactors/Gaze Interactor.prefab using Guid(b84cd05e1160fe34cab2585022c8cd99) Importer(815301076,1909f56bfc062723c751e8b465ee728b) (PreviewImporter) -> (Import Result ID: 'c5d5e59881d0652b4f8f9d228a40a511') in 0.0068803 seconds [static and dynamic dependencies]. Details - ImportResultOutputID=8d9d4a3200ac2d9a50b6c5f349e7cc71 DependenciesID=5e3c0b9101979aeea35cfe012f6b219d StaticDependenciesID=874d4da332320aded44e6d56693a2339 
Number of updated asset objects reloaded before import = 0Number of asset objects unloaded after import = 11

========================================================================
Received Import Request.
  Time since last request: 0.000030 seconds.
  path: Assets/SunboxGames/ModularDungeonCaves/Prefabs/Rocks/Dripstone_02.prefab
  importAddress: Guid(7cb400e5adf4bcc46b3487d67217fe73) Importer(815301076,1909f56bfc062723c751e8b465ee728b)
Start importing Assets/SunboxGames/ModularDungeonCaves/Prefabs/Rocks/Dripstone_02.prefab using Guid(7cb400e5adf4bcc46b3487d67217fe73) Importer(815301076,1909f56bfc062723c751e8b465ee728b) (PreviewImporter) -> (Import Result ID: 'ee116598022a80fa51cbb670c014c2eb') in 0.0429556 seconds [static and dynamic dependencies]. Details - ImportResultOutputID=4f617273605e2d5534acdb0d62de4fcf DependenciesID=cf8c512efba628e31886f16bfa404079 StaticDependenciesID=838d18c45d46b0507486f1308210fb23 
Number of updated asset objects reloaded before import = 0Number of asset objects unloaded after import = 13

========================================================================
Received Import Request.
  Time since last request: 0.000047 seconds.
  path: Assets/SunboxGames/ModularDungeonCaves/Prefabs/Rocks/Dripstone_03.prefab
  importAddress: Guid(01cfb7d3901241a49b2bda1464bea868) Importer(815301076,1909f56bfc062723c751e8b465ee728b)
Start importing Assets/SunboxGames/ModularDungeonCaves/Prefabs/Rocks/Dripstone_03.prefab using Guid(01cfb7d3901241a49b2bda1464bea868) Importer(815301076,1909f56bfc062723c751e8b465ee728b) (PreviewImporter) -> (Import Result ID: 'fa7f41c578b910567faaf5bf860da992') in 0.0440557 seconds [static and dynamic dependencies]. Details - ImportResultOutputID=9493d7162f2fdd88d287061c1c1f3fa2 DependenciesID=a98d7878a2a82c9606ebed49e834b635 StaticDependenciesID=6965746ce88c02f42edf82e948bdd9ae 
Number of updated asset objects reloaded before import = 0Number of asset objects unloaded after import = 13

========================================================================
Received Import Request.
  Time since last request: 0.000038 seconds.
  path: Assets/fog/Demo Assets/Unity Companion License/Particle Pack/Prefabs/DustStorm.prefab
  importAddress: Guid(9e03786a9517b604d8e930182607a128) Importer(815301076,1909f56bfc062723c751e8b465ee728b)
Start importing Assets/fog/Demo Assets/Unity Companion License/Particle Pack/Prefabs/DustStorm.prefab using Guid(9e03786a9517b604d8e930182607a128) Importer(815301076,1909f56bfc062723c751e8b465ee728b) (PreviewImporter) -> (Import Result ID: '4ee6cbfdd7b944b8d7099f2e5de36dcf') in 0.0226193 seconds [static and dynamic dependencies]. Details - ImportResultOutputID=f7fc43a47261cca933c77b1e5699f174 DependenciesID=9d319d7ca3d71d2db85b03b37bd7d02c StaticDependenciesID=3e41ca9802b8abec785b36a9dbf5042a 
Number of updated asset objects reloaded before import = 0Number of asset objects unloaded after import = 14

========================================================================
Received Import Request.
  Time since last request: 0.271079 seconds.
  path: Assets/tomb1.fbx
  importAddress: Guid(5d0b3cef2eb5c3349ab517ce17da1119) Importer(815301076,1909f56bfc062723c751e8b465ee728b)
Start importing Assets/tomb1.fbx using Guid(5d0b3cef2eb5c3349ab517ce17da1119) Importer(815301076,1909f56bfc062723c751e8b465ee728b) (PreviewImporter) -> (Import Result ID: '2f7e05ca62959894eeb477167e03d4c2') in 1.997143 seconds [static and dynamic dependencies]. Details - ImportResultOutputID=e08e6a2ca761e085d45a7d99430f1232 DependenciesID=4983a10780abb89383e4365e5089d1ca StaticDependenciesID=cafab4a1ac0573ea63478039fac251b6 
Number of updated asset objects reloaded before import = 0Number of asset objects unloaded after import = 610

========================================================================
Received Import Request.
  Time since last request: 48.763788 seconds.
  path: Assets/Samples/XR Interaction Toolkit/3.2.1/Starter Assets/Prefabs/XR Origin (XR Rig).prefab
  importAddress: Guid(f6336ac4ac8b4d34bc5072418cdc62a0) Importer(815301076,1909f56bfc062723c751e8b465ee728b)
Start importing Assets/Samples/XR Interaction Toolkit/3.2.1/Starter Assets/Prefabs/XR Origin (XR Rig).prefab using Guid(f6336ac4ac8b4d34bc5072418cdc62a0) Importer(815301076,1909f56bfc062723c751e8b465ee728b) (PreviewImporter) -> (Import Result ID: '6b4250d0603d1303ad855444544bc8f2') in 0.3863557 seconds [static and dynamic dependencies]. Details - ImportResultOutputID=8b3195e1311a4be4a4b79950303fe42a DependenciesID=0ca46695f883818410431f9e111f87c3 StaticDependenciesID=415bac6e183f8ce9f4ef119be71d9b4e 
Number of updated asset objects reloaded before import = 0Number of asset objects unloaded after import = 549

========================================================================
Received Import Request.
  Time since last request: 0.000032 seconds.
  path: Assets/Samples/XR Interaction Toolkit/3.2.1/Starter Assets/Prefabs/Controllers/XR Controller Right.prefab
  importAddress: Guid(9f3369e30fbd31f4bb596b1a99babe83) Importer(815301076,1909f56bfc062723c751e8b465ee728b)
Start importing Assets/Samples/XR Interaction Toolkit/3.2.1/Starter Assets/Prefabs/Controllers/XR Controller Right.prefab using Guid(9f3369e30fbd31f4bb596b1a99babe83) Importer(815301076,1909f56bfc062723c751e8b465ee728b) (PreviewImporter) -> (Import Result ID: '9adeb4f361a4aa9919be80544c72db3e') in 0.0127647 seconds [static and dynamic dependencies]. Details - ImportResultOutputID=ef543b6ca244eea7ba7551c96abca7a2 DependenciesID=07f4e8157a4dc481a51c5336a866abe6 StaticDependenciesID=607aef3f9e1723a479489a56a0c6035e 
Number of updated asset objects reloaded before import = 0Number of asset objects unloaded after import = 61

========================================================================
Received Import Request.
  Time since last request: 2.315119 seconds.
  path: Assets/Ian's Fire Pack Universal/_URP Specific/Prefabs/Torch URP.prefab
  importAddress: Guid(676873420440d4ea284d3316a44f5516) Importer(815301076,1909f56bfc062723c751e8b465ee728b)
Start importing Assets/Ian's Fire Pack Universal/_URP Specific/Prefabs/Torch URP.prefab using Guid(676873420440d4ea284d3316a44f5516) Importer(815301076,1909f56bfc062723c751e8b465ee728b) (PreviewImporter) -> (Import Result ID: '004f946f48d30e5b513becd4ce63dcbc') in 0.0336467 seconds [static and dynamic dependencies]. Details - ImportResultOutputID=e5db2968409706e5de010245529c9235 DependenciesID=b4108ef29d43424bd762bc457e2572da StaticDependenciesID=e58ebf0ae6713178210458465a72cc81 
Number of updated asset objects reloaded before import = 0Number of asset objects unloaded after import = 44

Editor requested this worker to shutdown with reason: Scaling down because of idle timeout
AssetImportWorker is now disconnected from the server
Process exiting
Exiting without the bug reporter. Application will terminate with return code 0